05-29 10:42:49.115 29654 29747 W fb4a.EndToEndAnalyticsEventListener: WRITE_ANALYTICS_TO_LOGCAT = null, EndToEnd.isRunningEndToEndTest() = false
05-29 10:42:49.115 29654 29762 W fb4a.AppInitScheduler|Run:   Finished StartupQPLInit in 4ms
05-29 10:42:49.115 29654 29762 W fb4a.AppInitScheduler|Run: Running FeedGraphServicesTreeShapeCacheWarmer
05-29 10:42:49.116 29654 29762 W fb4a.AppInitScheduler|Run:   Finished FeedGraphServicesTreeShapeCacheWarmer in 0ms
05-29 10:42:49.116 29654 29762 W fb4a.AppInitScheduler|Run: Running FixieNoSync
05-29 10:42:49.116 29654 29762 W fb4a.AppInitScheduler|Run:   Finished FixieNoSync in 0ms
05-29 10:42:49.116 29654 29762 W fb4a.AppInitScheduler|Run: Running INeedInitForBroadcastReceiverRegister
05-29 10:42:49.116 29654 29746 W fb4a.AppInitScheduler|Run:   Finished FbMsysPostBootstrapListenerRegistrarOnAppInit in 1ms
05-29 10:42:49.116 29654 29746 W fb4a.AppInitScheduler|Run: Running INeedInitForSharedPrefsListenerRegister
05-29 10:42:49.117 29811 29811 D nativeloader: Configuring clns-4 for other apk /data/app/~~LwKc300OOmjZZtqBY-R1ug==/com.facebook.system-GcQ0k2263mAS7hnLgBK3dA==/base.apk. target_sdk_version=34, uses_libraries=, library_path=/data/app/~~LwKc300OOmjZZtqBY-R1ug==/com.facebook.system-GcQ0k2263mAS7hnLgBK3dA==/lib/arm64, permitted_path=/data:/mnt/expand:/data/user/0/com.facebook.system
05-29 10:42:49.118 29654 29743 W fb4a.AppInitScheduler|Run:   Finished AnalyticsInit in 6ms
05-29 10:42:49.118 29654 29743 W fb4a.AppInitScheduler|Run: Running InitFury
05-29 10:42:49.118 29654 29743 W fb4a.AppInitScheduler|Run:   Finished InitFury in 0ms
05-29 10:42:49.118 29654 29770 W fb4a.AppInitScheduler|Run:   Finished Fb4aReactEagerInitHotMCUnpacker in 6ms
05-29 10:42:49.122 29654 29764 W fb4a.AppInitScheduler|Run:   Finished FbMCPPluginInitializer in 80ms
05-29 10:42:49.124 29654 29746 W fb4a.AppInitScheduler|Run:   Finished INeedInitForSharedPrefsListenerRegister in 8ms
05-29 10:42:49.124 29654 29746 W fb4a.AppInitScheduler|Run: Running InitHelium
05-29 10:42:49.125 29654 29746 W fb4a.AppInitScheduler|Run:   Finished InitHelium in 0ms
05-29 10:42:49.125 29654 29746 W fb4a.AppInitScheduler|Run: Running InitMemoryDumpHandler
05-29 10:42:49.125 29654 29746 W fb4a.AppInitScheduler|Run:   Finished InitMemoryDumpHandler in 0ms
05-29 10:42:49.125 29654 29746 W fb4a.AppInitScheduler|Run: Running InstrumentPthreadKeyCreate
05-29 10:42:49.125 29654 29746 W fb4a.AppInitScheduler|Run:   Finished InstrumentPthreadKeyCreate in 0ms
05-29 10:42:49.125 29654 29746 W fb4a.AppInitScheduler|Run: Running LocationRequestDetector
05-29 10:42:49.125 29654 29746 W fb4a.AppInitScheduler|Run:   Finished LocationRequestDetector in 0ms
05-29 10:42:49.125 29654 29746 W fb4a.AppInitScheduler|Run: Running MobileConfigStartupAudit
05-29 10:42:49.125 29654 29746 W fb4a.AppInitScheduler|Run:   Finished MobileConfigStartupAudit in 0ms
05-29 10:42:49.125 29654 29746 W fb4a.AppInitScheduler|Run: Running PendingStoryStoreInitializer
05-29 10:42:49.125 29654 29746 W fb4a.AppInitScheduler|Run:   Finished PendingStoryStoreInitializer in 0ms
05-29 10:42:49.125 29654 29746 W fb4a.AppInitScheduler|Run: Running ProfiloBridgeFactoryImpl
05-29 10:42:49.126 29654 29746 W Profilo/TraceControl: START PROFILO_TRACEID: F9PWsc5tvxV
05-29 10:42:49.128 29654 29762 W fb4a.AppInitScheduler|Run:   Finished INeedInitForBroadcastReceiverRegister in 12ms
05-29 10:42:49.128 29654 29762 W fb4a.AppInitScheduler|Run: Running ReliabilityUserPerceptibleScopeToQPL
05-29 10:42:49.128 29654 29762 W fb4a.AppInitScheduler|Run:   Finished ReliabilityUserPerceptibleScopeToQPL in 0ms
05-29 10:42:49.128 29654 29762 W fb4a.AppInitScheduler|Run: Running TransientNetworkTraceEarlyInit
05-29 10:42:49.128 29654 29762 W fb4a.AppInitScheduler|Run:   Finished TransientNetworkTraceEarlyInit in 0ms
05-29 10:42:49.128 29654 29762 W fb4a.AppInitScheduler|Run: Running WarmFacebookEmojiFont
05-29 10:42:49.128 29654 29762 W fb4a.AppInitScheduler|Run:   Finished WarmFacebookEmojiFont in 0ms
05-29 10:42:49.128 29654 29762 W fb4a.AppInitScheduler|Run: Running LongtailVoltronAppInit
05-29 10:42:49.128 29654 29762 W fb4a.LongtailVoltronAppInit: Non-halfnosis build!
05-29 10:42:49.128 29654 29762 W fb4a.AppInitScheduler|Run:   Finished LongtailVoltronAppInit in 0ms
05-29 10:42:49.128 29654 29762 W fb4a.AppInitScheduler|Run: Running MobileConfigLaterInit
05-29 10:42:49.128 29654 29762 W fb4a.AppInitScheduler|Run:   Finished MobileConfigLaterInit in 1ms
05-29 10:42:49.128 29654 29762 W fb4a.AppInitScheduler|Run: Running PreloadClashManager
05-29 10:42:49.128 29654 29762 W fb4a.MobileConfigFactoryImpl: SESSIONBASED factory used for 1 param
05-29 10:42:49.133 29654 29747 W fb4a.AppInitScheduler|Run:   Finished AnalyticsLoggerInit in 24ms
05-29 10:42:49.134 29654 29849 W fb4a.DefaultNetworkConfig: com.facebook.katana: getShouldCheckCertsInternal: true
05-29 10:42:49.136 29654 29747 W fb4a.AppInitScheduler|Run: Running InitPushLiteSdk [*]
05-29 10:42:49.137 29811 29811 I Perf    : Connecting to perf service.
05-29 10:42:49.141 29699 29828 W ziparchive: Unable to open '/data/user_de/0/com.google.android.gms/app_chimera/m/00000381/DynamiteLoader.uncompressed.dm': No such file or directory
05-29 10:42:49.141 29699 29828 W ziparchive: Unable to open '/data/user_de/0/com.google.android.gms/app_chimera/m/00000381/DynamiteLoader.uncompressed.dm': No such file or directory
05-29 10:42:49.146 29654 29762 W fb4a.AppInitScheduler|Run:   Finished PreloadClashManager in 17ms
05-29 10:42:49.146 29654 29762 W fb4a.AppInitScheduler|Run: Running PreloadWordmark [*]
05-29 10:42:49.147 29811 29811 V GraphicsEnvironment: ANGLE Developer option for 'com.facebook.system' set to: 'default'
05-29 10:42:49.147 29654 29762 W fb4a.AppInitScheduler|Run:   Finished PreloadWordmark in 1ms
05-29 10:42:49.147 29654 29762 W fb4a.AppInitScheduler|Run: Running EagerInitImagePipeline [*]
05-29 10:42:49.148 29811 29811 V GraphicsEnvironment: ANGLE GameManagerService for com.facebook.system: false
05-29 10:42:49.148 29811 29811 V GraphicsEnvironment: Neither updatable production driver nor prerelease driver is supported.
05-29 10:42:49.150 29654 29840 W fb4a.FrscLanguagePackLoader: FRSC English strings buffer size - (limit : 728810, capacity : 728810)
05-29 10:42:49.154 29654 29763 D CACHE_HINTS: Entering madvise file
05-29 10:42:49.154 29654 29763 D CACHE_HINTS: MADVISE_RAND file 0x774b9b9000 3543039 /data/data/com.facebook.katana/app_restricks/layouts.bin
05-29 10:42:49.154 29699 29828 I DynamiteModule: Considering local module com.google.android.gms.ads.dynamite:0 and remote module com.google.android.gms.ads.dynamite:241199801
05-29 10:42:49.154 29699 29828 I DynamiteModule: Selected remote version of com.google.android.gms.ads.dynamite, version >= 241199801
05-29 10:42:49.154 29699 29828 V DynamiteModule: Dynamite loader version >= 2, using loadModule2NoCrashUtils
05-29 10:42:49.157 29654 29747 W fb4a.AppInitScheduler|Run:   Finished InitPushLiteSdk in 22ms
05-29 10:42:49.157 29654 29747 W fb4a.AppInitScheduler|Run: Running AnalyticsLoggerPostInitReplay
05-29 10:42:49.158 29654 29747 W fb4a.AppInitScheduler|Run:   Finished AnalyticsLoggerPostInitReplay in 0ms
05-29 10:42:49.158 29654 29747 W fb4a.AppInitScheduler|Run: Running BloksInitializer
05-29 10:42:49.158 29654 29747 W fb4a.AppInitScheduler|Run:   Finished BloksInitializer in 0ms
05-29 10:42:49.158 29654 29747 W fb4a.AppInitScheduler|Run: Running FbMsysImmediateInitializer
05-29 10:42:49.158 29654 29747 W fb4a.AppInitScheduler|Run:   Finished FbMsysImmediateInitializer in 0ms
05-29 10:42:49.158 29654 29747 W fb4a.AppInitScheduler|Run: Running MessageQueueDoctor
05-29 10:42:49.158 29654 29747 W fb4a.AppInitScheduler|Run:   Finished MessageQueueDoctor in 0ms
05-29 10:42:49.158 29654 29763 W fb4a.AppInitScheduler|Run:   Finished DownloadedFbResources in 46ms
05-29 10:42:49.158 29654 29763 W fb4a.AppInitScheduler|Run: Running PreloadFeedDataLoader
05-29 10:42:49.158 29654 29763 W fb4a.MobileConfigFactoryImpl: SESSIONBASED factory used for 1 param
05-29 10:42:49.158 29654 29747 W fb4a.AppInitScheduler|Run: Running PreloadFeedConfig
05-29 10:42:49.158 29811 29811 I ForceDarkHelperStubImpl: initialize for com.facebook.system , ForceDarkOrigin
05-29 10:42:49.160 29699 29843 I DynamiteModule: Considering local module com.google.android.gms.measurement.dynamite:86 and remote module com.google.android.gms.measurement.dynamite:114
05-29 10:42:49.160 29699 29843 I DynamiteModule: Selected remote version of com.google.android.gms.measurement.dynamite, version >= 114
05-29 10:42:49.160 29699 29843 V DynamiteModule: Dynamite loader version >= 2, using loadModule2NoCrashUtils
05-29 10:42:49.160 29654 29764 W fb4a.AppInitScheduler|Run: Running PreloadFeedFullCacheLoad
05-29 10:42:49.161 29654 29764 W fb4a.MobileConfigFactoryImpl: SESSIONBASED factory used for 1 param
05-29 10:42:49.161 29654 29747 W fb4a.AppInitScheduler|Run:   Finished PreloadFeedConfig in 2ms
05-29 10:42:49.161 29654 29747 W fb4a.AppInitScheduler|Run: Running PreloadFeedRequest
05-29 10:42:49.161 29654 29746 W fb4a.AppInitScheduler|Run:   Finished ProfiloBridgeFactoryImpl in 35ms
05-29 10:42:49.161 29654 29746 W fb4a.AppInitScheduler|Run: Running PreloadFreshFeedRanker
05-29 10:42:49.161 29654 29746 W fb4a.MobileConfigFactoryImpl: SESSIONBASED factory used for 1 param
05-29 10:42:49.163 29699 29699 D WM-WrkMgrInitializer: Initializing WorkManager with default configuration.
05-29 10:42:49.163 29811 29811 D facebook.system: JNI_OnLoad success
05-29 10:42:49.164 29811 29811 I MiuiForceDarkConfig: setConfig density:2.750000, mainRule:0, secondaryRule:0, tertiaryRule:0
05-29 10:42:49.164 29654 29747 W fb4a.AppInitScheduler|Run:   Finished PreloadFeedRequest in 3ms
05-29 10:42:49.164 29654 29747 W fb4a.AppInitScheduler|Run: Running PreloadLogDb
05-29 10:42:49.164 29654 29744 W fb4a.SigquitDetectorLacrima: nativeInit
05-29 10:42:49.164 29654 29747 W fb4a.AppInitScheduler|Run:   Finished PreloadLogDb in 0ms
05-29 10:42:49.164 29654 29747 W fb4a.AppInitScheduler|Run: Running PreloadReactions
05-29 10:42:49.166 29654 29746 W fb4a.AppInitScheduler|Run:   Finished PreloadFreshFeedRanker in 5ms
05-29 10:42:49.166 29654 29746 W fb4a.AppInitScheduler|Run: Running PreloadStoriesTrayFetchController
05-29 10:42:49.166 29654 29746 W fb4a.MobileConfigFactoryImpl: SESSIONBASED factory used for 1 param
05-29 10:42:49.169 29811 29811 D NetworkSecurityConfig: Using Network Security Config from resource fb_network_security_config debugBuild: false
05-29 10:42:49.171 29654 29744 W fb4a.lacrima: Start AnrDetector... com.facebook.acra.anr.multisignal.MultiSignalANRDetector
05-29 10:42:49.171 29654 29744 W fb4a.MultiSignalANRDetectorLacrima: Starting
05-29 10:42:49.171 29654 29744 W fb4a.ProcessAnrErrorMonitor: startMonitoring with delay: 0
05-29 10:42:49.174 29811 29811 D NetworkSecurityConfig: Using Network Security Config from resource fb_network_security_config debugBuild: false
05-29 10:42:49.177 29654 29848 W soft_error.cpp: [QuicConfigSanitizer] : keyUpdatePacketCountInterval out of bounds
05-29 10:42:49.177 29654 29864 W fb4a.ProcessAnrErrorMonitor: Starting process monitor checks for process 'com.facebook.katana'
05-29 10:42:49.178 29654 29864 W fb4a.MultiSignalANRDetectorLacrima: Started monitoring
05-29 10:42:49.178 29654 29763 W fb4a.MobileConfigFactoryImpl: Invalid param type used for: L13:111
05-29 10:42:49.179 29654 29744 W fb4a.AppInitScheduler|Run:   Finished InitLacrimaLaterInit in 122ms
05-29 10:42:49.181 29654 29744 W fb4a.AppInitScheduler|Run: Running FixieProcessState
05-29 10:42:49.181 29654 29744 W fb4a.AppInitScheduler|Run:   Finished FixieProcessState in 0ms
05-29 10:42:49.181 29654 29744 W fb4a.AppInitScheduler|Run: Running PreloadStoriesTrayQuery
05-29 10:42:49.181 29654 29744 W fb4a.MobileConfigFactoryImpl: SESSIONBASED factory used for 1 param
05-29 10:42:49.181 29654 29744 W fb4a.AppInitScheduler|Run:   Finished PreloadStoriesTrayQuery in 1ms
05-29 10:42:49.181 29654 29763 W fb4a.MobileConfigFactoryImpl: SESSIONBASED factory used for 4 param
05-29 10:42:49.182 29654 29744 W fb4a.AppInitScheduler|Run: Running PreloadVideo
05-29 10:42:49.182 29654 29744 W fb4a.AppInitScheduler|Run:   Finished PreloadVideo in 0ms
05-29 10:42:49.182 29654 29744 W fb4a.AppInitScheduler|Run: Running SecondaryDexPreloaderBg
05-29 10:42:49.182 29654 29744 W fb4a.AppInitScheduler|Run:   Finished SecondaryDexPreloaderBg in 1ms
05-29 10:42:49.182 29654 29744 W fb4a.AppInitScheduler|Run: Running SetupBlockingBackgroundComponentReporting
05-29 10:42:49.183 29654 29744 W fb4a.AppInitScheduler|Run:   Finished SetupBlockingBackgroundComponentReporting in 0ms
05-29 10:42:49.183 29654 29744 W fb4a.AppInitScheduler|Run: Running StartupQPLReplayer
05-29 10:42:49.185 29654 29762 W fb4a.AppInitScheduler|Run:   Finished EagerInitImagePipeline in 38ms
05-29 10:42:49.186 29654 29743 W fb4a.AppInitScheduler|Run: Running WaitForUIDependenciesInitializer [*]
05-29 10:42:49.186 29654 29762 W fb4a.AppInitScheduler|Run: Running PreloadInlineComposerProfileImage
05-29 10:42:49.186 29654 29743 W fb4a.AppInitScheduler|Run:   Finished WaitForUIDependenciesInitializer in 0ms
05-29 10:42:49.186 29654 29743 W fb4a.AppInitScheduler|Run: Running DismissSplashScreens [*]
05-29 10:42:49.186 29654 29743 W fb4a.InitStatus: Providers unblocked (18170268)
05-29 10:42:49.186 29654 29743 W fb4a.InitStatus: Services unblocked (179480485)
05-29 10:42:49.186 29654 29743 W fb4a.InitStatus: BroadcastReceivers unblocked (197384058)
05-29 10:42:49.186 29654 29743 W fb4a.AppInitScheduler|Run:   Finished DismissSplashScreens in 1ms
05-29 10:42:49.186 29654 29739 W fb4a.InitStatus: Unblocked Provider (18170268)
05-29 10:42:49.187 29654 29654 W fb4a.InitStatus: Unblocked Service (179480485)
05-29 10:42:49.187 29654 29654 W fb4a.AppComponentFactory: Instantiating Service
05-29 10:42:49.187 29654 29739 W fb4a.InitStatus: Not blocking Provider (18170268)
05-29 10:42:49.188 29699 29828 W System  : ClassLoader referenced unknown path:
05-29 10:42:49.189 29699 29828 D nativeloader: Configuring clns-11 for other apk . target_sdk_version=34, uses_libraries=, library_path=/data/app/~~lRj4pVpvp44P2k81hHiHSQ==/com.google.android.gms-D8fNy-ENxbXAvumj_9Gl6g==/lib/arm64:/data/app/~~lRj4pVpvp44P2k81hHiHSQ==/com.google.android.gms-D8fNy-ENxbXAvumj_9Gl6g==/base.apk!/lib/arm64-v8a, permitted_path=/data:/mnt/expand:/data/user/0/com.google.android.gms
05-29 10:42:49.189 29654 29743 W fb4a.AppInitScheduler|Run: Running FixieScheduleIdleWork
05-29 10:42:49.190 29654 29743 W fb4a.AppInitScheduler|Run:   Finished FixieScheduleIdleWork in 0ms
05-29 10:42:49.190 29654 29743 W fb4a.AppInitScheduler|Run: Running MqttEarlySyncInitializerAfterAppCreate
05-29 10:42:49.190 29654 29778 W fb4a.AppInitScheduler|Run:   Finished EagerInitTigonLiger in 78ms
05-29 10:42:49.190 29654 29743 W fb4a.AppInitScheduler|Run:   Finished MqttEarlySyncInitializerAfterAppCreate in 0ms
05-29 10:42:49.191 29654 29743 W fb4a.AppInitScheduler|Run: Running GraphServiceEagerInit [*]
05-29 10:42:49.191 29654 29770 W fb4a.AppInitScheduler|Run: Running InitTrafficNTS
05-29 10:42:49.191 29654 29743 W fb4a.MobileConfigFactoryImpl: SESSIONBASED factory used for 1 param
05-29 10:42:49.191 29654 29770 W fb4a.AppInitScheduler|Run:   Finished InitTrafficNTS in 0ms
05-29 10:42:49.191 29654 29770 W fb4a.AppInitScheduler|Run: Running ReplayBroadcastReceivedDuringAppInit
05-29 10:42:49.191 29654 29770 W fb4a.AppInitBroadcast: finishAndClearPendingResult()
05-29 10:42:49.191 29654 29770 W fb4a.AppInitScheduler|Run:   Finished ReplayBroadcastReceivedDuringAppInit in 0ms
05-29 10:42:49.191 29654 29770 W fb4a.AppInitScheduler|Run: Running ScheduleLowPriWork
05-29 10:42:49.191 29654 29770 W fb4a.AppInitScheduler|Run:   Finished ScheduleLowPriWork in 0ms
05-29 10:42:49.191 29654 29770 W fb4a.AppInitScheduler|Run: Running ZeroLibraryInitializer
05-29 10:42:49.191 29654 29770 W fb4a.AppInitScheduler|Run:   Finished ZeroLibraryInitializer in 0ms
05-29 10:42:49.191 29654 29762 W fb4a.AppInitScheduler|Run:   Finished PreloadInlineComposerProfileImage in 5ms
05-29 10:42:49.191 29654 29762 W fb4a.AppInitScheduler|Run: Running RecordStartupLightSharedPreferenceUsages
05-29 10:42:49.192 29654 29762 W fb4a.AppInitScheduler|Run:   Finished RecordStartupLightSharedPreferenceUsages in 0ms
05-29 10:42:49.192 29654 29739 W ComponentDiscovery: Class com.google.firebase.dynamicloading.DynamicLoadingRegistrar is not an found.
05-29 10:42:49.193 29654 29744 W fb4a.AppInitScheduler|Run:   Finished StartupQPLReplayer in 11ms
05-29 10:42:49.194 29654 29744 W fb4a.AppInitScheduler|Run: Running StartupQPLTransitToMatureStage
05-29 10:42:49.194 29654 29744 W fb4a.AppInitScheduler|Run:   Finished StartupQPLTransitToMatureStage in 0ms
05-29 10:42:49.197 29654 29739 D CompatibilityChangeReporter: Compat change id reported: 183155436; UID 10377; state: ENABLED
05-29 10:42:49.199 29654 29769 W fb4a.lacrima: FixedLengthFiles.init() called twice.
05-29 10:42:49.199 29654 29769 W fb4a.lacrima: FixedLengthFiles.init() called twice.
05-29 10:42:49.209 29654 29856 W fb4a.MultiSignalANRDetectorLacrima: Moving to background
05-29 10:42:49.218 29654 29654 E fb4a.SlowAppComponent: 0ms: FacebookApplication instantiating…
05-29 10:42:49.218 29654 29654 E fb4a.SlowAppComponent: Main thread was blocked for 488ms in the background starting with FacebookApplication
05-29 10:42:49.219 29654 29743 W fb4a.AppInitScheduler|Run:   Finished GraphServiceEagerInit in 28ms
05-29 10:42:49.237 29654 29747 W fb4a.AppInitScheduler|Run:   Finished PreloadReactions in 72ms
05-29 10:42:49.239 29654 29831 D CompatibilityChangeReporter: Compat change id reported: 147600208; UID 10377; state: ENABLED
05-29 10:42:49.257 29654 29763 W fb4a.AppInitScheduler|Run:   Finished PreloadFeedDataLoader in 99ms
05-29 10:42:49.259 29654 29764 W fb4a.AppInitScheduler|Run:   Finished PreloadFeedFullCacheLoad in 98ms
05-29 10:42:49.266 29699 29867 D CompatibilityChangeReporter: Compat change id reported: 160794467; UID 10005; state: ENABLED
05-29 10:42:49.266 29654 29746 W fb4a.AppInitScheduler|Run:   Finished PreloadStoriesTrayFetchController in 100ms
05-29 10:42:49.266 29654 29746 W fb4a.AppInitScheduler|Run: All work finished.
05-29 10:42:49.283  1596  3589 D CompatibilityInfo: mCompatibilityFlags - 0
05-29 10:42:49.283  1596  3589 D CompatibilityInfo: applicationDensity - 440
05-29 10:42:49.283  1596  3589 D CompatibilityInfo: applicationScale - 1.0
05-29 10:42:49.287 29699 29828 W ziparchive: Unable to open '/data/user_de/0/com.google.android.gms/app_chimera/m/00000352/dl-AdsFdrDynamite.integ_241199801100000.dm': No such file or directory
05-29 10:42:49.288 29699 29828 W ziparchive: Unable to open '/data/user_de/0/com.google.android.gms/app_chimera/m/00000352/dl-AdsFdrDynamite.integ_241199801100000.dm': No such file or directory
05-29 10:42:49.307 29699 29699 D AutoDensity: autodensity debugEnable =
05-29 10:42:49.320 29654 29880 W fb4a.MobileConfigFactoryImpl: SESSIONBASED factory used for 4 param
05-29 10:42:49.325 29654 29873 W fb4a.QuickPerformanceLoggerModule: Provided QPL: 257592281
05-29 10:42:49.345 29652 29732 D CompatibilityChangeReporter: Compat change id reported: 147600208; UID 10185; state: ENABLED
05-29 10:42:49.355 29654 29877 D CompatibilityChangeReporter: Compat change id reported: 160794467; UID 10377; state: ENABLED
05-29 10:42:49.355  1596  3588 D CompatibilityInfo: mCompatibilityFlags - 0
05-29 10:42:49.355  1596  3588 D CompatibilityInfo: applicationDensity - 440
05-29 10:42:49.355  1596  3588 D CompatibilityInfo: applicationScale - 1.0
05-29 10:42:49.392 29654 29877 D CompatibilityChangeReporter: Compat change id reported: 194532703; UID 10377; state: ENABLED
05-29 10:42:49.397 29699 29843 W com.xiaomi.glgm: ClassLoaderContext classpath size mismatch. expected=12, found=5 (DLC[];PCL[base.apk*1604905382:base.apk!classes2.dex*682570207:base.apk!classes3.dex*2527590523:base.apk!classes4.dex*1458516695:base.apk!classes5.dex*1143851140:base.apk!classes6.dex*4198141943:base.apk!classes7.dex*860192315:base.apk!classes8.dex*2496212096:base.apk!classes9.dex*310507253:base.apk!classes10.dex*3513933353:base.apk!classes11.dex*2980000734:base.apk!classes12.dex*734305995]{PCL[/system/framework/org.apache.http.legacy.jar*659110244]#PCL[/system/framework/com.android.media.remotedisplay.jar*3743104115]#PCL[/system/framework/com.android.location.provider.jar*3175360615]#PCL[/system/framework/org.apache.http.legacy.jar*659110244]} | DLC[];PCL[/data/app/~~nbHkET4pyt6kNZvKyDyjqQ==/com.xiaomi.glgm-5hAP4OiSemuwM_iDswyR1A==/base.apk*2707453531:/data/app/~~nbHkET4pyt6kNZvKyDyjqQ==/com.xiaomi.glgm-5hAP4OiSemuwM_iDswyR1A==/base.apk!classes2.dex*3949898855:/data/app/~~nbHkET4pyt6kNZvKyDyjqQ==/com.xiaomi.glgm-5hAP4OiSemuwM_iDswyR1A==/base.apk!classes3.dex*3311759510:/data/app/~~nbHkET4pyt6kNZvKyDyjqQ==/com.xiaomi.glgm-5hAP4OiSemuwM_iDswyR1A==/base.apk!classes4.dex*2050665882:/data/app/~~nbHkET4pyt6kNZvKyDyjqQ==/com.xiaomi.glgm-5hAP4OiSemuwM_iDswyR1A==/base.apk!classes5.dex*1989144369]{PCL[/system/framework/org.apache.http.legacy.jar*659110244]#PCL[/system_ext/priv-app/RtMiCloudSDK/RtMiCloudSDK.apk*637154007]{PCL[/system_ext/app/miuisystem/miuisystem.apk*1142555950]}})
05-29 10:42:49.398  1596  2637 I MiuiNetworkPolicy: updateUidState uid = 10005, uidState = 19
05-29 10:42:49.400   981   981 D Zygote  : Forked child process 29916
05-29 10:42:49.414 29916 29916 E Zygote  : process_name_ptr:29916 com.xiaomi.mipicks
05-29 10:42:49.414 29916 29916 E zygote64: Failed to parse /product/etc/mfz.xml: Tinyxml2 error (3): Error=XML_ERROR_FILE_NOT_FOUND ErrorID=3 (0x3) Line number=0: filename=/product/etc/mfz.xml
05-29 10:42:49.414 29916 29916 E zygote64: MemoryFreeze XMLFile not found
05-29 10:42:49.422 29916 29916 I .xiaomi.mipicks: Using CollectorTypeCC GC.
05-29 10:42:49.426 29916 29916 E .xiaomi.mipicks: Not starting debugger since process cannot load the jdwp agent.
05-29 10:42:49.438  1596  2810 D SchedBoost: thread tid=3299, priority is set to 0
05-29 10:42:49.438 29916 29916 W System.err: android.system.ErrnoException: open failed: ENOENT (No such file or directory)
05-29 10:42:49.438  1596  2810 D SchedBoost: thread tid=3487, priority is set to -4
05-29 10:42:49.438 29916 29916 W System.err: 	at libcore.io.Linux.open(Native Method)
05-29 10:42:49.438 29916 29916 W System.err: 	at libcore.io.ForwardingOs.open(ForwardingOs.java:563)
05-29 10:42:49.438 29916 29916 W System.err: 	at libcore.io.BlockGuardOs.open(BlockGuardOs.java:274)
05-29 10:42:49.438 29916 29916 W System.err: 	at libcore.io.ForwardingOs.open(ForwardingOs.java:563)
05-29 10:42:49.438 29916 29916 W System.err: 	at android.app.ActivityThread$AndroidOs.open(ActivityThread.java:8288)
05-29 10:42:49.438 29916 29916 W System.err: 	at android.system.Os.open(Os.java:494)
05-29 10:42:49.438 29916 29916 W System.err: 	at android.os.perfdebug.PerfDebugMonitorImpl.monitorVersionControl(PerfDebugMonitorImpl.java:204)
05-29 10:42:49.438 29916 29916 W System.err: 	at android.os.perfdebug.PerfDebugMonitorImpl.prepareMonitor(PerfDebugMonitorImpl.java:185)
05-29 10:42:49.438 29916 29916 W System.err: 	at android.app.ActivityThread.main(ActivityThread.java:8375)
05-29 10:42:49.439 29916 29916 W System.err: 	at java.lang.reflect.Method.invoke(Native Method)
05-29 10:42:49.439 29916 29916 W System.err: 	at com.android.internal.os.RuntimeInit$MethodAndArgsCaller.run(RuntimeInit.java:559)
05-29 10:42:49.439 29916 29916 W System.err: 	at com.android.internal.os.ZygoteInit.main(ZygoteInit.java:954)
05-29 10:42:49.439 29916 29916 I MessageMonitor: Load libmiui_runtime
05-29 10:42:49.447  1596  6647 D CompatibilityInfo: mCompatibilityFlags - 0
05-29 10:42:49.447  1596  6647 D CompatibilityInfo: applicationDensity - 440
05-29 10:42:49.447  1596  6647 D CompatibilityInfo: applicationScale - 1.0
05-29 10:42:49.451  1596  6647 D CompatibilityInfo: mCompatibilityFlags - 0
05-29 10:42:49.451  1596  6647 D CompatibilityInfo: applicationDensity - 440
05-29 10:42:49.451  1596  6647 D CompatibilityInfo: applicationScale - 1.0
05-29 10:42:49.452  1596  2637 I MiuiNetworkPolicy: updateUidState uid = 10170, uidState = 11
05-29 10:42:49.460 29916 29916 D CompatibilityChangeReporter: Compat change id reported: 171979766; UID 10170; state: ENABLED
05-29 10:42:49.465  1596  2637 I MiuiNetworkPolicy: updateUidState uid = 10377, uidState = 10
05-29 10:42:49.481  1596  2637 I MiuiNetworkPolicy: updateUidState uid = 10377, uidState = 19
05-29 10:42:49.486  1596  2637 I MiuiNetworkPolicy: updateUidState uid = 10377, uidState = 8
05-29 10:42:49.488  1596  3589 D CompatibilityInfo: mCompatibilityFlags - 0
05-29 10:42:49.488  1596  3589 D CompatibilityInfo: applicationDensity - 440
05-29 10:42:49.488  1596  3589 D CompatibilityInfo: applicationScale - 1.0
05-29 10:42:49.489 29654 29654 W fb4a.AppComponentFactory: Instantiating Service
05-29 10:42:49.500 29916 29916 D nativeloader: Configuring clns-4 for other apk /system/framework/org.apache.http.legacy.jar. target_sdk_version=34, uses_libraries=ALL, library_path=/data/app/~~vSTrcgxZvOg5tjfFEsJI6g==/com.xiaomi.mipicks-_7yEZesR6_H4RLlMDC0tuQ==/lib/arm64:/data/app/~~vSTrcgxZvOg5tjfFEsJI6g==/com.xiaomi.mipicks-_7yEZesR6_H4RLlMDC0tuQ==/base.apk!/lib/arm64-v8a, permitted_path=/data:/mnt/expand:/data/user/0/com.xiaomi.mipicks
05-29 10:42:49.500 29916 29916 D nativeloader: Extending system_exposed_libraries: libbinauralrenderer_wrapper.qti.so:libhoaeffects.qti.so:libQOC.qti.so:libmisys_jni.xiaomi.so:libupdateprof.qti.so:libthermalclient.qti.so:libQOC.qti.so:libdiag_system.qti.so:libqape.qti.so:liblistenjni.qti.so
05-29 10:42:49.520  1596  2637 I MiuiNetworkPolicy: updateUidState uid = 10377, uidState = 10
05-29 10:42:49.522 29699 29936 I FA      : App measurement disabled via the manifest
05-29 10:42:49.522  1596  2637 I MiuiNetworkPolicy: updateUidState uid = 10377, uidState = 19
05-29 10:42:49.522 29699 29936 E com.xiaomi.glgm: No package ID 79 found for ID 0x790b0007.
05-29 10:42:49.523 29699 29936 E com.xiaomi.glgm: No package ID 79 found for ID 0x790b0007.
05-29 10:42:49.525  1596  3588 D ConnectivityService: requestNetwork for uid/pid:10377/29654 activeRequest: null callbackRequest: 21077 [NetworkRequest [ REQUEST id=21078, [ Capabilities: INTERNET&NOT_RESTRICTED&TRUSTED&NOT_VCN_MANAGED Uid: 10377 RequestorUid: 10377 RequestorPkg: com.facebook.katana UnderlyingNetworks: Null] ]] callback flags: 0 order: 2147483647
05-29 10:42:49.526  1596  2642 D WifiNetworkFactory: got request NetworkRequest [ REQUEST id=21078, [ Capabilities: INTERNET&NOT_RESTRICTED&TRUSTED&NOT_VCN_MANAGED Uid: 10377 RequestorUid: 10377 RequestorPkg: com.facebook.katana UnderlyingNetworks: Null] ]
05-29 10:42:49.526 29699 29936 I FA      : App measurement initialized, version: 94007
05-29 10:42:49.526 29699 29936 I FA      : To enable debug logging run: adb shell setprop log.tag.FA VERBOSE
05-29 10:42:49.526  1596  2642 D UntrustedWifiNetworkFactory: got request NetworkRequest [ REQUEST id=21078, [ Capabilities: INTERNET&NOT_RESTRICTED&TRUSTED&NOT_VCN_MANAGED Uid: 10377 RequestorUid: 10377 RequestorPkg: com.facebook.katana UnderlyingNetworks: Null] ]
05-29 10:42:49.526  1596  2642 D OemPaidWifiNetworkFactory: got request NetworkRequest [ REQUEST id=21078, [ Capabilities: INTERNET&NOT_RESTRICTED&TRUSTED&NOT_VCN_MANAGED Uid: 10377 RequestorUid: 10377 RequestorPkg: com.facebook.katana UnderlyingNetworks: Null] ]
05-29 10:42:49.526  1596  2642 D MultiInternetWifiNetworkFactory: got request NetworkRequest [ REQUEST id=21078, [ Capabilities: INTERNET&NOT_RESTRICTED&TRUSTED&NOT_VCN_MANAGED Uid: 10377 RequestorUid: 10377 RequestorPkg: com.facebook.katana UnderlyingNetworks: Null] ]
05-29 10:42:49.527  1596  2666 D ConnectivityService: NetReassign [21078 : null → 171] [c 0] [a 0] [i 2]
05-29 10:42:49.527 29699 29936 I FA      : To enable faster debug mode event logging run:
05-29 10:42:49.527 29699 29936 I FA      :   adb shell setprop debug.firebase.analytics.app com.xiaomi.glgm
05-29 10:42:49.558  1596  3354 D CompatibilityInfo: mCompatibilityFlags - 0
05-29 10:42:49.558  1596  3354 D CompatibilityInfo: applicationDensity - 440
05-29 10:42:49.558  1596  3354 D CompatibilityInfo: applicationScale - 1.0
05-29 10:42:49.559 29916 29916 D nativeloader: Configuring clns-5 for other apk /data/app/~~vSTrcgxZvOg5tjfFEsJI6g==/com.xiaomi.mipicks-_7yEZesR6_H4RLlMDC0tuQ==/base.apk. target_sdk_version=34, uses_libraries=, library_path=/data/app/~~vSTrcgxZvOg5tjfFEsJI6g==/com.xiaomi.mipicks-_7yEZesR6_H4RLlMDC0tuQ==/lib/arm64:/data/app/~~vSTrcgxZvOg5tjfFEsJI6g==/com.xiaomi.mipicks-_7yEZesR6_H4RLlMDC0tuQ==/base.apk!/lib/arm64-v8a, permitted_path=/data:/mnt/expand:/data/user/0/com.xiaomi.mipicks
05-29 10:42:49.573  4281 23836 W NetworkScheduler: Error inserting flex_time=3599000 job_id=-1 period=7200000 source=16 requires_charging=0 preferred_network_type=1 target_class=com.google.android.gms.measurement.PackageMeasurementTaskService user_id=0 target_package=com.google.android.gms tag=Measurement.PackageMeasurementTaskService.UPLOAD_TASK_TAG task_type=0 required_idleness_state=0 service_kind=0 source_version=242013000 persistence_level=1 preferred_charging_state=1 required_network_type=0 runtime=1716972169567 retry_strategy={"maximum_backoff_seconds":{"3600":0},"initial_backoff_seconds":{"30":0},"retry_policy":{"0":0}} last_runtime=0 [CONTEXT service_id=218 ]
05-29 10:42:49.573  4281 23836 W NetworkScheduler: android.database.sqlite.SQLiteConstraintException: UNIQUE constraint failed: pending_ops.tag, pending_ops.target_class, pending_ops.target_package, pending_ops.user_id (code 2067 SQLITE_CONSTRAINT_UNIQUE)
05-29 10:42:49.573  4281 23836 W NetworkScheduler: 	at android.database.sqlite.SQLiteConnection.nativeExecuteForLastInsertedRowId(Native Method)
05-29 10:42:49.573  4281 23836 W NetworkScheduler: 	at android.database.sqlite.SQLiteConnection.executeForLastInsertedRowId(SQLiteConnection.java:961)
05-29 10:42:49.573  4281 23836 W NetworkScheduler: 	at android.database.sqlite.SQLiteSession.executeForLastInsertedRowId(SQLiteSession.java:790)
05-29 10:42:49.573  4281 23836 W NetworkScheduler: 	at android.database.sqlite.SQLiteStatement.executeInsert(SQLiteStatement.java:89)
05-29 10:42:49.573  4281 23836 W NetworkScheduler: 	at android.database.sqlite.SQLiteDatabase.insertWithOnConflict(SQLiteDatabase.java:1868)
05-29 10:42:49.573  4281 23836 W NetworkScheduler: 	at android.database.sqlite.SQLiteDatabase.insertOrThrow(SQLiteDatabase.java:1763)
05-29 10:42:49.573  4281 23836 W NetworkScheduler: 	at daod.d(:com.google.android.gms@242013038@24.20.13 (190400-633713831):735)
05-29 10:42:49.573  4281 23836 W NetworkScheduler: 	at dalq.n(:com.google.android.gms@242013038@24.20.13 (190400-633713831):29)
05-29 10:42:49.573  4281 23836 W NetworkScheduler: 	at dalq.u(:com.google.android.gms@242013038@24.20.13 (190400-633713831):360)
05-29 10:42:49.573  4281 23836 W NetworkScheduler: 	at dalq.h(:com.google.android.gms@242013038@24.20.13 (190400-633713831):51)
05-29 10:42:49.573  4281 23836 W NetworkScheduler: 	at dagt.run(:com.google.android.gms@242013038@24.20.13 (190400-633713831):72)
05-29 10:42:49.573  4281 23836 W NetworkScheduler: 	at amtr.c(:com.google.android.gms@242013038@24.20.13 (190400-633713831):50)
05-29 10:42:49.573  4281 23836 W NetworkScheduler: 	at amtr.run(:com.google.android.gms@242013038@24.20.13 (190400-633713831):97)
05-29 10:42:49.573  4281 23836 W NetworkScheduler: 	at java.util.concurrent.ThreadPoolExecutor.runWorker(ThreadPoolExecutor.java:1145)
05-29 10:42:49.573  4281 23836 W NetworkScheduler: 	at java.util.concurrent.ThreadPoolExecutor$Worker.run(ThreadPoolExecutor.java:644)
05-29 10:42:49.573  4281 23836 W NetworkScheduler: 	at amzi.run(:com.google.android.gms@242013038@24.20.13 (190400-633713831):8)
05-29 10:42:49.573  4281 23836 W NetworkScheduler: 	at java.lang.Thread.run(Thread.java:1012)
05-29 10:42:49.587 29916 29916 I Perf    : Connecting to perf service.
05-29 10:42:49.595 29916 29916 V GraphicsEnvironment: ANGLE Developer option for 'com.xiaomi.mipicks' set to: 'default'
05-29 10:42:49.596 29916 29916 V GraphicsEnvironment: ANGLE GameManagerService for com.xiaomi.mipicks: false
05-29 10:42:49.596 29916 29916 V GraphicsEnvironment: Neither updatable production driver nor prerelease driver is supported.
05-29 10:42:49.602 29916 29916 I ForceDarkHelperStubImpl: initialize for com.xiaomi.mipicks , ForceDarkOrigin
05-29 10:42:49.603  1596  7638 D CompatibilityInfo: mCompatibilityFlags - 0
05-29 10:42:49.603  1596  7638 D CompatibilityInfo: applicationDensity - 440
05-29 10:42:49.603  1596  7638 D CompatibilityInfo: applicationScale - 1.0
05-29 10:42:49.606 29916 29916 D .xiaomi.mipicks: JNI_OnLoad success
05-29 10:42:49.606 29916 29916 I MiuiForceDarkConfig: setConfig density:2.750000, mainRule:0, secondaryRule:0, tertiaryRule:0
05-29 10:42:49.609 29916 29916 D NetworkSecurityConfig: Using Network Security Config from resource network_security_config debugBuild: false
05-29 10:42:49.611 29916 29916 D NetworkSecurityConfig: Using Network Security Config from resource network_security_config debugBuild: false
05-29 10:42:49.613  4630  4630 D QtiRilInterface: onSensorChanged = 33171005
05-29 10:42:49.765 29916 29916 I MMKV    : Disable checkProcessMode()
05-29 10:42:49.776 29916 29916 I MMKV    : current API level = 33, libc++_shared=0
05-29 10:42:49.777 29916 29916 I MMKV    : <MMKV.cpp:165::initialize> version v1.2.15, page size 4096, arch arm64-v8a
05-29 10:42:49.777 29916 29916 I MMKV    : <MMKV.cpp:176::initialize> armv8 AES instructions is supported
05-29 10:42:49.777 29916 29916 I MMKV    : <MMKV.cpp:184::initialize> armv8 CRC32 instructions is supported
05-29 10:42:49.778 29916 29916 I MMKV    : <MMKV.cpp:208::initializeMMKV> root dir: /data/user/0/com.xiaomi.mipicks/files/mmkv
05-29 10:42:49.780 29916 29916 I MMKV    : <MemoryFile.cpp:97::open> open fd[0x5c], /data/user/0/com.xiaomi.mipicks/files/mmkv/com.xiaomi.mipicks_preferences
05-29 10:42:49.781 29916 29916 I MMKV    : <MemoryFile.cpp:97::open> open fd[0x5d], /data/user/0/com.xiaomi.mipicks/files/mmkv/com.xiaomi.mipicks_preferences.crc
05-29 10:42:49.782 29916 29916 I MMKV    : <MMKV_IO.cpp:81::loadFromFile> loading [com.xiaomi.mipicks_preferences] with 3326 actual size, file size 4096, InterProcess 1, meta info version:3
05-29 10:42:49.782 29916 29916 I MMKV    : <MMKV_IO.cpp:86::loadFromFile> loading [com.xiaomi.mipicks_preferences] with crc 4009764740 sequence 729 version 3
05-29 10:42:49.782 29916 29916 I MMKV    : <MMKV_IO.cpp:130::loadFromFile> loaded [com.xiaomi.mipicks_preferences] with 69 key-values
05-29 10:42:49.784 29916 29916 I MMKV    : <MemoryFile.cpp:97::open> open fd[0x5e], /data/user/0/com.xiaomi.mipicks/files/mmkv/firebase_config
05-29 10:42:49.784 29916 29916 I MMKV    : <MemoryFile.cpp:97::open> open fd[0x5f], /data/user/0/com.xiaomi.mipicks/files/mmkv/firebase_config.crc
05-29 10:42:49.785 29916 29916 I MMKV    : <MMKV_IO.cpp:81::loadFromFile> loading [firebase_config] with 3511 actual size, file size 4096, InterProcess 1, meta info version:3
05-29 10:42:49.785 29916 29916 I MMKV    : <MMKV_IO.cpp:86::loadFromFile> loading [firebase_config] with crc 428888199 sequence 159 version 3
05-29 10:42:49.786 29916 29916 I MMKV    : <MMKV_IO.cpp:130::loadFromFile> loaded [firebase_config] with 24 key-values
05-29 10:42:49.789 29916 29916 D TaskSortUtil: task analyse cost makeTime 1
05-29 10:42:49.789 29916 29916 D TaskSortUtil: BridgeTask
05-29 10:42:49.789 29916 29916 D TaskSortUtil: OperatorTask
05-29 10:42:49.789 29916 29916 D TaskSortUtil: ChangeAliasTask
05-29 10:42:49.811 29916 29916 D TaskSortUtil: task analyse cost makeTime 0
05-29 10:42:49.811 29916 29916 D TaskSortUtil: UiConfigTask
05-29 10:42:49.811 29916 29916 D TaskSortUtil: PatchTask
05-29 10:42:49.811 29916 29916 D TaskSortUtil: UserAgreementTask
05-29 10:42:49.811 29916 29916 D TaskSortUtil: DownloadInstallTask
05-29 10:42:49.811 29916 29916 D TaskSortUtil: DebugTask
05-29 10:42:49.811 29916 29916 D TaskSortUtil: ActivityMonitorTask
05-29 10:42:49.816 29916 29916 D AutoDensity: autodensity debugEnable =
05-29 10:42:49.846 29916 29916 D TaskSortUtil: task analyse cost makeTime 0
05-29 10:42:49.846 29916 29916 D TaskSortUtil: PrivacyTask
05-29 10:42:49.846 29916 29916 D TaskSortUtil: TraceTask
05-29 10:42:49.846 29916 29916 D TaskSortUtil: DeviceInfoTask
05-29 10:42:49.846 29916 29916 D TaskSortUtil: RegisterGlobalMonitorTask
05-29 10:42:49.846 29916 29916 D TaskSortUtil: PushTask
05-29 10:42:49.846 29916 29916 D TaskSortUtil: CloudConfigTask
05-29 10:42:49.846 29916 29916 D TaskSortUtil: ApmTask
05-29 10:42:49.846 29916 29916 D TaskSortUtil: NetworkTask
05-29 10:42:49.846 29916 29916 D TaskSortUtil: MsgBusTask
05-29 10:42:49.846 29916 29916 D TaskSortUtil: DbTask
05-29 10:42:49.846 29916 29916 D TaskSortUtil: AbTestTask
05-29 10:42:49.846 29916 29916 D TaskSortUtil: LoginTask
05-29 10:42:49.846 29916 29916 D TaskSortUtil: ImageLoadTask
05-29 10:42:49.846 29916 29916 D TaskSortUtil: CompatibleOldVersionTask
05-29 10:42:49.846 29916 29916 D TaskSortUtil: UpdateAppTask
05-29 10:42:49.846 29916 29916 D TaskSortUtil: DownloadAppTask
05-29 10:42:49.846 29916 29916 D TaskSortUtil: SpTask
05-29 10:42:49.846 29916 29916 D TaskSortUtil: AppChooserTask
05-29 10:42:49.846 29916 29916 D TaskSortUtil: DesktopHotAppsTask
05-29 10:42:49.846 29916 29916 D TaskSortUtil: LocalCacheTask
05-29 10:42:49.852 29916 29957 I MMKV    : Disable checkProcessMode()
05-29 10:42:49.852 29916 29957 I MMKV    : <MMKV.cpp:208::initializeMMKV> root dir: /data/user/0/com.xiaomi.mipicks/files/mmkv
05-29 10:42:49.853 29916 29957 I MMKV    : <MemoryFile.cpp:97::open> open fd[0x64], /data/user/0/com.xiaomi.mipicks/files/mmkv/overseas_100009
05-29 10:42:49.857 29916 29957 I MMKV    : <MemoryFile.cpp:97::open> open fd[0x65], /data/user/0/com.xiaomi.mipicks/files/mmkv/overseas_100009.crc
05-29 10:42:49.858 29916 29916 D AppActiveReceiver: receive app active broadcast for: com.example.unilife, install from: null
05-29 10:42:49.859 29916 29957 I MMKV    : <MMKV_IO.cpp:81::loadFromFile> loading [overseas_100009] with 0 actual size, file size 4096, InterProcess 1, meta info version:1
05-29 10:42:49.860 29916 29957 I MMKV    : <MMKV_IO.cpp:130::loadFromFile> loaded [overseas_100009] with 0 key-values
05-29 10:42:49.863  1596  2637 I MiuiNetworkPolicy: updateUidState uid = 10170, uidState = 4
05-29 10:42:49.864 29916 29972 D MarketSdk-MarketManager: currVersionValue: 14000100
05-29 10:42:49.864 29916 29972 D MarketSdk-MarketManager: targetVersionValue: 10000000
05-29 10:42:49.866  1596  3833 D CompatibilityInfo: mCompatibilityFlags - 0
05-29 10:42:49.866  1596  3833 D CompatibilityInfo: applicationDensity - 440
05-29 10:42:49.866  1596  3833 D CompatibilityInfo: applicationScale - 1.0
05-29 10:42:49.867 29916 29968 D CompatibilityChangeReporter: Compat change id reported: 183155436; UID 10170; state: ENABLED
05-29 10:42:49.869  1596  6647 D CompatibilityInfo: mCompatibilityFlags - 0
05-29 10:42:49.869  1596  6647 D CompatibilityInfo: applicationDensity - 440
05-29 10:42:49.869  1596  6647 D CompatibilityInfo: applicationScale - 1.0
05-29 10:42:49.873 29916 29969 I MMKV    : <MemoryFile.cpp:97::open> open fd[0x6b], /data/user/0/com.xiaomi.mipicks/files/mmkv/ab_test
05-29 10:42:49.874 29916 29968 I FirebaseApp: Device unlocked: initializing all Firebase APIs for app [DEFAULT]
05-29 10:42:49.876 29916 29971 E DeviceUtils: static init(): Load MiuiMiddle Class Exception:java.lang.NoSuchMethodException: com.miui.performance.DeviceLevelUtils.getMiuiMiddleVersion []
05-29 10:42:49.878 29916 29969 I MMKV    : <MemoryFile.cpp:97::open> open fd[0x6c], /data/user/0/com.xiaomi.mipicks/files/mmkv/ab_test.crc
05-29 10:42:49.881 29916 29969 I MMKV    : <MMKV_IO.cpp:81::loadFromFile> loading [ab_test] with 2954 actual size, file size 4096, InterProcess 1, meta info version:3
05-29 10:42:49.881 29916 29969 I MMKV    : <MMKV_IO.cpp:86::loadFromFile> loading [ab_test] with crc 639919120 sequence 13 version 3
05-29 10:42:49.881 29916 29969 I MMKV    : <MMKV_IO.cpp:130::loadFromFile> loaded [ab_test] with 3 key-values
05-29 10:42:49.883  1596  3588 D CompatibilityInfo: mCompatibilityFlags - 0
05-29 10:42:49.883  1596  3588 D CompatibilityInfo: applicationDensity - 440
05-29 10:42:49.883  1596  3588 D CompatibilityInfo: applicationScale - 1.0
05-29 10:42:49.887 29916 29968 I FirebaseCrashlytics: Initializing Firebase Crashlytics 18.3.5 for com.xiaomi.mipicks
05-29 10:42:49.891  1596  2666 D ConnectivityService: NetReassign [no changes] [c 0] [a 0] [i 1]
05-29 10:42:49.894 29916 29989 I MMKV    : <MemoryFile.cpp:97::open> open fd[0x73], /data/user/0/com.xiaomi.mipicks/files/mmkv/multi_proc_shared
05-29 10:42:49.895  1596  1726 D CompatibilityInfo: mCompatibilityFlags - 0
05-29 10:42:49.895  1596  1726 D CompatibilityInfo: applicationDensity - 440
05-29 10:42:49.895  1596  1726 D CompatibilityInfo: applicationScale - 1.0
05-29 10:42:49.898 29916 29989 I MMKV    : <MemoryFile.cpp:97::open> open fd[0x76], /data/user/0/com.xiaomi.mipicks/files/mmkv/multi_proc_shared.crc
05-29 10:42:49.899  1596  2133 D CompatibilityInfo: mCompatibilityFlags - 0
05-29 10:42:49.899  1596  2133 D CompatibilityInfo: applicationDensity - 440
05-29 10:42:49.899  1596  2133 D CompatibilityInfo: applicationScale - 1.0
05-29 10:42:49.901 17336 17336 D Launcher.Launcher.UninstallShortcutReceiver: receive uninstall shortcut, intent=Intent { act=com.miui.home.launcher.action.UNINSTALL_SHORTCUT flg=0x10 pkg=com.miui.home cmp=com.miui.home/.launcher.UninstallShortcutReceiver (has extras) }
05-29 10:42:49.902 29916 29967 D MarketSdk-TimedPushManager: push start time: 2024-05-28, send time： 16:56:00, end time：2024-05-30
05-29 10:42:49.903 29916 29916 D CompatibilityChangeReporter: Compat change id reported: 160794467; UID 10170; state: ENABLED
05-29 10:42:49.905 29916 29989 I MMKV    : <MMKV_IO.cpp:81::loadFromFile> loading [multi_proc_shared] with 376 actual size, file size 4096, InterProcess 1, meta info version:3
05-29 10:42:49.905 29916 29989 I MMKV    : <MMKV_IO.cpp:86::loadFromFile> loading [multi_proc_shared] with crc 218787965 sequence 16 version 3
05-29 10:42:49.905 29916 29989 I MMKV    : <MMKV_IO.cpp:130::loadFromFile> loaded [multi_proc_shared] with 1 key-values
05-29 10:42:49.905 29916 29989 I SecurityDevice: getService: sService == null.
05-29 10:42:49.905 29916 29989 W SecurityDevice: getService: binder not alive.
05-29 10:42:49.908  3238 31645 I ##XLogger##: #&^D0ByWmSYeLYi4pKyLPUdZGYIe3bm2VxEJthhEeuSkZJWaZhJPq2ADsXGWk2ZyXqGsLm2iph7cpIPoyECZzEMK8HkGCd4EdLNkZ7VZxUYWMuL0Y8fItxNzo3MlhdMi2JDLF1atFW4Z14U9rfp/Mktqv8cudhgklzSNWIjiL1eu/o=!!KadRBim2QU9pnC0Ai2P3x8VsyKTFYA55VZeryt+WjJtTMjFm8+t1QZemgOOqETNSYKZf6T7rOfB5pUpk6JZc8lvWZEVbnBbB4oU26VTmTGuYVtfkQjyytnGRFWnZp9V3TooAbtNrShbjh7SiQQYG7Xsf44LjmegGbSR5w7Gg9dSEML0WlG3Nb/x4caoRz6UQku6Gt0+DJuWoyVq8i1zjhCLBD6qvF+kHK64OyMfVKYKH1YJ5LytI8XLEHo1Q6iJP++J6zgRe82MGIowtSmjj7yxTHE0AoBsLzqxWed/3ZAgeZXK/w7i640obEhMnNVJ0^&#
05-29 10:42:49.909  3238 31645 I ##XLogger##: #&^D0ByWmSYeLYi4pKyLPUdZGYIe3bm2VxEJthhEeuSkZJWaZhJPq2ADsXGWk2ZyXqGsLm2iph7cpIPoyECZzEMK8HkGCd4EdLNkZ7VZxUYWMuL0Y8fItxNzo3MlhdMi2JDLF1atFW4Z14U9rfp/Mktqv8cudhgklzSNWIjiL1eu/o=!!KadRBim2QU9pnC0Ai2P3x8VsyKTFYA55VZeryt+WjJtTMjFm8+t1QZemgOOqETNSYKZf6T7rOfB5pUpk6JZc8lvWZEVbnBbB4oU26VTmTGuYVtfkQjyytnGRFWnZp9V3TooAbtNrShbjh7SiQQYG7Xsf44LjmegGbSR5w7Gg9dSQjhZ34ntlIui8Ym5td1l2jq5aMDjqB7PWe0u7EMUS2ASGtltlTCHVN0dINT7YXw0YlXtS9CqNemJ4Hl8+Kz3hKpl6A3gZjdx+GL5H5lCyyC4/RaIzWOf8ix6p5jBShp/p1QFeyZ3E3EGLY7jaw2be^&#
05-29 10:42:49.909  1596  2054 D MediaProjectionManagerServiceStubImpl: handleForegroundServicesChanged
05-29 10:42:49.916 29916 29967 D MarketSdk-TimedPushManager: the final send time = 2024-05-29 16:56:00, versionId = 98829:20240528
05-29 10:42:49.917 29916 29967 D MarketSdk-TimedPushManager: push start time: 2024-05-28, send time： 20:40:00, end time：2024-05-30
05-29 10:42:49.917 29916 29967 D MarketSdk-TimedPushManager: the final send time = 2024-05-29 20:40:00, versionId = 98680:20240528
05-29 10:42:49.921 29916 29964 D OT-PubSub-Sdk: updateDebugSwitch sEnable: false sDebugMode：false sDebugProperty：false
05-29 10:42:49.924 29916 30009 D OT-PubSub-Sdk: updateDebugSwitch sEnable: false sDebugMode：false sDebugProperty：false
05-29 10:42:49.925 29916 30009 D OT-PubSub-Sdk: log on: false, quick upload on: false
05-29 10:42:49.925 29916 30009 D BroadcastExecutor: initIfNeeded : 2480
05-29 10:42:49.941 29916 30014 W ziparchive: Unable to open '/data/user_de/0/com.google.android.gms/app_chimera/m/00000381/DynamiteLoader.uncompressed.dm': No such file or directory
05-29 10:42:49.941 29916 30014 W ziparchive: Unable to open '/data/user_de/0/com.google.android.gms/app_chimera/m/00000381/DynamiteLoader.uncompressed.dm': No such file or directory
05-29 10:42:49.952 29916 30014 I DynamiteModule: Considering local module com.google.android.gms.measurement.dynamite:86 and remote module com.google.android.gms.measurement.dynamite:114
05-29 10:42:49.952 29916 30014 I DynamiteModule: Selected remote version of com.google.android.gms.measurement.dynamite, version >= 114
05-29 10:42:49.952 29916 30014 V DynamiteModule: Dynamite loader version >= 2, using loadModule2NoCrashUtils
05-29 10:42:49.955 29916 29958 I MMKV    : <MemoryFile.cpp:97::open> open fd[0x8f], /data/user/0/com.xiaomi.mipicks/files/mmkv/app_update
05-29 10:42:49.955 29916 29958 I MMKV    : <MemoryFile.cpp:97::open> open fd[0x92], /data/user/0/com.xiaomi.mipicks/files/mmkv/app_update.crc
05-29 10:42:49.956 29916 29958 I MMKV    : <MMKV_IO.cpp:81::loadFromFile> loading [app_update] with 11816 actual size, file size 32768, InterProcess 1, meta info version:3
05-29 10:42:49.956 29916 29958 I MMKV    : <MMKV_IO.cpp:86::loadFromFile> loading [app_update] with crc 1659705952 sequence 12 version 3
05-29 10:42:49.956 29916 29958 I MMKV    : <MMKV_IO.cpp:130::loadFromFile> loaded [app_update] with 4 key-values
05-29 10:42:49.963 29916 30014 W System  : ClassLoader referenced unknown path:
05-29 10:42:49.966 29916 30014 D nativeloader: Configuring clns-6 for other apk . target_sdk_version=34, uses_libraries=, library_path=/data/app/~~lRj4pVpvp44P2k81hHiHSQ==/com.google.android.gms-D8fNy-ENxbXAvumj_9Gl6g==/lib/arm64:/data/app/~~lRj4pVpvp44P2k81hHiHSQ==/com.google.android.gms-D8fNy-ENxbXAvumj_9Gl6g==/base.apk!/lib/arm64-v8a, permitted_path=/data:/mnt/expand:/data/user/0/com.google.android.gms
05-29 10:42:49.967 29916 29916 W FirebaseRemoteConfig: No value of type 'FirebaseRemoteConfigValue' exists for parameter key 'abKeyList'.
05-29 10:42:49.967 29916 29916 W FirebaseRemoteConfig: No value of type 'FirebaseRemoteConfigValue' exists for parameter key 'sid'.
05-29 10:42:49.971 29916 30016 D CompatibilityChangeReporter: Compat change id reported: 194532703; UID 10170; state: ENABLED
05-29 10:42:49.985 29916 30014 W .xiaomi.mipicks: ClassLoaderContext classpath size mismatch. expected=12, found=4 (DLC[];PCL[base.apk*1604905382:base.apk!classes2.dex*682570207:base.apk!classes3.dex*2527590523:base.apk!classes4.dex*1458516695:base.apk!classes5.dex*1143851140:base.apk!classes6.dex*4198141943:base.apk!classes7.dex*860192315:base.apk!classes8.dex*2496212096:base.apk!classes9.dex*310507253:base.apk!classes10.dex*3513933353:base.apk!classes11.dex*2980000734:base.apk!classes12.dex*734305995]{PCL[/system/framework/org.apache.http.legacy.jar*659110244]#PCL[/system/framework/com.android.media.remotedisplay.jar*3743104115]#PCL[/system/framework/com.android.location.provider.jar*3175360615]#PCL[/system/framework/org.apache.http.legacy.jar*659110244]} | DLC[];PCL[/data/app/~~vSTrcgxZvOg5tjfFEsJI6g==/com.xiaomi.mipicks-_7yEZesR6_H4RLlMDC0tuQ==/base.apk*4142517379:/data/app/~~vSTrcgxZvOg5tjfFEsJI6g==/com.xiaomi.mipicks-_7yEZesR6_H4RLlMDC0tuQ==/base.apk!classes2.dex*184925719:/data/app/~~vSTrcgxZvOg5tjfFEsJI6g==/com.xiaomi.mipicks-_7yEZesR6_H4RLlMDC0tuQ==/base.apk!classes3.dex*3513524929:/data/app/~~vSTrcgxZvOg5tjfFEsJI6g==/com.xiaomi.mipicks-_7yEZesR6_H4RLlMDC0tuQ==/base.apk!classes4.dex*1194259151]{PCL[/system/framework/org.apache.http.legacy.jar*659110244]})
05-29 10:42:50.031 29916 30083 I FA      : App measurement disabled by setAnalyticsCollectionEnabled(false)
05-29 10:42:50.031 29916 30083 E .xiaomi.mipicks: No package ID 79 found for ID 0x790b0007.
05-29 10:42:50.032 29916 30083 E .xiaomi.mipicks: No package ID 79 found for ID 0x790b0007.
05-29 10:42:50.035 29916 30083 I FA      : App measurement initialized, version: 94007
05-29 10:42:50.035 29916 30083 I FA      : To enable debug logging run: adb shell setprop log.tag.FA VERBOSE
05-29 10:42:50.036 29916 30083 I FA      : To enable faster debug mode event logging run:
05-29 10:42:50.036 29916 30083 I FA      :   adb shell setprop debug.firebase.analytics.app com.xiaomi.mipicks
05-29 10:42:50.112  4630  4630 D QtiRilInterface: onSensorChanged = 33171005
05-29 10:42:50.131  1596  2054 D MediaProjectionManagerServiceStubImpl: handleForegroundServicesChanged
05-29 10:42:50.132 29916 29971 I MMKV    : <MemoryFile.cpp:97::open> open fd[0x8a], /data/user/0/com.xiaomi.mipicks/files/mmkv/app_chooser
05-29 10:42:50.133  1596  2637 I MiuiNetworkPolicy: updateUidState uid = 10170, uidState = 10
05-29 10:42:50.133 29916 29971 I MMKV    : <MemoryFile.cpp:97::open> open fd[0x99], /data/user/0/com.xiaomi.mipicks/files/mmkv/app_chooser.crc
05-29 10:42:50.134 29916 29971 I MMKV    : <MMKV_IO.cpp:81::loadFromFile> loading [app_chooser] with 0 actual size, file size 4096, InterProcess 1, meta info version:1
05-29 10:42:50.135 29916 29971 I MMKV    : <MMKV_IO.cpp:130::loadFromFile> loaded [app_chooser] with 0 key-values
05-29 10:42:50.135  1596  2637 I MiuiNetworkPolicy: updateUidState uid = 10170, uidState = 19
05-29 10:42:50.136 29916 29971 W FirebaseRemoteConfig: No value of type 'FirebaseRemoteConfigValue' exists for parameter key 'dupTrackType'.
