05-29 10:42:57.921  1596  2606 D MIUIInput: [KeyEvent] publisher action:0x1,  keyCode:11 , 243457483,channel '9f36548 com.example.unilife/com.example.unilife.View.Activity.AccessoActivity (server)'
05-29 10:42:57.927 29245 29245 I ViewInteraction: Performing 'close keyboard' action on view view.getId() is <2131230952/com.example.unilife:id/editTextPasswordLogin>
05-29 10:42:57.928 29245 29245 D IdlingRegistry: Registering idling resources: [androidx.test.espresso.action.CloseKeyboardAction$CloseKeyboardIdlingResult@6b22132]
05-29 10:42:57.929  1220  1220 I MI-SF   : surfaceflinger setAffinity mode=0
05-29 10:42:57.930  7279  8145 D MirrorManager:  sendAcceptInput 0 0
05-29 10:42:57.930 17635 17635 V InputMethodService: CALL: hideWindow
05-29 10:42:57.930 17635 17635 I GoogleInputMethodService: GoogleInputMethodService.onFinishInputView():2361
05-29 10:42:57.931  1220  1421 D MI-SF   : updateScene: module = 270 (Input), value = 0, pkg = com.example.unilife, Vrr = 0
05-29 10:42:57.931  1220  1421 D RefreshRateConfigs: TouchBoost - choose Fps: 120.00 Hz
05-29 10:42:57.931  1220  1421 D MI-SF   : updateScene mSetInputFlag status 0
05-29 10:42:57.931  3299  3299 D NavBarView: useAltBack : false <> layoutDirection : 0 <> rotation ：-90.0
05-29 10:42:57.932 17635 17635 W TooltipLifecycleManager: TooltipLifecycleManager.dismissTooltips():174 Tooltip with id spell_check_add_to_dictionary not found in tooltipManager.
05-29 10:42:57.933 17635 17635 I AndroidIME: AbstractIme.onDeactivate():204 PasswordIme.onDeactivate()
05-29 10:42:57.933 17635 17635 W AccessPointsManager: AccessPointsManager.removeAccessPoint():852 The holder controller #0x7f0b206d is not registered
05-29 10:42:57.934 17336 17336 D TouchInteractionService: onSystemUiFlagsChanged, mSystemUiStateFlags=20000
05-29 10:42:57.947 29327 29512 I Finsky  : [2450] lav.run(375): Component class com.google.android.finsky.wearsupport.WearSupportService disabled via PackageManager.
05-29 10:42:57.948  1220  1220 I MI-SF   : surfaceflinger setAffinity mode=1
05-29 10:42:57.948  1220  1220 I MI-SF   : surfaceflinger setreAffinity reTid=1424
05-29 10:42:57.949 29327 29577 I Finsky  : [2470] otx.accept(92): Wrote row to frosting DB: 96203
05-29 10:42:57.949 17635 17635 D VRI[InputMethod]: vri.reportNextDraw android.view.ViewRootImpl.performTraversals:3876 android.view.ViewRootImpl.doTraversal:2608 android.view.ViewRootImpl$TraversalRunnable.run:9617 android.view.Choreographer$CallbackRecord.run:1491 android.view.Choreographer$CallbackRecord.run:1499
05-29 10:42:57.949 17635 17635 D VRI[InputMethod]: vri.Setup new sync id=491 syncSeqId=0
05-29 10:42:57.949 17635 17635 E SurfaceSyncer: Failed to find sync for id=0
05-29 10:42:57.949 17635 17635 E SurfaceSyncer: Failed to find sync for id=1
05-29 10:42:57.949 29327 29512 I Finsky  : [2450] lav.run(375): Component class com.google.android.finsky.wearsupport.WearChangeListenerService disabled via PackageManager.
05-29 10:42:57.949 17635 17635 E SurfaceSyncer: Failed to find sync for id=2
05-29 10:42:57.949 17635 17635 E SurfaceSyncer: Failed to find sync for id=3
05-29 10:42:57.949 17635 17635 E SurfaceSyncer: Failed to find sync for id=4
05-29 10:42:57.949 17635 17635 E SurfaceSyncer: Failed to find sync for id=5
05-29 10:42:57.949 17635 17635 E SurfaceSyncer: Failed to find sync for id=6
05-29 10:42:57.953 17635 17635 D VRI[InputMethod]: vri.reportDrawFinished syncSeqId=0 android.view.ViewRootImpl.lambda$createSyncIfNeeded$4$android-view-ViewRootImpl:3944 android.view.ViewRootImpl$$ExternalSyntheticLambda1.run:6 android.os.Handler.handleCallback:942 android.os.Handler.dispatchMessage:99 android.os.Looper.loopOnce:211
05-29 10:42:58.007  3305  3305 V InlineSuggestionRenderService: Releasing inline suggestion view host
05-29 10:42:58.012  1596  6565 W InputManager-JNI: Input channel object 'Embedded{-InputMethod} (client)' was disposed without first being removed with the input manager!
05-29 10:42:58.013  3305  3305 V InlineSuggestionRenderService: Removed the inline suggestion from the cache, current size=0
05-29 10:42:58.017  1220  1220 D MI-SF   : [FpsStat] distroy...
05-29 10:42:58.112  4630  4630 D QtiRilInterface: onSensorChanged = 33171005
05-29 10:42:58.120 29327 29402 I android.vending: WaitForGcToComplete blocked ClassLinker on Background for 237.401ms
05-29 10:42:58.157  1220  1220 D MI-SF   : [FpsStat] distroy...
05-29 10:42:58.180  1220  1220 I MI-SF   : surfaceflinger setAffinity mode=0
05-29 10:42:58.198 29327 29402 I Finsky  : [2429] ytf.h(67): Already at the latest configurations for experiment package com.google.android.finsky.stable.
05-29 10:42:58.198 29327 29402 I Finsky  : [2429] ytf.h(12): Triggered update for experiment package com.google.android.finsky.regular.
05-29 10:42:58.243 29245 29245 D IdlingRegistry: Unregistering idling resources: [androidx.test.espresso.action.CloseKeyboardAction$CloseKeyboardIdlingResult@6b22132]
05-29 10:42:58.245 29327 29402 I Finsky  : [2429] ytf.h(67): Already at the latest configurations for experiment package com.google.android.finsky.regular.
05-29 10:42:58.245 29327 29402 I Finsky  : [2429] ytf.h(12): Triggered update for experiment package com.google.android.finsky.regular.
05-29 10:42:58.253 29245 29245 I ViewInteraction: Performing 'single click' action on view view.getId() is <2131230741/com.example.unilife:id/accediButton>
05-29 10:42:58.256  1596  2606 D MIUIInput: [MotionEvent] publisher action=0x4, 243457819, channel 'd935fe8 NavigationBar0 (server)'
05-29 10:42:58.257  1596  2606 D MIUIInput: [MotionEvent] publisher action=0x0, 243457819, channel '9f36548 com.example.unilife/com.example.unilife.View.Activity.AccessoActivity (server)'
05-29 10:42:58.257  1596  2606 D MIUIInput: [MotionEvent] publisher action=0x0, 243457819, channel '[Gesture Monitor] miui-gesture (server)'
05-29 10:42:58.258  1220  1457 D RefreshRateConfigs: TouchBoost - choose Fps: 120.00 Hz
05-29 10:42:58.293 29327 29402 I Finsky  : [2429] ytf.h(67): Already at the latest configurations for experiment package com.google.android.finsky.regular.
05-29 10:42:58.293 29327 29402 I Finsky  : [2429] ytf.h(12): Triggered update for experiment package com.google.android.finsky.regular.
05-29 10:42:58.322  1596  2606 D MIUIInput: [MotionEvent] publisher action=0x1, 243457885, channel '9f36548 com.example.unilife/com.example.unilife.View.Activity.AccessoActivity (server)'
05-29 10:42:58.322  1596  2606 D MIUIInput: [MotionEvent] publisher action=0x1, 243457885, channel '[Gesture Monitor] miui-gesture (server)'
05-29 10:42:58.322  1220  1220 I MI-SF   : surfaceflinger setAffinity mode=1
05-29 10:42:58.322  1220  1220 I MI-SF   : surfaceflinger setreAffinity reTid=1424
05-29 10:42:58.329  1220  1220 I MI-SF   : surfaceflinger setAffinity mode=0
05-29 10:42:58.331 29245 30606 I FirebaseAuth: Logging in as test2@gmail.com with empty reCAPTCHA token
05-29 10:42:58.336 29245 29626 W System  : Ignoring header X-Firebase-Locale because its value was null.
05-29 10:42:58.340 29327 29402 I Finsky  : [2429] ytf.h(67): Already at the latest configurations for experiment package com.google.android.finsky.regular.
05-29 10:42:58.340 29327 29402 I Finsky  : [2429] ytf.h(12): Triggered update for experiment package com.google.android.finsky.regular.
05-29 10:42:58.345 29245 29626 W LocalRequestInterceptor: Error getting App Check token; using placeholder token instead. Error: com.google.firebase.FirebaseException: No AppCheckProvider installed.
05-29 10:42:58.386 29327 29402 I Finsky  : [2429] ytf.h(67): Already at the latest configurations for experiment package com.google.android.finsky.regular.
05-29 10:42:58.387 29327 29402 I Finsky  : [2429] ytf.h(12): Triggered update for experiment package com.google.android.finsky.regular.
05-29 10:42:58.401 29327 29327 I Finsky  : [2] acoz.run(90): Detected restoreservicev2://recovery not needed, will not run
05-29 10:42:58.404 29327 30144 I Finsky  : [2496] ariv.e(7): registerListener
05-29 10:42:58.404 29327 30144 I Finsky  : [2496] avcf.L(6): getDownloads()
05-29 10:42:58.411 24539 24618 I Finsky:background: [2437] oyv.i(6): getDownloads()
05-29 10:42:58.414 29327 30144 I Finsky  : [2496] qw.run(45): Initialized AssetModuleDownloader.
05-29 10:42:58.443 29327 29402 I Finsky  : [2429] ytf.h(67): Already at the latest configurations for experiment package com.google.android.finsky.regular.
05-29 10:42:58.450 29245 29626 D TrafficStats: tagSocket(120) with statsTag=0xffffffff, statsUid=-1
05-29 10:42:58.613  4630  4630 D QtiRilInterface: onSensorChanged = 33171005
05-29 10:42:59.025 29245 29626 W System  : Ignoring header X-Firebase-Locale because its value was null.
05-29 10:42:59.037 29245 29626 W LocalRequestInterceptor: Error getting App Check token; using placeholder token instead. Error: com.google.firebase.FirebaseException: No AppCheckProvider installed.
05-29 10:42:59.052  1220  1220 I MI-SF   : surfaceflinger setAffinity mode=1
05-29 10:42:59.052  1220  1220 I MI-SF   : surfaceflinger setreAffinity reTid=1424
05-29 10:42:59.065  1220  1220 I MI-SF   : surfaceflinger setAffinity mode=0
05-29 10:42:59.112  4630  4630 D QtiRilInterface: onSensorChanged = 33171005
05-29 10:42:59.308 29245 29626 D FirebaseAuth: Notifying id token listeners about user ( g2eeNBIyVPMdpOZvvyNsXulkO9x1 ).
05-29 10:42:59.308 29245 29626 D FirebaseAuth: Notifying auth state listeners about user ( g2eeNBIyVPMdpOZvvyNsXulkO9x1 ).
05-29 10:42:59.316 29245 29245 D ContentValues: Accesso eseguito
05-29 10:42:59.318  1596  6621 D MiuiMultiWindowAdapter: MiuiMultiWindowAdapter::getCanStartActivityFromFullscreenToFreefromList::LIST_CAN_START_ACTIVITY_FROM_FULLSCREEN_TO_FREEFROM = [com.alipay.android.phone.wallet.aptrip.ui.ApTripActivity, com.alipay.mobile.onsitepay.merge.OnsitepayActivity, com.alipay.mobile.nebulax.integration.mpaas.activity.NebulaActivity$Main, com.alipay.mobile.scan.as.main.MainCaptureActivity]
05-29 10:42:59.320  1596  6621 D MiuiMultiWindowAdapter: MiuiMultiWindowAdapter::getLaunchInTaskList::LIST_LAUNCH_IN_TASK = [com.android.bluetooth/.opp.BluetoothOppLauncherActivity, com.android.bluetooth/.opp.BluetoothOppBtEnableActivity]
05-29 10:42:59.320  1596  6621 D MiuiMultiWindowAdapter: MiuiMultiWindowAdapter::getFreeformResizeableWhiteList::FREEFORM_RESIZEABLE_WHITE_LIST = [com.sdu.didi.psnger, com.autonavi.minimap, com.netease.cloudmusic, com.jifen.qukan, com.jm.video, com.chinamworld.main, com.xingin.xhs, com.sinovatech.unicom.ui, com.mt.mtxx.mtxx, com.suning.mobile.ebuy, com.tencent.tmgp.speedmobile, com.tencent.qqgame.xq, com.supercell.clashofclans.mi, com.blizzard.wtcg.hearthstone, com.chaoxing.mobile, cn.wps.moffice_eng.xiaomi.lite, com.miui.securitycenter/com.miui.applicationlock.ConfirmAccessControl, com.miui.calculator, com.ss.android.lark, com.miui.bugreport, com.miui.phrase, com.ss.android.lark.kami, com.miui.securitycore/com.miui.xspace.ui.activity.XSpaceResolveActivity, com.baidu.BaiduMap]
05-29 10:42:59.320  1596  6621 D MiuiMultiWindowAdapter: MiuiMultiWindowAdapter::getFreeformResizeableWhiteList::FREEFORM_RESIZEABLE_WHITE_LIST = [com.sdu.didi.psnger, com.autonavi.minimap, com.netease.cloudmusic, com.jifen.qukan, com.jm.video, com.chinamworld.main, com.xingin.xhs, com.sinovatech.unicom.ui, com.mt.mtxx.mtxx, com.suning.mobile.ebuy, com.tencent.tmgp.speedmobile, com.tencent.qqgame.xq, com.supercell.clashofclans.mi, com.blizzard.wtcg.hearthstone, com.chaoxing.mobile, cn.wps.moffice_eng.xiaomi.lite, com.miui.securitycenter/com.miui.applicationlock.ConfirmAccessControl, com.miui.calculator, com.ss.android.lark, com.miui.bugreport, com.miui.phrase, com.ss.android.lark.kami, com.miui.securitycore/com.miui.xspace.ui.activity.XSpaceResolveActivity, com.baidu.BaiduMap]
05-29 10:42:59.320  1596  6621 D MiuiMultiWindowAdapter: MiuiMultiWindowAdapter::getForceLandscapeApplication::FORCE_LANDSCAPE_APPLICATION = [com.tencent.tmgp.cf, com.tencent.tmgp.speedmobile, com.microsoft.office.powerpoint, com.xiaomi.mslgrdp]
05-29 10:42:59.320  1596  6621 D MiuiMultiWindowAdapter: MiuiMultiWindowAdapter::getForceLandscapeApplicationInSystem::FORCE_LANDSCAPE_APPLICATION = [com.tencent.tmgp.cf, com.tencent.tmgp.speedmobile, com.microsoft.office.powerpoint, com.xiaomi.mslgrdp]
05-29 10:42:59.320  1596  6621 D MiuiMultiWindowAdapter: MiuiMultiWindowAdapter::getFreeformBlackList::sSmallWindowBlackList = [com.miui.securitycenter, com.miui.mishare.connectivity, com.android.settings, com.android.printspooler, com.miui.backup, com.miui.huanji, com.android.thememanager, com.mfashiongallery.emag, com.miui.virtualsim, com.miui.smarttravel, com.mi.health, com.android.camera, com.lbe.security.miui, com.miui.cleanmaster, com.miui.newhome, com.miui.voiceassist, com.android.phone, com.miui.yellowpage, com.android.updater, com.miui.tsmclient, com.miui.securitycore, com.xiaomi.account, com.xiaomi.hm.health, com.xiaomi.mibrain.speech, com.xiaomi.mimoji, com.xiaomi.scanner, com.duokan.phone.remotecontroller, com.miui.hybrid, com.miui.videoplayer, com.miui.packageinstaller, com.mi.android.globallauncher, com.mi.android.globallauncher-poco, com.google.android.dialer, com.miui.compass, com.miui.greenguard, com.kiteguard, com.google.ar.lens, com.xiangkan.android, com.android.bankabc, com.sohu.inputmethod.sogou, com.shyz.toutiao, com.netease.mc.mi, com.outfit7.talkingtomgoldrun.mi, com.doudz.mi, com.wepie.snake.new.mi, cn.jj, com.standddz002.mi, com.miHoYo.bh3.mi, com.qqgame.hlddz, com.happyelements.AndroidAnimal, com.minitech.miniworld.TMobile.mi, com.mfp.jelly.xiaomi, com.lilithgames.afk.mi, com.tencent.peng, com.teenpatti.hd.gold, blockpuzzle.jewelgames.jewelslegend, com.playgendary.tanks, com.chillingo.robberybobfree.android.row, com.episodeinteractive.android.catalog, com.playrix.township, com.ansangha.drdriving, com.google.android.youtube, com.gbits.atm.mi, com.tencent.tetris, com.sukhavati.gotoplaying.bubble.BubbleShooter.mint, com.block.puzzle.game.hippo.mi, com.youzu.bs.mi, com.appsomniacs.da2, com.android.stk, com.feiyu.carrot3.mi, com.popcap.pvz2cthdxm, com.mxtech.videoplayer.ad, cn.cisc, com.kiloo.subwaysurf, com.cncyj.mostbrain, pdf.tap.scanner, com.og.ttddz.mi, com.ximalaya.ting.lite, com.google.android.apps.googleassistant, com.netease.mrzh.mi, com.netease.mrzh.bili, com.netease.pes.huawei, com.netease.pes.mi, com.netease.pes.bili, com.flyfish.supermario, com.picsart.studio, com.netease.dwrg.mi, com.netease.dwrg.bili, com.netease.dwrg.nearme.gamecenter, com.netease.dwrg, com.netease.dwrg.huawei, com.tencent.tmgp.dwrg, com.netease.dwrg.m4399, com.netease.dwrg.mz, com.netease.dwrg.aligames, com.netease.dwrg.baidu, com.netease.dwrg.qihoo, com.moji.mjweather, com.tencent.tmgp.kof98, com.taobao.idlefish, com.ledou.mhhy.mi, com.hzfy.ddzbs.mi, com.qsmy.walkmonkey, com.fy.bzzbc.mi, com.dw.xprqj.mi, com.miui.accessibility, com.ymt.nbaftx.mi, com.amazon.kindlefc, com.sinyee.babybus.recommendapp, com.mcdonalds.gma.cn, com.midea.ai.appliances, com.eco.global.app, com.inspur.icity.tianjin, com.zy.game.thief.mi, com.alimama.moon, com.xinhu.steward, com.rytong.ceair, com.nxy.mobilebank.gx, com.xplaygame.mfbwz.mi, cn.gov.lottery, com.zy.game.bubbletea.mi, com.zy.game.psdc.mi, com.microsoft.office.powerpoint, com.duoduo.child.story, com.lemon.lv, com.xiaomi.aiasst.vision, com.road7.ddtdmxandroid.mi]
05-29 10:42:59.322  1149  1272 E ANDR-PERF-OPTSHANDLER: Perflock resource /sys/class/devfreq/soc:qcom,cpubw/max_freq not supported
05-29 10:42:59.322  1149  1272 E ANDR-PERF-RESOURCEQS: Failed to apply optimization [6, 6]
05-29 10:42:59.322  1149  1272 E ANDR-PERF-OPTSHANDLER: Perflock resource /sys/class/devfreq/soc:qcom,cpubw/min_freq not supported
05-29 10:42:59.322  1149  1272 E ANDR-PERF-RESOURCEQS: Failed to apply optimization [6, 0]
05-29 10:42:59.325 17336 17363 D TaskStackChangeListeners: onTaskDescriptionChanged =  taskId = 895
05-29 10:42:59.326  1596  6621 D PerfStubImpl: perfWarmLaunchBoost: com.example.unilife, -1, 2
05-29 10:42:59.327  1596  6621 D ActivityTrigger: ActivityTrigger activityPauseTrigger
05-29 10:42:59.332  1220  1220 I MI-SF   : surfaceflinger setAffinity mode=1
05-29 10:42:59.332  1220  1220 I MI-SF   : surfaceflinger setreAffinity reTid=1424
05-29 10:42:59.338 29245 29245 D LifecycleMonitor: Lifecycle status change: com.example.unilife.View.Activity.AccessoActivity@336012c in: PAUSED
05-29 10:42:59.338 29245 29245 V ActivityScenario: Update currentActivityStage to PAUSED, currentActivity=com.example.unilife.View.Activity.AccessoActivity@336012c
05-29 10:42:59.340  1596  6621 D PerfStubImpl: perfWarmLaunchBoost: com.example.unilife, -1, 2
05-29 10:42:59.342  1149  1277 W ANDR-PERF-LM: MetaMeter: handlePrimaryAsync() 118: AdaptLaunch MetaMeter. No MeterMgr Available to handle this Primary Async. !!!!
05-29 10:42:59.343  1149  1272 E ANDR-PERF-OPTSHANDLER: Perflock resource /sys/class/devfreq/soc:qcom,cpubw/max_freq not supported
05-29 10:42:59.343  1149  1272 E ANDR-PERF-RESOURCEQS: Failed to apply optimization [6, 6]
05-29 10:42:59.343  1149  1272 E ANDR-PERF-OPTSHANDLER: Perflock resource /sys/class/devfreq/soc:qcom,cpubw/min_freq not supported
05-29 10:42:59.343  1149  1277 W ANDR-PERF-LM: MetaMeter: handlePrimaryAsync() 118: AdaptLaunch MetaMeter. No MeterMgr Available to handle this Primary Async. !!!!
05-29 10:42:59.343  1149  1272 E ANDR-PERF-RESOURCEQS: Failed to apply optimization [6, 0]
05-29 10:42:59.343  1149  1277 E ANDR-PERF-LM: MetaMeter: handleAsync() 166: AdaptLaunch Invalid Async
05-29 10:42:59.345  1149  1272 E ANDR-PERF-OPTSHANDLER: Perflock resource /sys/class/devfreq/soc:qcom,cpubw/max_freq not supported
05-29 10:42:59.345  1149  1272 E ANDR-PERF-RESOURCEQS: Failed to apply optimization [6, 6]
05-29 10:42:59.345  1149  1272 E ANDR-PERF-OPTSHANDLER: Perflock resource /sys/class/devfreq/soc:qcom,cpubw/min_freq not supported
05-29 10:42:59.345  1149  1272 E ANDR-PERF-RESOURCEQS: Failed to apply optimization [6, 0]
05-29 10:42:59.346  1596  6621 D CompatibilityInfo: mCompatibilityFlags - 0
05-29 10:42:59.346  1596  6621 D CompatibilityInfo: applicationDensity - 440
05-29 10:42:59.346  1596  6621 D CompatibilityInfo: applicationScale - 1.0
05-29 10:42:59.352  1596  2781 D ProcessManager: skip notify foregroundAppInfo:ApplicationInfo{dfc140f com.example.unilife}
05-29 10:42:59.354  1220  2449 I SurfaceFlinger: sf.setTransactionState focusRequest transactionId:6854768776745 frontWin:<null>
05-29 10:42:59.355  1596  6621 D MiuiMultiWindowAdapter: MiuiMultiWindowAdapter::getFreeformVideoWhiteList::sSmallWindowWhiteList = [com.hunantv.imgo.activity, com.tencent.qqlive, com.qiyi.video, com.hunantv.imgo.activity.inter, com.tencent.qqlivei18n, com.iqiyi.i18n, tv.danmaku.bili]
05-29 10:42:59.355 29245 29245 D MiuiMultiWindowAdapter: MiuiMultiWindowAdapter::getFreeformVideoWhiteListInSystem::LIST_ABOUT_SUPPORT_LANDSCAPE_VIDEO = [com.hunantv.imgo.activity, com.tencent.qqlive, com.qiyi.video, com.hunantv.imgo.activity.inter, com.tencent.qqlivei18n, com.iqiyi.i18n, tv.danmaku.bili]
05-29 10:42:59.361  1220  1220 I SurfaceFlinger: sf.transactionIsReadyToBeApplied focusRequest transactionId:6854768776745
05-29 10:42:59.362  1220  2014 D SurfaceFlinger: updateInputFlinger::setFocusedWindow: windowName=<null> focusRequests.size=1
05-29 10:42:59.373 29245 29245 D LifecycleMonitor: Lifecycle status change: com.example.unilife.View.Activity.MainActivity@f4d2fea in: PRE_ON_CREATE
05-29 10:42:59.373 17336 17363 D TaskStackChangeListeners: onTaskDescriptionChanged =  taskId = 895
05-29 10:42:59.373 29245 29245 V ActivityScenario: Activity lifecycle changed event received but ignored because the intent does not match. startActivityIntent=Intent { act=android.intent.action.MAIN cat=[android.intent.category.LAUNCHER] flg=0x10008000 cmp=com.example.unilife/.View.Activity.AccessoActivity }, activity.getIntent()=Intent { cmp=com.example.unilife/.View.Activity.MainActivity }, activity=com.example.unilife.View.Activity.MainActivity@f4d2fea
05-29 10:42:59.379 29245 29245 D IS_CTS_MODE: false
05-29 10:42:59.379 29245 29245 D MULTI_WINDOW_ENABLED: false
05-29 10:42:59.381 29245 29245 D DecorView[]: getWindowModeFromSystem  windowmode is 1
05-29 10:42:59.451 17336 17372 D RecentsModel: onTaskStackChangedBackground
05-29 10:42:59.451 17336 17372 D EventBus: No subscribers registered for event class com.miui.home.recents.messages.RecentTasksChangedEvent
05-29 10:42:59.451 17336 17372 D EventBus: No subscribers registered for event class org.greenrobot.eventbus.NoSubscriberEvent
05-29 10:42:59.451 17336 18412 D RecentsModel: onTaskStackChangedBackground    MSG_TASK_STACK_CHANGE
05-29 10:42:59.451 17336 18412 D RecentsModel: preloadRecents
05-29 10:42:59.451 17336 18412 W RecentsModel: getRunningTask
05-29 10:42:59.451 17336 17363 D RecentsModel: onTaskStackChangedBackground
05-29 10:42:59.452 17370 19507 I SCTaskStackListener: onTaskStackChanged! inSplit = false
05-29 10:42:59.453 17370 26462 I SCTaskStackListener: onTaskStackChanged! inSplit = false
05-29 10:42:59.454 17336 18412 W RecentsModel: getRunningTask   taskInfo=TaskInfo{userId=0 taskId=895 displayId=0 isRunning=true baseIntent=Intent { act=android.intent.action.MAIN cat=[android.intent.category.LAUNCHER] flg=0x10200000 cmp=com.example.unilife/.View.Activity.AccessoActivity } baseActivity=ComponentInfo{com.example.unilife/com.example.unilife.View.Activity.MainActivity} topActivity=ComponentInfo{com.example.unilife/com.example.unilife.View.Activity.MainActivity} origActivity=null realActivity=ComponentInfo{com.example.unilife/com.example.unilife.View.Activity.AccessoActivity} numActivities=1 lastActiveTime=525857885 supportsSplitScreenMultiWindow=true supportsMultiWindow=true resizeMode=1 isResizeable=true minWidth=-1 minHeight=-1 defaultMinSize=200 token=WCT{android.window.IWindowContainerToken$Stub$Proxy@2728c88} topActivityType=1 pictureInPictureParams=null shouldDockBigOverlays=false launchIntoPipHostTaskId=0 displayCutoutSafeInsets=Rect(0, 90 - 0, 0) topActivityInfo=ActivityInfo{ac77621 com.example.unilife.View.Activity.MainActivity} launchCookies=[] positionInParent=Point(0, 0) parentTaskId=-1 isFocused=true isVisible=true isSleeping=false topActivityInSizeCompat=false topActivityInMiuiSizeCompat=false topActivityEligibleForLetterboxEducation= false locusId=null displayAreaFeatureId=1 cameraCompatControlState=hidden mIsCastMode=false}
05-29 10:42:59.454 17336 18412 W RecentsModel: getTaskInfoIgnoreHomeAndFreeform   taskInfo=ComponentInfo{com.example.unilife/com.example.unilife.View.Activity.MainActivity}
05-29 10:42:59.455 17336 18412 E ActivityManagerWrapper: get all recent tasks force including 895
05-29 10:42:59.458 17336 18412 E ActivityManagerWrapper: getRecentTasks: size=4
05-29 10:42:59.458 17336 18412 E ActivityManagerWrapper: getRecentTasks: mainTaskId=895   userId=0   baseIntent=Intent { act=android.intent.action.MAIN flag=270532608 cmp=ComponentInfo{com.example.unilife/com.example.unilife.View.Activity.AccessoActivity} }
05-29 10:42:59.458 17336 18412 E ActivityManagerWrapper: getRecentTasks: mainTaskId=867   userId=0   baseIntent=Intent { act=android.intent.action.MAIN flag=270532608 cmp=ComponentInfo{com.whatsapp/com.whatsapp.Main} }
05-29 10:42:59.458 17336 18412 E ActivityManagerWrapper: getRecentTasks: mainTaskId=844   userId=0   baseIntent=Intent { act=MessageNotificationIntentExtras.READ_MESSAGE_FROM_NOTIFICATION flag=872415232 cmp=ComponentInfo{com.microsoft.office.outlook/com.acompli.acompli.CentralActivity} }
05-29 10:42:59.458 17336 18412 E ActivityManagerWrapper: getRecentTasks: mainTaskId=838   userId=0   baseIntent=Intent { act=android.intent.action.MAIN flag=270532608 cmp=ComponentInfo{com.android.camera/com.android.camera.Camera} }
05-29 10:42:59.463 17336 18412 D RecentsModel: onTaskStackChangedBackground    MSG_TASK_STACK_CHANGE
05-29 10:42:59.463 17336 18412 D RecentsModel: preloadRecents
05-29 10:42:59.463 17336 18412 W RecentsModel: getRunningTask
05-29 10:42:59.465 17336 18412 W RecentsModel: getRunningTask   taskInfo=TaskInfo{userId=0 taskId=895 displayId=0 isRunning=true baseIntent=Intent { act=android.intent.action.MAIN cat=[android.intent.category.LAUNCHER] flg=0x10200000 cmp=com.example.unilife/.View.Activity.AccessoActivity } baseActivity=ComponentInfo{com.example.unilife/com.example.unilife.View.Activity.MainActivity} topActivity=ComponentInfo{com.example.unilife/com.example.unilife.View.Activity.MainActivity} origActivity=null realActivity=ComponentInfo{com.example.unilife/com.example.unilife.View.Activity.AccessoActivity} numActivities=1 lastActiveTime=525857896 supportsSplitScreenMultiWindow=true supportsMultiWindow=true resizeMode=1 isResizeable=true minWidth=-1 minHeight=-1 defaultMinSize=200 token=WCT{android.window.IWindowContainerToken$Stub$Proxy@b718a46} topActivityType=1 pictureInPictureParams=null shouldDockBigOverlays=false launchIntoPipHostTaskId=0 displayCutoutSafeInsets=Rect(0, 90 - 0, 0) topActivityInfo=ActivityInfo{f9d6407 com.example.unilife.View.Activity.MainActivity} launchCookies=[] positionInParent=Point(0, 0) parentTaskId=-1 isFocused=true isVisible=true isSleeping=false topActivityInSizeCompat=false topActivityInMiuiSizeCompat=false topActivityEligibleForLetterboxEducation= false locusId=null displayAreaFeatureId=1 cameraCompatControlState=hidden mIsCastMode=false}
05-29 10:42:59.465 17336 18412 W RecentsModel: getTaskInfoIgnoreHomeAndFreeform   taskInfo=ComponentInfo{com.example.unilife/com.example.unilife.View.Activity.MainActivity}
05-29 10:42:59.467 17336 18412 E ActivityManagerWrapper: get all recent tasks force including 895
05-29 10:42:59.469 17336 18412 E ActivityManagerWrapper: getRecentTasks: size=4
05-29 10:42:59.469 17336 18412 E ActivityManagerWrapper: getRecentTasks: mainTaskId=895   userId=0   baseIntent=Intent { act=android.intent.action.MAIN flag=270532608 cmp=ComponentInfo{com.example.unilife/com.example.unilife.View.Activity.AccessoActivity} }
05-29 10:42:59.469 17336 18412 E ActivityManagerWrapper: getRecentTasks: mainTaskId=867   userId=0   baseIntent=Intent { act=android.intent.action.MAIN flag=270532608 cmp=ComponentInfo{com.whatsapp/com.whatsapp.Main} }
05-29 10:42:59.469 17336 18412 E ActivityManagerWrapper: getRecentTasks: mainTaskId=844   userId=0   baseIntent=Intent { act=MessageNotificationIntentExtras.READ_MESSAGE_FROM_NOTIFICATION flag=872415232 cmp=ComponentInfo{com.microsoft.office.outlook/com.acompli.acompli.CentralActivity} }
05-29 10:42:59.469 17336 18412 E ActivityManagerWrapper: getRecentTasks: mainTaskId=838   userId=0   baseIntent=Intent { act=android.intent.action.MAIN flag=270532608 cmp=ComponentInfo{com.android.camera/com.android.camera.Camera} }
05-29 10:42:59.529 29245 29245 D LifecycleMonitor: Lifecycle status change: com.example.unilife.View.Activity.MainActivity@f4d2fea in: CREATED
05-29 10:42:59.529 29245 29245 V ActivityScenario: Activity lifecycle changed event received but ignored because the intent does not match. startActivityIntent=Intent { act=android.intent.action.MAIN cat=[android.intent.category.LAUNCHER] flg=0x10008000 cmp=com.example.unilife/.View.Activity.AccessoActivity }, activity.getIntent()=Intent { cmp=com.example.unilife/.View.Activity.MainActivity }, activity=com.example.unilife.View.Activity.MainActivity@f4d2fea
05-29 10:42:59.522  1149  1149 W /vendor/bin/hw/vendor.qti.hardware.perf@2.2-service: type=1400 audit(0.0:904146): avc: denied { search } for comm=41646170744C61756E636820566D name="2056" dev="proc" ino=36033996 scontext=u:r:vendor_hal_perf_default:s0 tcontext=u:r:system_server:s0 tclass=dir permissive=0
05-29 10:42:59.522  1149  1149 W /vendor/bin/hw/vendor.qti.hardware.perf@2.2-service: type=1400 audit(0.0:904147): avc: denied { search } for comm=41646170744C61756E636820566D name="2057" dev="proc" ino=36033997 scontext=u:r:vendor_hal_perf_default:s0 tcontext=u:r:system_server:s0 tclass=dir permissive=0
05-29 10:42:59.522  1149  1149 W /vendor/bin/hw/vendor.qti.hardware.perf@2.2-service: type=1400 audit(0.0:904148): avc: denied { search } for comm=41646170744C61756E636820566D name="2058" dev="proc" ino=36033998 scontext=u:r:vendor_hal_perf_default:s0 tcontext=u:r:system_server:s0 tclass=dir permissive=0
05-29 10:42:59.522  1149  1149 W /vendor/bin/hw/vendor.qti.hardware.perf@2.2-service: type=1400 audit(0.0:904149): avc: denied { search } for comm=41646170744C61756E636820566D name="2595" dev="proc" ino=36033999 scontext=u:r:vendor_hal_perf_default:s0 tcontext=u:r:system_server:s0 tclass=dir permissive=0
05-29 10:42:59.522  1149  1149 W /vendor/bin/hw/vendor.qti.hardware.perf@2.2-service: type=1400 audit(0.0:904150): avc: denied { search } for comm=41646170744C61756E636820566D name="2596" dev="proc" ino=36034000 scontext=u:r:vendor_hal_perf_default:s0 tcontext=u:r:system_server:s0 tclass=dir permissive=0
05-29 10:42:59.540 29245 30629 W DynamiteModule: Local module descriptor class for com.google.android.gms.providerinstaller.dynamite not found.
05-29 10:42:59.546  4281  6201 W ProviderHelper: Unknown dynamite feature providerinstaller.dynamite
05-29 10:42:59.549 29245 30629 I DynamiteModule: Considering local module com.google.android.gms.providerinstaller.dynamite:0 and remote module com.google.android.gms.providerinstaller.dynamite:0
05-29 10:42:59.549 29245 30629 W ProviderInstaller: Failed to load providerinstaller module: No acceptable module com.google.android.gms.providerinstaller.dynamite found. Local version is 0 and remote version is 0.
05-29 10:42:59.556 29245 30629 D nativeloader: Configuring clns-8 for other apk /system/framework/org.apache.http.legacy.jar. target_sdk_version=34, uses_libraries=ALL, library_path=/data/app/~~lRj4pVpvp44P2k81hHiHSQ==/com.google.android.gms-D8fNy-ENxbXAvumj_9Gl6g==/lib/arm64:/data/app/~~lRj4pVpvp44P2k81hHiHSQ==/com.google.android.gms-D8fNy-ENxbXAvumj_9Gl6g==/base.apk!/lib/arm64-v8a, permitted_path=/data:/mnt/expand:/data/user/0/com.google.android.gms
05-29 10:42:59.556 29245 30629 D nativeloader: Extending system_exposed_libraries: libbinauralrenderer_wrapper.qti.so:libhoaeffects.qti.so:libQOC.qti.so:libmisys_jni.xiaomi.so:libupdateprof.qti.so:libthermalclient.qti.so:libQOC.qti.so:libdiag_system.qti.so:libqape.qti.so:liblistenjni.qti.so
05-29 10:42:59.559 29245 30629 D nativeloader: Configuring clns-9 for other apk /system/framework/com.android.media.remotedisplay.jar. target_sdk_version=34, uses_libraries=ALL, library_path=/data/app/~~lRj4pVpvp44P2k81hHiHSQ==/com.google.android.gms-D8fNy-ENxbXAvumj_9Gl6g==/lib/arm64:/data/app/~~lRj4pVpvp44P2k81hHiHSQ==/com.google.android.gms-D8fNy-ENxbXAvumj_9Gl6g==/base.apk!/lib/arm64-v8a, permitted_path=/data:/mnt/expand:/data/user/0/com.google.android.gms
05-29 10:42:59.559 29245 30629 D nativeloader: Extending system_exposed_libraries: libbinauralrenderer_wrapper.qti.so:libhoaeffects.qti.so:libQOC.qti.so:libmisys_jni.xiaomi.so:libupdateprof.qti.so:libthermalclient.qti.so:libQOC.qti.so:libdiag_system.qti.so:libqape.qti.so:liblistenjni.qti.so
05-29 10:42:59.562 29245 30629 W example.unilife: Loading /data/misc/apexdata/com.android.art/dalvik-cache/arm64/system@framework@com.android.location.provider.jar@classes.odex non-executable as it requires an image which we failed to load
05-29 10:42:59.564 29245 30629 D nativeloader: Configuring clns-10 for other apk /system/framework/com.android.location.provider.jar. target_sdk_version=34, uses_libraries=ALL, library_path=/data/app/~~lRj4pVpvp44P2k81hHiHSQ==/com.google.android.gms-D8fNy-ENxbXAvumj_9Gl6g==/lib/arm64:/data/app/~~lRj4pVpvp44P2k81hHiHSQ==/com.google.android.gms-D8fNy-ENxbXAvumj_9Gl6g==/base.apk!/lib/arm64-v8a, permitted_path=/data:/mnt/expand:/data/user/0/com.google.android.gms
05-29 10:42:59.564 29245 30629 D nativeloader: Extending system_exposed_libraries: libbinauralrenderer_wrapper.qti.so:libhoaeffects.qti.so:libQOC.qti.so:libmisys_jni.xiaomi.so:libupdateprof.qti.so:libthermalclient.qti.so:libQOC.qti.so:libdiag_system.qti.so:libqape.qti.so:liblistenjni.qti.so
05-29 10:42:59.568 29245 30629 D nativeloader: Configuring clns-11 for other apk /data/app/~~lRj4pVpvp44P2k81hHiHSQ==/com.google.android.gms-D8fNy-ENxbXAvumj_9Gl6g==/base.apk. target_sdk_version=34, uses_libraries=, library_path=/data/app/~~lRj4pVpvp44P2k81hHiHSQ==/com.google.android.gms-D8fNy-ENxbXAvumj_9Gl6g==/lib/arm64:/data/app/~~lRj4pVpvp44P2k81hHiHSQ==/com.google.android.gms-D8fNy-ENxbXAvumj_9Gl6g==/base.apk!/lib/arm64-v8a, permitted_path=/data:/mnt/expand:/data/user/0/com.google.android.gms
05-29 10:42:59.573 29245 30629 W ProviderInstaller: Failed to report request stats: com.google.android.gms.common.security.ProviderInstallerImpl.reportRequestStats [class android.content.Context, long, long]
05-29 10:42:59.580 29245 30629 V NativeCrypto: Registering com/google/android/gms/org/conscrypt/NativeCrypto's 305 native methods...
05-29 10:42:59.592 29245 29245 D LifecycleMonitor: Lifecycle status change: com.example.unilife.View.Activity.MainActivity@f4d2fea in: STARTED
05-29 10:42:59.593 29245 29245 V ActivityScenario: Activity lifecycle changed event received but ignored because the intent does not match. startActivityIntent=Intent { act=android.intent.action.MAIN cat=[android.intent.category.LAUNCHER] flg=0x10008000 cmp=com.example.unilife/.View.Activity.AccessoActivity }, activity.getIntent()=Intent { cmp=com.example.unilife/.View.Activity.MainActivity }, activity=com.example.unilife.View.Activity.MainActivity@f4d2fea
05-29 10:42:59.594 29245 30629 W example.unilife: Accessing hidden method Ljava/security/spec/ECParameterSpec;->getCurveName()Ljava/lang/String; (unsupported, reflection, allowed)
05-29 10:42:59.597 29245 29245 D LifecycleMonitor: Lifecycle status change: com.example.unilife.View.Activity.MainActivity@f4d2fea in: RESUMED
05-29 10:42:59.598 29245 29245 V ActivityScenario: Activity lifecycle changed event received but ignored because the intent does not match. startActivityIntent=Intent { act=android.intent.action.MAIN cat=[android.intent.category.LAUNCHER] flg=0x10008000 cmp=com.example.unilife/.View.Activity.AccessoActivity }, activity.getIntent()=Intent { cmp=com.example.unilife/.View.Activity.MainActivity }, activity=com.example.unilife.View.Activity.MainActivity@f4d2fea
05-29 10:42:59.612  4630  4630 D QtiRilInterface: onSensorChanged = 33171005
05-29 10:42:59.624 17336 17336 D RecentsImpl: mActivityStateObserver com.example.unilife.View.Activity.MainActivity
05-29 10:42:59.626 17336 17336 W RecentsImpl: onResumed className=com.example.unilife.View.Activity.MainActivity   mIsInAnotherPro=false   isKeyguardLocked=false   mSecuritySpaceGuideShown=false
05-29 10:42:59.633  1220  1220 I MI-SF   : surfaceflinger setAffinity mode=0
05-29 10:42:59.656  1596  6621 D ConnectivityService: requestNetwork for uid/pid:10471/29245 activeRequest: null callbackRequest: 21080 [NetworkRequest [ REQUEST id=21081, [ Capabilities: INTERNET&NOT_RESTRICTED&TRUSTED&NOT_VCN_MANAGED Uid: 10471 RequestorUid: 10471 RequestorPkg: com.example.unilife UnderlyingNetworks: Null] ]] callback flags: 0 order: 2147483647
05-29 10:42:59.660  1596  2642 D WifiNetworkFactory: got request NetworkRequest [ REQUEST id=21081, [ Capabilities: INTERNET&NOT_RESTRICTED&TRUSTED&NOT_VCN_MANAGED Uid: 10471 RequestorUid: 10471 RequestorPkg: com.example.unilife UnderlyingNetworks: Null] ]
05-29 10:42:59.660  1596  2642 D UntrustedWifiNetworkFactory: got request NetworkRequest [ REQUEST id=21081, [ Capabilities: INTERNET&NOT_RESTRICTED&TRUSTED&NOT_VCN_MANAGED Uid: 10471 RequestorUid: 10471 RequestorPkg: com.example.unilife UnderlyingNetworks: Null] ]
05-29 10:42:59.661  1596  2642 D OemPaidWifiNetworkFactory: got request NetworkRequest [ REQUEST id=21081, [ Capabilities: INTERNET&NOT_RESTRICTED&TRUSTED&NOT_VCN_MANAGED Uid: 10471 RequestorUid: 10471 RequestorPkg: com.example.unilife UnderlyingNetworks: Null] ]
05-29 10:42:59.661  1596  2642 D MultiInternetWifiNetworkFactory: got request NetworkRequest [ REQUEST id=21081, [ Capabilities: INTERNET&NOT_RESTRICTED&TRUSTED&NOT_VCN_MANAGED Uid: 10471 RequestorUid: 10471 RequestorPkg: com.example.unilife UnderlyingNetworks: Null] ]
05-29 10:42:59.663  1596  2666 D ConnectivityService: NetReassign [21081 : null → 171] [c 1] [a 0] [i 6]
05-29 10:42:59.672  1220  2449 D MI-SF   : [FpsStat] construct...
05-29 10:42:59.673  1596  6621 D SurfaceControl: nativeSetScreenProjection ===> setScreenProjection
05-29 10:42:59.674  1596  6621 D SurfaceControl: nativeSetScreenProjection ===> setScreenProjection
05-29 10:42:59.683 29245 30629 I ProviderInstaller: Installed default security provider GmsCore_OpenSSL
05-29 10:42:59.688  1220  1421 I SurfaceFlinger: sf.setTransactionState focusRequest transactionId:6854768776755 frontWin:b35a446 com.example.unilife/com.example.unilife.View.Activity.MainActivity
05-29 10:42:59.696  1220  1220 I SurfaceFlinger: sf.transactionIsReadyToBeApplied focusRequest transactionId:6854768776755
05-29 10:42:59.697  1220  2014 D SurfaceFlinger: updateInputFlinger::setFocusedWindow: windowName=b35a446 com.example.unilife/com.example.unilife.View.Activity.MainActivity focusRequests.size=1
05-29 10:42:59.710 29245 29245 E RecyclerView: No adapter attached; skipping layout
05-29 10:42:59.712 29245 29245 D VRI[MainActivity]: vri.reportNextDraw android.view.ViewRootImpl.performTraversals:3876 android.view.ViewRootImpl.doTraversal:2608 android.view.ViewRootImpl$TraversalRunnable.run:9617 android.view.Choreographer$CallbackRecord.run:1491 android.view.Choreographer$CallbackRecord.run:1499
05-29 10:42:59.713 29245 29245 D VRI[MainActivity]: vri.Setup new sync id=0 syncSeqId=0
05-29 10:42:59.734  1596  6621 D ConnectivityService: requestNetwork for uid/pid:10471/29245 activeRequest: null callbackRequest: 21082 [NetworkRequest [ REQUEST id=21083, [ Capabilities: INTERNET&NOT_RESTRICTED&TRUSTED&NOT_VCN_MANAGED Uid: 10471 RequestorUid: 10471 RequestorPkg: com.example.unilife UnderlyingNetworks: Null] ]] callback flags: 0 order: 2147483647
05-29 10:42:59.738  1596  2642 D WifiNetworkFactory: got request NetworkRequest [ REQUEST id=21083, [ Capabilities: INTERNET&NOT_RESTRICTED&TRUSTED&NOT_VCN_MANAGED Uid: 10471 RequestorUid: 10471 RequestorPkg: com.example.unilife UnderlyingNetworks: Null] ]
05-29 10:42:59.739  1596  2642 D UntrustedWifiNetworkFactory: got request NetworkRequest [ REQUEST id=21083, [ Capabilities: INTERNET&NOT_RESTRICTED&TRUSTED&NOT_VCN_MANAGED Uid: 10471 RequestorUid: 10471 RequestorPkg: com.example.unilife UnderlyingNetworks: Null] ]
05-29 10:42:59.739  1596  2642 D OemPaidWifiNetworkFactory: got request NetworkRequest [ REQUEST id=21083, [ Capabilities: INTERNET&NOT_RESTRICTED&TRUSTED&NOT_VCN_MANAGED Uid: 10471 RequestorUid: 10471 RequestorPkg: com.example.unilife UnderlyingNetworks: Null] ]
05-29 10:42:59.740  1596  2642 D MultiInternetWifiNetworkFactory: got request NetworkRequest [ REQUEST id=21083, [ Capabilities: INTERNET&NOT_RESTRICTED&TRUSTED&NOT_VCN_MANAGED Uid: 10471 RequestorUid: 10471 RequestorPkg: com.example.unilife UnderlyingNetworks: Null] ]
05-29 10:42:59.741  1596  2666 D ConnectivityService: NetReassign [21083 : null → 171] [c 0] [a 1] [i 5]
05-29 10:42:59.756 29245 30214 E perf_hint: Session creation failed, mPreferredRateNanos: -1
05-29 10:42:59.761 29245 29245 D VRI[MainActivity]: vri.reportDrawFinished syncSeqId=0 android.view.ViewRootImpl.lambda$createSyncIfNeeded$4$android-view-ViewRootImpl:3944 android.view.ViewRootImpl$$ExternalSyntheticLambda1.run:6 android.os.Handler.handleCallback:942 android.os.Handler.dispatchMessage:99 android.os.Looper.loopOnce:211
05-29 10:42:59.764 29245 29245 D DecorView[]: onWindowFocusChanged hasWindowFocus false
05-29 10:42:59.767  1220  1220 I MI-SF   : surfaceflinger setAffinity mode=1
05-29 10:42:59.767  1220  1220 I MI-SF   : surfaceflinger setreAffinity reTid=1424
05-29 10:42:59.778  1596  2053 I ActivityTaskManager: Displayed com.example.unilife/.View.Activity.MainActivity: +456ms
05-29 10:42:59.780  1220  1457 D RefreshRateConfigs: TouchBoost - choose Fps: 120.00 Hz
05-29 10:42:59.824  1596  6621 D CompatibilityInfo: mCompatibilityFlags - 0
05-29 10:42:59.824  1596  6621 D CompatibilityInfo: applicationDensity - 440
05-29 10:42:59.824  1596  6621 D CompatibilityInfo: applicationScale - 1.0
05-29 10:42:59.838 29245 30648 D TrafficStats: tagSocket(143) with statsTag=0xffffffff, statsUid=-1
05-29 10:42:59.842 29245 29245 D DecorView[]: onWindowFocusChanged hasWindowFocus true
05-29 10:42:59.848 29245 29245 I HandWritingStubImpl: refreshLastKeyboardType: 1
05-29 10:42:59.849 29245 29245 I HandWritingStubImpl: getCurrentKeyboardType: 1
05-29 10:42:59.853 17635 17635 I GoogleInputMethodService: GoogleInputMethodService.onFinishInput():3126
05-29 10:42:59.858 17635 17635 I GoogleInputMethodService: GoogleInputMethodService.updateDeviceLockedStatus():2216 repeatCheckTimes = 0, locked = false
05-29 10:42:59.859 17635 17635 I GoogleInputMethodService: GoogleInputMethodService.onStartInput():1954 onStartInput(EditorInfo{EditorInfo{packageName=com.example.unilife, inputType=0, inputTypeString=NULL, enableLearning=false, autoCorrection=false, autoComplete=false, imeOptions=0, privateImeOptions=null, actionName=UNSPECIFIED, actionLabel=null, initialSelStart=-1, initialSelEnd=-1, initialCapsMode=0, label=null, fieldId=-1, fieldName=null, extras=Bundle[mParcelledData.dataSize=72], hintText=null, hintLocales=[]}}, false)
05-29 10:42:59.860 17635 17635 I GoogleInputMethodService: GoogleInputMethodService.updateDeviceLockedStatus():2216 repeatCheckTimes = 1, locked = false
05-29 10:42:59.861 17635 17635 I AndroidIME: InputBundleManager.loadActiveInputBundleId():450 loadActiveInputBundleId: und-Latn-x-password, password
05-29 10:42:59.861 17635 17635 I HardKeyTracker: HardKeyTracker.registerKeySequence():150 Register key sequence jrw{labelResId=2132019807, callback=fne@189842c, lastModifier=0, keyCodes=[57, 57], actions=[1, 0]}
05-29 10:42:59.861 17635 17635 I HardKeyTracker: HardKeyTracker.registerKeySequence():150 Register key sequence jrw{labelResId=0, callback=fne@3caeafb, lastModifier=0, keyCodes=[58, 58], actions=[1, 0]}
05-29 10:42:59.870  4281 25771 W NetworkScheduler: Error inserting flex_time=3589000 job_id=-1 period=7180000 source=16 requires_charging=0 preferred_network_type=1 target_class=com.google.android.gms.measurement.PackageMeasurementTaskService user_id=0 target_package=com.google.android.gms tag=Measurement.PackageMeasurementTaskService.UPLOAD_TASK_TAG task_type=0 required_idleness_state=0 service_kind=0 source_version=242013000 persistence_level=1 preferred_charging_state=1 required_network_type=0 runtime=1716972179866 retry_strategy={"maximum_backoff_seconds":{"3600":0},"initial_backoff_seconds":{"30":0},"retry_policy":{"0":0}} last_runtime=0 [CONTEXT service_id=218 ]
05-29 10:42:59.870  4281 25771 W NetworkScheduler: android.database.sqlite.SQLiteConstraintException: UNIQUE constraint failed: pending_ops.tag, pending_ops.target_class, pending_ops.target_package, pending_ops.user_id (code 2067 SQLITE_CONSTRAINT_UNIQUE)
05-29 10:42:59.870  4281 25771 W NetworkScheduler: 	at android.database.sqlite.SQLiteConnection.nativeExecuteForLastInsertedRowId(Native Method)
05-29 10:42:59.870  4281 25771 W NetworkScheduler: 	at android.database.sqlite.SQLiteConnection.executeForLastInsertedRowId(SQLiteConnection.java:961)
05-29 10:42:59.870  4281 25771 W NetworkScheduler: 	at android.database.sqlite.SQLiteSession.executeForLastInsertedRowId(SQLiteSession.java:790)
05-29 10:42:59.870  4281 25771 W NetworkScheduler: 	at android.database.sqlite.SQLiteStatement.executeInsert(SQLiteStatement.java:89)
05-29 10:42:59.870  4281 25771 W NetworkScheduler: 	at android.database.sqlite.SQLiteDatabase.insertWithOnConflict(SQLiteDatabase.java:1868)
05-29 10:42:59.870  4281 25771 W NetworkScheduler: 	at android.database.sqlite.SQLiteDatabase.insertOrThrow(SQLiteDatabase.java:1763)
05-29 10:42:59.870  4281 25771 W NetworkScheduler: 	at daod.d(:com.google.android.gms@242013038@24.20.13 (190400-633713831):735)
05-29 10:42:59.870  4281 25771 W NetworkScheduler: 	at dalq.n(:com.google.android.gms@242013038@24.20.13 (190400-633713831):29)
05-29 10:42:59.870  4281 25771 W NetworkScheduler: 	at dalq.u(:com.google.android.gms@242013038@24.20.13 (190400-633713831):360)
05-29 10:42:59.870  4281 25771 W NetworkScheduler: 	at dalq.h(:com.google.android.gms@242013038@24.20.13 (190400-633713831):51)
05-29 10:42:59.870  4281 25771 W NetworkScheduler: 	at dagt.run(:com.google.android.gms@242013038@24.20.13 (190400-633713831):72)
05-29 10:42:59.870  4281 25771 W NetworkScheduler: 	at amtr.c(:com.google.android.gms@242013038@24.20.13 (190400-633713831):50)
05-29 10:42:59.870  4281 25771 W NetworkScheduler: 	at amtr.run(:com.google.android.gms@242013038@24.20.13 (190400-633713831):76)
05-29 10:42:59.870  4281 25771 W NetworkScheduler: 	at java.util.concurrent.ThreadPoolExecutor.runWorker(ThreadPoolExecutor.java:1145)
05-29 10:42:59.870  4281 25771 W NetworkScheduler: 	at java.util.concurrent.ThreadPoolExecutor$Worker.run(ThreadPoolExecutor.java:644)
05-29 10:42:59.870  4281 25771 W NetworkScheduler: 	at amzi.run(:com.google.android.gms@242013038@24.20.13 (190400-633713831):8)
05-29 10:42:59.870  4281 25771 W NetworkScheduler: 	at java.lang.Thread.run(Thread.java:1012)
05-29 10:42:59.877  4281 25771 W NetworkScheduler: Error inserting flex_time=3589000 job_id=-1 period=7180000 source=16 requires_charging=0 preferred_network_type=1 target_class=com.google.android.gms.measurement.PackageMeasurementTaskService user_id=0 target_package=com.google.android.gms tag=Measurement.PackageMeasurementTaskService.UPLOAD_TASK_TAG task_type=0 required_idleness_state=0 service_kind=0 source_version=242013000 persistence_level=1 preferred_charging_state=1 required_network_type=0 runtime=1716972179870 retry_strategy={"maximum_backoff_seconds":{"3600":0},"initial_backoff_seconds":{"30":0},"retry_policy":{"0":0}} last_runtime=0 [CONTEXT service_id=218 ]
05-29 10:42:59.877  4281 25771 W NetworkScheduler: android.database.sqlite.SQLiteConstraintException: UNIQUE constraint failed: pending_ops.tag, pending_ops.target_class, pending_ops.target_package, pending_ops.user_id (code 2067 SQLITE_CONSTRAINT_UNIQUE)
05-29 10:42:59.877  4281 25771 W NetworkScheduler: 	at android.database.sqlite.SQLiteConnection.nativeExecuteForLastInsertedRowId(Native Method)
05-29 10:42:59.877  4281 25771 W NetworkScheduler: 	at android.database.sqlite.SQLiteConnection.executeForLastInsertedRowId(SQLiteConnection.java:961)
05-29 10:42:59.877  4281 25771 W NetworkScheduler: 	at android.database.sqlite.SQLiteSession.executeForLastInsertedRowId(SQLiteSession.java:790)
05-29 10:42:59.877  4281 25771 W NetworkScheduler: 	at android.database.sqlite.SQLiteStatement.executeInsert(SQLiteStatement.java:89)
05-29 10:42:59.877  4281 25771 W NetworkScheduler: 	at android.database.sqlite.SQLiteDatabase.insertWithOnConflict(SQLiteDatabase.java:1868)
05-29 10:42:59.877  4281 25771 W NetworkScheduler: 	at android.database.sqlite.SQLiteDatabase.insertOrThrow(SQLiteDatabase.java:1763)
05-29 10:42:59.877  4281 25771 W NetworkScheduler: 	at daod.d(:com.google.android.gms@242013038@24.20.13 (190400-633713831):735)
05-29 10:42:59.877  4281 25771 W NetworkScheduler: 	at dalq.n(:com.google.android.gms@242013038@24.20.13 (190400-633713831):29)
05-29 10:42:59.877  4281 25771 W NetworkScheduler: 	at dalq.u(:com.google.android.gms@242013038@24.20.13 (190400-633713831):360)
05-29 10:42:59.877  4281 25771 W NetworkScheduler: 	at dalq.h(:com.google.android.gms@242013038@24.20.13 (190400-633713831):51)
05-29 10:42:59.877  4281 25771 W NetworkScheduler: 	at dagt.run(:com.google.android.gms@242013038@24.20.13 (190400-633713831):72)
05-29 10:42:59.877  4281 25771 W NetworkScheduler: 	at amtr.c(:com.google.android.gms@242013038@24.20.13 (190400-633713831):50)
05-29 10:42:59.877  4281 25771 W NetworkScheduler: 	at amtr.run(:com.google.android.gms@242013038@24.20.13 (190400-633713831):97)
05-29 10:42:59.877  4281 25771 W NetworkScheduler: 	at java.util.concurrent.ThreadPoolExecutor.runWorker(ThreadPoolExecutor.java:1145)
05-29 10:42:59.877  4281 25771 W NetworkScheduler: 	at java.util.concurrent.ThreadPoolExecutor$Worker.run(ThreadPoolExecutor.java:644)
05-29 10:42:59.877  4281 25771 W NetworkScheduler: 	at amzi.run(:com.google.android.gms@242013038@24.20.13 (190400-633713831):8)
05-29 10:42:59.877  4281 25771 W NetworkScheduler: 	at java.lang.Thread.run(Thread.java:1012)
05-29 10:42:59.928 29245 30648 W example.unilife: Accessing hidden field Ljava/net/Socket;->impl:Ljava/net/SocketImpl; (unsupported, reflection, allowed)
05-29 10:43:00.002  3299  3299 D KeyguardUpdateMonitor: received broadcast android.intent.action.TIME_TICK
05-29 10:43:00.003  3299  3299 D KeyguardUpdateMonitor: handleTimeUpdate
05-29 10:43:00.034 17370 18202 D TrafficManageService: onReceive: intent.action = com.android.server.action.NETWORK_STATS_UPDATED
05-29 10:43:00.036 17370 18202 D TrafficManageService-TrafficSimManager: notifyByNetChange: gooooo
05-29 10:43:00.038 17370 18202 D TrafficManageService-TrafficSimManager: getMonthDataUsageUsed: new_get = 14251766423
05-29 10:43:00.067 29245 30648 W example.unilife: Accessing hidden method Ljava/security/spec/ECParameterSpec;->setCurveName(Ljava/lang/String;)V (unsupported, reflection, allowed)
05-29 10:43:00.112  4630  4630 D QtiRilInterface: onSensorChanged = 33171005
05-29 10:43:00.313 29245 29245 D LifecycleMonitor: Lifecycle status change: com.example.unilife.View.Activity.AccessoActivity@336012c in: STOPPED
05-29 10:43:00.313 29245 29245 V ActivityScenario: Update currentActivityStage to STOPPED, currentActivity=com.example.unilife.View.Activity.AccessoActivity@336012c
05-29 10:43:00.317 29245 29245 D LifecycleMonitor: Lifecycle status change: com.example.unilife.View.Activity.AccessoActivity@336012c in: DESTROYED
05-29 10:43:00.318 29245 29245 V ActivityScenario: Update currentActivityStage to DESTROYED, currentActivity=null
05-29 10:43:00.319  3305  3305 V InlineSuggestionRenderService: handleDestroySuggestionViews called for 0:504729144
