05-29 10:42:52.608  1149  1277 W ANDR-PERF-LM: MetaMeter: handleSecondaryAsync() 151: PreKill MetaMeterThread start(). No MeterMgr Available to handle this Secondary/Data Async. !!!!
05-29 10:42:52.609 17336 17336 D Launcher.Workspace: Workspace touch down
05-29 10:42:52.609 17336 17336 D ScreenView_Workspace: onIntercept:0.0
05-29 10:42:52.609 17336 17336 D ScreenView_Workspace: not intercept
05-29 10:42:52.609 17336  1579 D Launcher.Boost: bindcore 200
05-29 10:42:52.609 17336 17336 D Launcher.CellLayout: touch item:LauncherAppWidgetInfo, id=154, itemType=4, user=UserHandle{0}, screenId=6, container=-100, cellX=0, cellY=0, spanX=4, spanY=6
05-29 10:42:52.612  4630  4630 D QtiRilInterface: onSensorChanged = 33171005
05-29 10:42:52.635 17336 17336 D Launcher.StatusBarController: dx(-54.424194) over mTouchSlop(44.0), don't intercept
05-29 10:42:52.635 17336 17336 E BranchAllAppsIndicator: changedByBranch: callBack = null
05-29 10:42:52.654  1220  1220 I MI-SF   : surfaceflinger setAffinity mode=1
05-29 10:42:52.654  1220  1220 I MI-SF   : surfaceflinger setreAffinity reTid=1424
05-29 10:42:52.660  1220  1220 I MI-SF   : surfaceflinger setAffinity mode=0
05-29 10:42:52.686  1596  2606 D MIUIInput: [MotionEvent] publisher action=0x1, 243452249, channel 'bab3719 com.miui.home/com.miui.home.launcher.Launcher (server)'
05-29 10:42:52.686  1596  2606 D MIUIInput: [MotionEvent] publisher action=0x1, 243452249, channel '[Gesture Monitor] miui-gesture (server)'
05-29 10:42:52.686 17336 17336 D Launcher.Workspace: Workspace touch up or cancel
05-29 10:42:52.686 17336 17336 D ScreenView_Workspace: on touch up
05-29 10:42:52.686 17336 17336 D ScreenView_Workspace: snapByVelocity
05-29 10:42:52.687 17336 17336 D ScreenView_Workspace: startScroll:4320
05-29 10:42:52.687 17336 17336 E BranchAllAppsIndicator: changedByBranch: callBack = null
05-29 10:42:52.688 17336 17784 D StatusBarController: handleMessage: flag 800000  disable false
05-29 10:42:52.693 17336 17336 D Launcher_WallpaperUtils: changeStatusBarMode:false
05-29 10:42:52.809 17336  1579 D Launcher.Boost: bindcore 78
05-29 10:42:53.019  1220  1220 I MI-SF   : surfaceflinger setAffinity mode=1
05-29 10:42:53.020  1220  1220 I MI-SF   : surfaceflinger setreAffinity reTid=1424
05-29 10:42:53.034  1220  1220 I MI-SF   : surfaceflinger setAffinity mode=0
05-29 10:42:53.113  4630  4630 D QtiRilInterface: onSensorChanged = 33171005
05-29 10:42:53.126 17336 17336 D ScreenView_Workspace: setCurrentScreenInner:4
05-29 10:42:53.126 17336 17336 I Launcher.widget: onInvisible WhatsApp
05-29 10:42:53.126 17336 17336 D EventBus: No subscribers registered for event class com.miui.home.launcher.common.messages.CurrentScreenIdMessage
05-29 10:42:53.126 17336 17336 D EventBus: No subscribers registered for event class org.greenrobot.eventbus.NoSubscriberEvent
05-29 10:42:53.126 17336 17336 E BranchAllAppsIndicator: changedByBranch: callBack = null
05-29 10:42:53.127 17336 17336 D Launcher.UserPresentAnimation: checkMissingIcon
05-29 10:42:53.171  3208  3208 D QtiCarrierConfigHelper: WARNING, no carrier configs on phone Id: 1
05-29 10:42:53.173  7279  7484 D PowerCheckerService: onBatteryChanged, mBatteryLevel = 93, status = 2, level = 93, plug = 2, scale = 100
05-29 10:42:53.173 17370 17370 I BatteryInfoReceiver: ACTION_BATTERY_CHANGED
05-29 10:42:53.174 17370 17370 I PowerSaveService: onReceive: android.intent.action.BATTERY_CHANGED
05-29 10:42:53.174  1596  2111 I android_os_HwBinder: HwBinder: Starting thread pool for getting: vendor.xiaomi.hardware.micharge@1.0::IMiCharge/default
05-29 10:42:53.174  1163  1255 E vendor.xiaomi.hardware.micharge@1.0-service: Failed to open node /sys/class/qcom-battery/reverse_chg_mode
05-29 10:42:53.174  1163  1255 I vendor.xiaomi.hardware.micharge@1.0-service: ReadFilePathValue path = /sys/class/qcom-battery/reverse_chg_mode value =
05-29 10:42:53.175  7279  7484 D PowerKeeper.Thermal: mBatteryTemperature: 33
05-29 10:42:53.175 17370 17370 I PowerNoticeUI: handleBatteryChanged oldPlugType 2 mPlugType 2 oldBatteryLevel 93 mBatteryLevel 93 temperature 335
05-29 10:42:53.176  1596  2111 I android_os_HwBinder: HwBinder: Starting thread pool for getting: vendor.xiaomi.hardware.micharge@1.0::IMiCharge/default
05-29 10:42:53.176  1163  1255 E vendor.xiaomi.hardware.micharge@1.0-service: Failed to open node /sys/class/qcom-battery/fastchg_mode
05-29 10:42:53.176  1163  1255 I vendor.xiaomi.hardware.micharge@1.0-service: ReadFilePathValue path = /sys/class/qcom-battery/fastchg_mode value =
05-29 10:42:53.205  3239  3239 V DeviceStatisticsService: chargerType=2 batteryLevel=93 totalBatteryCapacity=4404000
05-29 10:42:53.218  1596  2606 D MIUIInput: [MotionEvent] publisher action=0x4, 243452781, channel 'd935fe8 NavigationBar0 (server)'
05-29 10:42:53.218  1596  2606 D MIUIInput: [MotionEvent] publisher action=0x0, 243452781, channel 'bab3719 com.miui.home/com.miui.home.launcher.Launcher (server)'
05-29 10:42:53.218  1596  2606 D MIUIInput: [MotionEvent] publisher action=0x0, 243452781, channel '[Gesture Monitor] miui-gesture (server)'
05-29 10:42:53.218 17336 17336 D EventBus: No subscribers registered for event class com.miui.home.launcher.common.messages.EndSpringAnimatorMessage
05-29 10:42:53.218 17336 17336 D EventBus: No subscribers registered for event class org.greenrobot.eventbus.NoSubscriberEvent
05-29 10:42:53.219 17336 17336 D FeedSwipeController: touchState : 0 scrolling : false normalEditing : false WidgetThumbnailViewShowing : false UninstallDialogShowing : false isMinusScreenShowing: false
05-29 10:42:53.219 17336 17336 D FeedSwipeController: can not use
05-29 10:42:53.219 17336 17336 D Launcher.StatusBarController: try intercept touch, isProxySurvive=true
05-29 10:42:53.220  1220  1457 D RefreshRateConfigs: TouchBoost - choose Fps: 120.00 Hz
05-29 10:42:53.221 17336 17336 D Launcher.Workspace: Workspace touch down
05-29 10:42:53.221 17336 17336 D ScreenView_Workspace: onIntercept:0.0
05-29 10:42:53.221 17336 17336 D ScreenView_Workspace: not intercept
05-29 10:42:53.222 17336 17336 D Launcher.CellLayout: touch item:ShortcutInfo, id=272, itemType=0, user=UserHandle{0}, mIconType=0, pkgName=com.example.unilife, className=com.example.unilife.View.Activity.AccessoActivity, screenId=7, container=-100, cellX=0, cellY=0, spanX=1, spanY=1
05-29 10:42:53.222 17336 17336 D Launcher.itemIcon: folmeDown
05-29 10:42:53.224 17336  1579 D Launcher.Boost: bindcore 200
05-29 10:42:53.228 17336 17336 D Launcher_WallpaperUtils: changeStatusBarMode:false
05-29 10:42:53.228 17336 17784 D StatusBarController: handleMessage: flag 800000  disable false
05-29 10:42:53.269  1596  2606 D MIUIInput: [MotionEvent] publisher action=0x1, 243452833, channel 'bab3719 com.miui.home/com.miui.home.launcher.Launcher (server)'
05-29 10:42:53.269  1596  2606 D MIUIInput: [MotionEvent] publisher action=0x1, 243452833, channel '[Gesture Monitor] miui-gesture (server)'
05-29 10:42:53.270 17336 17336 D Launcher.Workspace: Workspace touch up or cancel
05-29 10:42:53.271 17336 17336 D ScreenView_Workspace: oninterceput up
05-29 10:42:53.271 17336 17336 E BranchAllAppsIndicator: changedByBranch: callBack = null
05-29 10:42:53.271 17336 17336 D Launcher.itemIcon: folmeUp
05-29 10:42:53.273 17336 17336 E QuickstepAppTransitionManagerImpl: getActivityLaunchOptions iconLoc=Rect(78, 187 - 250, 359)
05-29 10:42:53.277  1596  3353 D MiuiMultiWindowAdapter: MiuiMultiWindowAdapter::getCanStartActivityFromFullscreenToFreefromList::LIST_CAN_START_ACTIVITY_FROM_FULLSCREEN_TO_FREEFROM = [com.alipay.android.phone.wallet.aptrip.ui.ApTripActivity, com.alipay.mobile.onsitepay.merge.OnsitepayActivity, com.alipay.mobile.nebulax.integration.mpaas.activity.NebulaActivity$Main, com.alipay.mobile.scan.as.main.MainCaptureActivity]
05-29 10:42:53.279  1596  3353 D MiuiMultiWindowAdapter: MiuiMultiWindowAdapter::getLaunchInTaskList::LIST_LAUNCH_IN_TASK = [com.android.bluetooth/.opp.BluetoothOppLauncherActivity, com.android.bluetooth/.opp.BluetoothOppBtEnableActivity]
05-29 10:42:53.281  1149  1272 E ANDR-PERF-OPTSHANDLER: Perflock resource /sys/class/devfreq/soc:qcom,cpubw/max_freq not supported
05-29 10:42:53.281  1149  1272 E ANDR-PERF-RESOURCEQS: Failed to apply optimization [6, 6]
05-29 10:42:53.281  1149  1272 E ANDR-PERF-OPTSHANDLER: Perflock resource /sys/class/devfreq/soc:qcom,cpubw/min_freq not supported
05-29 10:42:53.281  1149  1272 E ANDR-PERF-RESOURCEQS: Failed to apply optimization [6, 0]
05-29 10:42:53.282  1596  3353 D MiGgameTypeIdentificationImpl: checkIfGameBeSupported app:com.example.unilife
05-29 10:42:53.282  1596  3353 E ANDR-PERF-JNI: com_qualcomm_qtiperformance_native_perf_io_prefetch_start
05-29 10:42:53.283  1149  1277 E ANDR-PERF-LM: MetaMeter: handleAsync() 166: AdaptLaunch Invalid Async
05-29 10:42:53.283  1149  1277 E ANDR-PERF-LM: MetaMeter: handleAsync() 166: AdaptLaunch Invalid Async
05-29 10:42:53.284  1149  1277 E ANDR-PERF-LM: MetaMeter: handleAsync() 166: AdaptLaunch Invalid Async
05-29 10:42:53.292  1596  3353 D PerfStubImpl: perfWarmLaunchBoost: com.example.unilife, -1, 1
05-29 10:42:53.293  1596  3353 D ActivityTrigger: ActivityTrigger activityPauseTrigger
05-29 10:42:53.293  1220  1220 I MI-SF   : surfaceflinger setAffinity mode=1
05-29 10:42:53.293  1220  1220 I MI-SF   : surfaceflinger setreAffinity reTid=1424
05-29 10:42:53.296 17336 17363 D TaskStackChangeListeners: onTaskDisplayChanged =  taskId = 895 newDisplayId = 0
05-29 10:42:53.297 17336 17336 D Launcher.ShortcutInfo: onAddToDatabase, this=ShortcutInfo, id=272, itemType=0, user=UserHandle{0}, mIconType=0, pkgName=com.example.unilife, className=com.example.unilife.View.Activity.AccessoActivity, screenId=7, container=-100, cellX=0, cellY=0, spanX=1, spanY=1
05-29 10:42:53.297 17336 17336 D Launcher.Model: Update item in database (0, 0) of screen 7 under container -100
05-29 10:42:53.297 17336 17336 D Launcher.Model: updateItemInDatabase, item=ShortcutInfo, id=272, itemType=0, user=UserHandle{0}, mIconType=0, pkgName=com.example.unilife, className=com.example.unilife.View.Activity.AccessoActivity, screenId=7, container=-100, cellX=0, cellY=0, spanX=1, spanY=1
05-29 10:42:53.298  1147  4224 E ANDR-IOP: io prefetch is disabled
05-29 10:42:53.300 17336 22289 D TaskStackChangeListeners: onTaskDescriptionChanged =  taskId = 895
05-29 10:42:53.302  1220  1220 I MI-SF   : surfaceflinger setAffinity mode=0
05-29 10:42:53.302  1149  1272 E ANDR-PERF-OPTSHANDLER: Perflock resource /sys/class/devfreq/soc:qcom,cpubw/max_freq not supported
05-29 10:42:53.302  1149  1272 E ANDR-PERF-RESOURCEQS: Failed to apply optimization [6, 6]
05-29 10:42:53.302  1149  1272 E ANDR-PERF-OPTSHANDLER: Perflock resource /sys/class/devfreq/soc:qcom,cpubw/min_freq not supported
05-29 10:42:53.302  1149  1272 E ANDR-PERF-RESOURCEQS: Failed to apply optimization [6, 0]
05-29 10:42:53.303 17336 17336 D Launcher.Lifecycle: onPause:UserHandle{0},a78a617,true
05-29 10:42:53.303 17336 17336 D Launcher_UnlockAnimationStateMachine: onPause = IDLE
05-29 10:42:53.303 17336 17336 D Launcher_UnlockAnimationStateMachine: setState:PAUSE_WAIT
05-29 10:42:53.303 17336 22289 D RecentsModel: onTaskStackChangedBackground
05-29 10:42:53.304  2976 13968 W OpenGLRenderer: Surface doesn't have any previously queued frames, nothing to readback from
05-29 10:42:53.304 17336 22289 D EventBus: No subscribers registered for event class com.miui.home.recents.messages.RecentTasksChangedEvent
05-29 10:42:53.304 17336 18412 D RecentsModel: onTaskStackChangedBackground    MSG_TASK_STACK_CHANGE
05-29 10:42:53.304  1596  3353 D PerfStubImpl: perfWarmLaunchBoost: com.example.unilife, -1, 1
05-29 10:42:53.304 17336 18412 D RecentsModel: preloadRecents
05-29 10:42:53.304  1149  1272 E ANDR-PERF-OPTSHANDLER: Perflock resource /sys/class/devfreq/soc:qcom,cpubw/max_freq not supported
05-29 10:42:53.304 17336 18412 W RecentsModel: getRunningTask
05-29 10:42:53.304  1149  1272 E ANDR-PERF-RESOURCEQS: Failed to apply optimization [6, 6]
05-29 10:42:53.304  1149  1272 E ANDR-PERF-OPTSHANDLER: Perflock resource /sys/class/devfreq/soc:qcom,cpubw/min_freq not supported
05-29 10:42:53.304  1149  1272 E ANDR-PERF-RESOURCEQS: Failed to apply optimization [6, 0]
05-29 10:42:53.304  1149  1277 W ANDR-PERF-LM: MetaMeter: handlePrimaryAsync() 118: AdaptLaunch MetaMeter. No MeterMgr Available to handle this Primary Async. !!!!
05-29 10:42:53.305 17336 22289 D EventBus: No subscribers registered for event class org.greenrobot.eventbus.NoSubscriberEvent
05-29 10:42:53.305  1149  1272 E ANDR-PERF-OPTSHANDLER: Perflock resource /sys/class/devfreq/soc:qcom,cpubw/max_freq not supported
05-29 10:42:53.305  1149  1272 E ANDR-PERF-RESOURCEQS: Failed to apply optimization [6, 6]
05-29 10:42:53.305  1149  1272 E ANDR-PERF-OPTSHANDLER: Perflock resource /sys/class/devfreq/soc:qcom,cpubw/min_freq not supported
05-29 10:42:53.305  1149  1272 E ANDR-PERF-RESOURCEQS: Failed to apply optimization [6, 0]
05-29 10:42:53.306  1149  1277 W ANDR-PERF-LM: MetaMeter: handlePrimaryAsync() 118: AdaptLaunch MetaMeter. No MeterMgr Available to handle this Primary Async. !!!!
05-29 10:42:53.309  1149  1277 E ANDR-PERF-LM: MetaMeter: handleAsync() 166: AdaptLaunch Invalid Async
05-29 10:42:53.309  1596  3353 D CompatibilityInfo: mCompatibilityFlags - 0
05-29 10:42:53.309  1596  3353 D CompatibilityInfo: applicationDensity - 440
05-29 10:42:53.309  1596  3353 D CompatibilityInfo: applicationScale - 1.0
05-29 10:42:53.311  1220  1220 I MI-SF   : surfaceflinger setAffinity mode=1
05-29 10:42:53.311  1220  1220 I MI-SF   : surfaceflinger setreAffinity reTid=1424
05-29 10:42:53.320  1596  2781 D CameraBlackCoveredManager: mForegroundPackage = com.example.unilife mOccupiedPackage = com.android.camera
05-29 10:42:53.320 17370 26462 I ProcessMonitor: onForegroundInfoChanged: ForegroundInfo{mForegroundPackageName='com.example.unilife', mForegroundUid=10471, mForegroundPid=29245, mLastForegroundPackageName='com.miui.home', mLastForegroundUid=10112, mLastForegroundPid=17336, mMultiWindowForegroundPackageName='com.example.unilife', mMultiWindowForegroundUid=10471, mFlags=0}
05-29 10:42:53.320  1596  2781 I NetworkBoostStatusManager: onForegroundInfoChanged uid:10471, isColdStart:false
05-29 10:42:53.320  1596  2781 I SLM-SRV-SLAToast: foreground uid:10471, isColdStart:false, isLinkTurboEnable:false
05-29 10:42:53.321  7279  8138 D PerfEngineController: ForegroundInfo{mForegroundPackageName='com.example.unilife', mForegroundUid=10471, mForegroundPid=29245, mLastForegroundPackageName='com.miui.home', mLastForegroundUid=10112, mLastForegroundPid=17336, mMultiWindowForegroundPackageName='com.example.unilife', mMultiWindowForegroundUid=10471, mFlags=0}
05-29 10:42:53.321 17336 18412 W RecentsModel: getRunningTask   taskInfo=TaskInfo{userId=0 taskId=895 displayId=0 isRunning=true baseIntent=Intent { act=android.intent.action.MAIN cat=[android.intent.category.LAUNCHER] flg=0x10200000 cmp=com.example.unilife/.View.Activity.AccessoActivity } baseActivity=ComponentInfo{com.example.unilife/com.example.unilife.View.Activity.AccessoActivity} topActivity=ComponentInfo{com.example.unilife/com.example.unilife.View.Activity.AccessoActivity} origActivity=null realActivity=ComponentInfo{com.example.unilife/com.example.unilife.View.Activity.AccessoActivity} numActivities=1 lastActiveTime=525851752 supportsSplitScreenMultiWindow=true supportsMultiWindow=true resizeMode=1 isResizeable=true minWidth=-1 minHeight=-1 defaultMinSize=200 token=WCT{android.window.IWindowContainerToken$Stub$Proxy@82c2137} topActivityType=1 pictureInPictureParams=null shouldDockBigOverlays=false launchIntoPipHostTaskId=0 displayCutoutSafeInsets=Rect(0, 90 - 0, 0) topActivityInfo=ActivityInfo{47316a4 com.example.unilife.View.Activity.AccessoActivity} launchCookies=[] positionInParent=Point(0, 0) parentTaskId=-1 isFocused=true isVisible=false isSleeping=false topActivityInSizeCompat=false topActivityInMiuiSizeCompat=false topActivityEligibleForLetterboxEducation= false locusId=null displayAreaFeatureId=1 cameraCompatControlState=hidden mIsCastMode=false}
05-29 10:42:53.321 17336 18412 W RecentsModel: getTaskInfoIgnoreHomeAndFreeform   taskInfo=ComponentInfo{com.example.unilife/com.example.unilife.View.Activity.AccessoActivity}
05-29 10:42:53.321 17336 22289 D AppObserver: ForegroundInfo{mForegroundPackageName='com.example.unilife', mForegroundUid=10471, mForegroundPid=29245, mLastForegroundPackageName='com.miui.home', mLastForegroundUid=10112, mLastForegroundPid=17336, mMultiWindowForegroundPackageName='com.example.unilife', mMultiWindowForegroundUid=10471, mFlags=0}
05-29 10:42:53.322 17395 28282 I ProcessMonitor: onForegroundInfoChanged: ForegroundInfo{mForegroundPackageName='com.example.unilife', mForegroundUid=10471, mForegroundPid=29245, mLastForegroundPackageName='com.miui.home', mLastForegroundUid=10112, mLastForegroundPid=17336, mMultiWindowForegroundPackageName='com.example.unilife', mMultiWindowForegroundUid=10471, mFlags=0}
05-29 10:42:53.322  7279  7484 I ThermalInfoCollector: collectForgroundAppsInfo: com.miui.home
05-29 10:42:53.323 17370 22694 D k1      : myUserId = 0	currentUserId0
05-29 10:42:53.320  7497  7522 I GST     : forePkg: com.example.unilife, preForePkg: com.miui.home
05-29 10:42:53.326 17336 18412 E ActivityManagerWrapper: get all recent tasks force including 895
05-29 10:42:53.327  1220  1220 I MI-SF   : surfaceflinger setAffinity mode=0
05-29 10:42:53.331  2976 13968 W OpenGLRenderer: Surface doesn't have any previously queued frames, nothing to readback from
05-29 10:42:53.331  1596  2186 I libprocessgroup: Successfully killed process cgroup uid 10160 pid 28114 in 6ms
05-29 10:42:53.331  1220  1421 I SurfaceFlinger: sf.setTransactionState focusRequest transactionId:6854768776538 frontWin:<null>
05-29 10:42:53.333  1596  2637 I MiuiNetworkPolicy: updateUidState uid = 10471, uidState = 2
05-29 10:42:53.333 17370 26462 I GameBoosterService: onForegroundInfoChanged: Cur=com.example.unilife	 last=com.miui.home
05-29 10:42:53.334  1220  1421 D MI-SF   : [FpsStat] construct...
05-29 10:42:53.335  1596  1726 D SurfaceControl: nativeSetScreenProjection ===> setScreenProjection
05-29 10:42:53.336  1596  1726 D SurfaceControl: nativeSetScreenProjection ===> setScreenProjection
05-29 10:42:53.338 17336 18412 E ActivityManagerWrapper: getRecentTasks: size=5
05-29 10:42:53.338 17336 18412 E ActivityManagerWrapper: getRecentTasks: mainTaskId=895   userId=0   baseIntent=Intent { act=android.intent.action.MAIN flag=270532608 cmp=ComponentInfo{com.example.unilife/com.example.unilife.View.Activity.AccessoActivity} }
05-29 10:42:53.338 17336 18412 E ActivityManagerWrapper: getRecentTasks: mainTaskId=894   userId=0   baseIntent=Intent { act=android.intent.action.VIEW flag=411041792 cmp=ComponentInfo{com.miui.securitycenter/com.miui.permcenter.install.AdbInstallActivity} }
05-29 10:42:53.338 17336 18412 E ActivityManagerWrapper: getRecentTasks: mainTaskId=867   userId=0   baseIntent=Intent { act=android.intent.action.MAIN flag=270532608 cmp=ComponentInfo{com.whatsapp/com.whatsapp.Main} }
05-29 10:42:53.338 17336 18412 E ActivityManagerWrapper: getRecentTasks: mainTaskId=844   userId=0   baseIntent=Intent { act=MessageNotificationIntentExtras.READ_MESSAGE_FROM_NOTIFICATION flag=872415232 cmp=ComponentInfo{com.microsoft.office.outlook/com.acompli.acompli.CentralActivity} }
05-29 10:42:53.338 17336 18412 E ActivityManagerWrapper: getRecentTasks: mainTaskId=838   userId=0   baseIntent=Intent { act=android.intent.action.MAIN flag=270532608 cmp=ComponentInfo{com.android.camera/com.android.camera.Camera} }
05-29 10:42:53.339  1220  1220 I SurfaceFlinger: sf.transactionIsReadyToBeApplied focusRequest transactionId:6854768776538
05-29 10:42:53.340  1220  2014 D SurfaceFlinger: updateInputFlinger::setFocusedWindow: windowName=<null> focusRequests.size=1
05-29 10:42:53.341 17336 17336 D Launcher.Lifecycle: onWindowFocusChanged:false,UserHandle{0},a78a617,true
05-29 10:42:53.341 17336 17336 D DecorView[Launcher]: onWindowFocusChanged hasWindowFocus false
05-29 10:42:53.346  1220  1220 I MI-SF   : surfaceflinger setAffinity mode=1
05-29 10:42:53.346  1220  1220 I MI-SF   : surfaceflinger setreAffinity reTid=1424
05-29 10:42:53.348  3299  3420 D VRI[unilife]: vri.reportNextDraw android.view.ViewRootImpl.performTraversals:3876 android.view.ViewRootImpl.doTraversal:2608 android.view.ViewRootImpl$TraversalRunnable.run:9617 android.view.Choreographer$CallbackRecord.run:1491 android.view.Choreographer$CallbackRecord.run:1499
05-29 10:42:53.349  3299  3420 D VRI[unilife]: vri.Setup new sync id=0 syncSeqId=0
05-29 10:42:53.349  2976 13968 W OpenGLRenderer: Surface doesn't have any previously queued frames, nothing to readback from
05-29 10:42:53.351  1220  1220 I MI-SF   : surfaceflinger setAffinity mode=0
05-29 10:42:53.352  1596  2637 I MiuiNetworkPolicy: updateUidState uid = 10160, uidState = 19
05-29 10:42:53.358 17370 26462 D GameBoosterService: onGameStatusChange foreground:ForegroundInfo{mForegroundPackageName='com.example.unilife', mForegroundUid=10471, mForegroundPid=29245, mLastForegroundPackageName='com.miui.home', mLastForegroundUid=10112, mLastForegroundPid=17336, mMultiWindowForegroundPackageName='com.example.unilife', mMultiWindowForegroundUid=10471, mFlags=0}
05-29 10:42:53.358 17370 26462 I VideoBoxUtils: isSupportVideoBox: false
05-29 10:42:53.361 17370 19507 I VirusScanManager: resetScanState
05-29 10:42:53.364   981   981 I Zygote  : Process 28114 exited due to signal 9 (Killed)
05-29 10:42:53.364  1220  1220 I MI-SF   : surfaceflinger setAffinity mode=1
05-29 10:42:53.364  1220  1220 I MI-SF   : surfaceflinger setreAffinity reTid=1424
05-29 10:42:53.364  3299  3487 E perf_hint: Session creation failed, mPreferredRateNanos: -1
05-29 10:42:53.365  3299  3420 D VRI[unilife]: vri.reportDrawFinished syncSeqId=0 android.view.ViewRootImpl.lambda$createSyncIfNeeded$4$android-view-ViewRootImpl:3944 android.view.ViewRootImpl$$ExternalSyntheticLambda1.run:6 android.os.Handler.handleCallback:942 android.os.Handler.dispatchMessage:99 android.os.Looper.loopOnce:211
05-29 10:42:53.365 29245 29297 D AppScoutStateMachine: 29245-ScoutStateMachinecreated
05-29 10:42:53.366 17370 26462 I VideoToolBoxService: splitMode: onfalse
05-29 10:42:53.367  1596  9045 D MiuiMultiWindowAdapter: MiuiMultiWindowAdapter::getFreeformVideoWhiteList::sSmallWindowWhiteList = [com.hunantv.imgo.activity, com.tencent.qqlive, com.qiyi.video, com.hunantv.imgo.activity.inter, com.tencent.qqlivei18n, com.iqiyi.i18n, tv.danmaku.bili]
05-29 10:42:53.368  2976 13968 W OpenGLRenderer: Surface doesn't have any previously queued frames, nothing to readback from
05-29 10:42:53.368 29245 29245 D MiuiMultiWindowAdapter: MiuiMultiWindowAdapter::getFreeformVideoWhiteListInSystem::LIST_ABOUT_SUPPORT_LANDSCAPE_VIDEO = [com.hunantv.imgo.activity, com.tencent.qqlive, com.qiyi.video, com.hunantv.imgo.activity.inter, com.tencent.qqlivei18n, com.iqiyi.i18n, tv.danmaku.bili]
05-29 10:42:53.373  1596  2186 I libprocessgroup: Successfully killed process cgroup uid 10117 pid 29811 in 8ms
05-29 10:42:53.376  1596  2637 I MiuiNetworkPolicy: removeUidState uid = 10160
05-29 10:42:53.376  1596  2054 I NetworkBoostStatusManager: onUidGone uid: 10160
05-29 10:42:53.379  2976 13968 W OpenGLRenderer: Surface doesn't have any previously queued frames, nothing to readback from
05-29 10:42:53.393  1596  2810 D SchedBoost: startBoostInternal 500
05-29 10:42:53.393  1596  2810 D SchedBoost: ready to boost
05-29 10:42:53.394  1596  2810 D SchedBoost: startBoostInternal 500
05-29 10:42:53.394  1596  2810 D SchedBoost: ready to boost
05-29 10:42:53.395  1149  1272 E ANDR-PERF-OPTSHANDLER: Cannot open/create foreground cgroup file
05-29 10:42:53.400 17336 22289 E LauncherAnimationRunner: onAnimationStart
05-29 10:42:53.400 17336 22289 E LauncherAnimationRunner: onAnimationStart:   mode=1   taskId=2   isTranslucent=false
05-29 10:42:53.401 17336 22289 E LauncherAnimationRunner: onAnimationStart:   mode=0   taskId=895   isTranslucent=false
05-29 10:42:53.401 17336 17336 D BoostRtHelper: boostGesture priority,mode=1
05-29 10:42:53.401 17336 17336 E QuickstepAppTransitionManagerImpl: startIconLaunchAnimator:launcherClosing=true   iconLoc=Rect(78, 187 - 250, 359)
05-29 10:42:53.401 17336 17336 E QuickstepAppTransitionManagerImpl: startOpeningWindowAnimators:iconLoc=Rect(78, 187 - 250, 359)
05-29 10:42:53.401 17336 17336 E ClipAnimationHelper: updateSourceStack  mSourceInsets=Rect(0, 90 - 0, 130), mSourceStackBounds=Rect(0, 0 - 1080, 2400)
05-29 10:42:53.401 17336 17336 E ClipAnimationHelper: updateHomeStack  mSourceInsets=Rect(0, 90 - 0, 130), mHomeStackBounds=Rect(0, 0 - 1080, 2400)
05-29 10:42:53.401 17336 17336 E ClipAnimationHelper: updateTargetRect  mSourceRect=RectF(0.0, 90.0, 1080.0, 2490.0)   mTargetRect=RectF(0.0, 0.0, 1080.0, 2400.0)   mSourceWindowClipInsets=RectF(0.0, 90.0, 0.0, 0.0)   mHomeStackBounds=Rect(0, 0 - 1080, 2400)   targetRect=Rect(0, 0 - 1080, 2400)
05-29 10:42:53.401 17336 17336 D FloatingIconView: finish
05-29 10:42:53.402 17336 17336 D FloatingIconView: finish, visible icon=null
05-29 10:42:53.402 17336 17336 E FloatingIconView: recycle
05-29 10:42:53.402 17336 17336 I QuickstepAppTransitionManagerImpl: startOpeningWindowAnimators, currentDisplayRotation=0, homeRotation=0, startRectF=RectF(84.0, 193.0, 244.0, 353.0), endRectF=RectF(0.0, 0.0, 1080.0, 2400.0), startRadius = 243.0, endRadius = 102.0, isUseTranslucentAnim = false
05-29 10:42:53.402   981   981 I Zygote  : Process 29811 exited due to signal 9 (Killed)
05-29 10:42:53.402 17336 17336 W DimLayer: removeDimLayer
05-29 10:42:53.402  1596  2810 D SchedBoost: startBoostInternal 2000
05-29 10:42:53.403  1596  2810 D SchedBoost: ready to boost
05-29 10:42:53.404  1596  2810 D SchedBoost: startBoostInternal 2000
05-29 10:42:53.404  1596  2810 D SchedBoost: ready to boost
05-29 10:42:53.404 17336 17336 W DimLayer: createDimLayer
05-29 10:42:53.404 17336 17336 E QuickstepAppTransitionManagerImpl: startLauncherContentAnimator:isAppOpening=true
05-29 10:42:53.404  1149  1272 E ANDR-PERF-OPTSHANDLER: Cannot open/create foreground cgroup file
05-29 10:42:53.404 17336  1878 W FloatingIconLayer: getFloatingIconLayer
05-29 10:42:53.404  1596  2810 D SchedBoost: startBoostInternal 2000
05-29 10:42:53.404  1596  2810 D SchedBoost: ready to boost
05-29 10:42:53.404  7991  7991 I A       : onPause
05-29 10:42:53.405  1220  2450 D MI-SF   : [FpsStat] construct...
05-29 10:42:53.407  1220  1421 D MI-SF   : [FpsStat] construct...
05-29 10:42:53.407 17336  1878 W FloatingIconLayer: drawIcon
05-29 10:42:53.413  2976 13968 W OpenGLRenderer: Surface doesn't have any previously queued frames, nothing to readback from
05-29 10:42:53.417  2976 13968 W OpenGLRenderer: Surface doesn't have any previously queued frames, nothing to readback from
05-29 10:42:53.419 17370 26462 D FreeformUtil: retrieveFirstNoFreeformRootTaskInfo: windowMode = 1
05-29 10:42:53.419 17370 26462 I VideoToolBoxService: onForegroundInfoChanged: Exit Vtb
05-29 10:42:53.420  2976 13968 W OpenGLRenderer: Surface doesn't have any previously queued frames, nothing to readback from
05-29 10:42:53.423 17336 22289 D RecentsModel: onTaskStackChangedBackground
05-29 10:42:53.423 17336 18412 D RecentsModel: onTaskStackChangedBackground    MSG_TASK_STACK_CHANGE
05-29 10:42:53.423 17336 18412 D RecentsModel: preloadRecents
05-29 10:42:53.423 17336 18412 W RecentsModel: getRunningTask
05-29 10:42:53.424 17336 22289 D RecentsModel: onTaskStackChangedBackground
05-29 10:42:53.424 17336 22289 D EventBus: No subscribers registered for event class com.miui.home.recents.messages.RecentTasksChangedEvent
05-29 10:42:53.424 17336 22289 D EventBus: No subscribers registered for event class org.greenrobot.eventbus.NoSubscriberEvent
05-29 10:42:53.425 17370 26462 I SCTaskStackListener: onTaskStackChanged! inSplit = false
05-29 10:42:53.426 17370 19507 I SCTaskStackListener: onTaskStackChanged! inSplit = false
05-29 10:42:53.428  1596  2054 I NetworkBoostStatusManager: onUidGone uid: 10117
05-29 10:42:53.428  1596  2637 I MiuiNetworkPolicy: removeUidState uid = 10117
05-29 10:42:53.430 17336  1579 D Launcher.Boost: bindcore 47
05-29 10:42:53.432 17336 18412 W RecentsModel: getRunningTask   taskInfo=TaskInfo{userId=0 taskId=895 displayId=0 isRunning=true baseIntent=Intent { act=android.intent.action.MAIN cat=[android.intent.category.LAUNCHER] flg=0x10200000 cmp=com.example.unilife/.View.Activity.AccessoActivity } baseActivity=ComponentInfo{com.example.unilife/com.example.unilife.View.Activity.AccessoActivity} topActivity=ComponentInfo{com.example.unilife/com.example.unilife.View.Activity.AccessoActivity} origActivity=null realActivity=ComponentInfo{com.example.unilife/com.example.unilife.View.Activity.AccessoActivity} numActivities=1 lastActiveTime=525851863 supportsSplitScreenMultiWindow=true supportsMultiWindow=true resizeMode=1 isResizeable=true minWidth=-1 minHeight=-1 defaultMinSize=200 token=WCT{android.window.IWindowContainerToken$Stub$Proxy@828c640} topActivityType=1 pictureInPictureParams=null shouldDockBigOverlays=false launchIntoPipHostTaskId=0 displayCutoutSafeInsets=Rect(0, 90 - 0, 0) topActivityInfo=ActivityInfo{b441979 com.example.unilife.View.Activity.AccessoActivity} launchCookies=[] positionInParent=Point(0, 0) parentTaskId=-1 isFocused=true isVisible=true isSleeping=false topActivityInSizeCompat=false topActivityInMiuiSizeCompat=false topActivityEligibleForLetterboxEducation= false locusId=null displayAreaFeatureId=1 cameraCompatControlState=hidden mIsCastMode=false}
05-29 10:42:53.433 17336 18412 W RecentsModel: getTaskInfoIgnoreHomeAndFreeform   taskInfo=ComponentInfo{com.example.unilife/com.example.unilife.View.Activity.AccessoActivity}
05-29 10:42:53.434 17336 18412 E ActivityManagerWrapper: get all recent tasks force including 895
05-29 10:42:53.440 17336 17784 D StatusBarController: handleMessage: flag 800000  disable false
05-29 10:42:53.442 17336 18412 E ActivityManagerWrapper: getRecentTasks: size=5
05-29 10:42:53.442 17336 18412 E ActivityManagerWrapper: getRecentTasks: mainTaskId=895   userId=0   baseIntent=Intent { act=android.intent.action.MAIN flag=270532608 cmp=ComponentInfo{com.example.unilife/com.example.unilife.View.Activity.AccessoActivity} }
05-29 10:42:53.442 17336 18412 E ActivityManagerWrapper: getRecentTasks: mainTaskId=894   userId=0   baseIntent=Intent { act=android.intent.action.VIEW flag=411041792 cmp=ComponentInfo{com.miui.securitycenter/com.miui.permcenter.install.AdbInstallActivity} }
05-29 10:42:53.443 17336 18412 E ActivityManagerWrapper: getRecentTasks: mainTaskId=867   userId=0   baseIntent=Intent { act=android.intent.action.MAIN flag=270532608 cmp=ComponentInfo{com.whatsapp/com.whatsapp.Main} }
05-29 10:42:53.443 17336 18412 E ActivityManagerWrapper: getRecentTasks: mainTaskId=844   userId=0   baseIntent=Intent { act=MessageNotificationIntentExtras.READ_MESSAGE_FROM_NOTIFICATION flag=872415232 cmp=ComponentInfo{com.microsoft.office.outlook/com.acompli.acompli.CentralActivity} }
05-29 10:42:53.443 17336 18412 E ActivityManagerWrapper: getRecentTasks: mainTaskId=838   userId=0   baseIntent=Intent { act=android.intent.action.MAIN flag=270532608 cmp=ComponentInfo{com.android.camera/com.android.camera.Camera} }
05-29 10:42:53.443 17336 17336 D Launcher_WallpaperUtils: changeStatusBarMode:false
05-29 10:42:53.444  2976 13968 W OpenGLRenderer: Surface doesn't have any previously queued frames, nothing to readback from
05-29 10:42:53.447  4281  4281 D BoundBrokerSvc: onUnbind: Intent { act=com.google.android.gms.dtdi.services.START dat=chimera-action:/... cmp=com.google.android.gms/.chimera.PersistentApiService }
05-29 10:42:53.449  2976 13968 W OpenGLRenderer: Surface doesn't have any previously queued frames, nothing to readback from
05-29 10:42:53.450 17336 22664 E perf_hint: Session creation failed, mPreferredRateNanos: -1
05-29 10:42:53.454 17336 18412 D RecentsModel: onTaskStackChangedBackground    MSG_TASK_STACK_CHANGE
05-29 10:42:53.454 17336 18412 D RecentsModel: preloadRecents
05-29 10:42:53.454 17336 18412 W RecentsModel: getRunningTask
05-29 10:42:53.457  2976 13968 W OpenGLRenderer: Surface doesn't have any previously queued frames, nothing to readback from
05-29 10:42:53.458 17336 18412 W RecentsModel: getRunningTask   taskInfo=TaskInfo{userId=0 taskId=895 displayId=0 isRunning=true baseIntent=Intent { act=android.intent.action.MAIN cat=[android.intent.category.LAUNCHER] flg=0x10200000 cmp=com.example.unilife/.View.Activity.AccessoActivity } baseActivity=ComponentInfo{com.example.unilife/com.example.unilife.View.Activity.AccessoActivity} topActivity=ComponentInfo{com.example.unilife/com.example.unilife.View.Activity.AccessoActivity} origActivity=null realActivity=ComponentInfo{com.example.unilife/com.example.unilife.View.Activity.AccessoActivity} numActivities=1 lastActiveTime=525851888 supportsSplitScreenMultiWindow=true supportsMultiWindow=true resizeMode=1 isResizeable=true minWidth=-1 minHeight=-1 defaultMinSize=200 token=WCT{android.window.IWindowContainerToken$Stub$Proxy@857e6be} topActivityType=1 pictureInPictureParams=null shouldDockBigOverlays=false launchIntoPipHostTaskId=0 displayCutoutSafeInsets=Rect(0, 90 - 0, 0) topActivityInfo=ActivityInfo{aaf531f com.example.unilife.View.Activity.AccessoActivity} launchCookies=[] positionInParent=Point(0, 0) parentTaskId=-1 isFocused=true isVisible=true isSleeping=false topActivityInSizeCompat=false topActivityInMiuiSizeCompat=false topActivityEligibleForLetterboxEducation= false locusId=null displayAreaFeatureId=1 cameraCompatControlState=hidden mIsCastMode=false}
05-29 10:42:53.458 17336 18412 W RecentsModel: getTaskInfoIgnoreHomeAndFreeform   taskInfo=ComponentInfo{com.example.unilife/com.example.unilife.View.Activity.AccessoActivity}
05-29 10:42:53.459 29245 29245 D AppCompatDelegate: Checking for metadata for AppLocalesMetadataHolderService : Service not found
05-29 10:42:53.462 17336 18412 E ActivityManagerWrapper: get all recent tasks force including 895
05-29 10:42:53.466  2976 13968 W OpenGLRenderer: Surface doesn't have any previously queued frames, nothing to readback from
05-29 10:42:53.469 17336 18412 E ActivityManagerWrapper: getRecentTasks: size=5
05-29 10:42:53.469 17336 18412 E ActivityManagerWrapper: getRecentTasks: mainTaskId=895   userId=0   baseIntent=Intent { act=android.intent.action.MAIN flag=270532608 cmp=ComponentInfo{com.example.unilife/com.example.unilife.View.Activity.AccessoActivity} }
05-29 10:42:53.469 17336 18412 E ActivityManagerWrapper: getRecentTasks: mainTaskId=894   userId=0   baseIntent=Intent { act=android.intent.action.VIEW flag=411041792 cmp=ComponentInfo{com.miui.securitycenter/com.miui.permcenter.install.AdbInstallActivity} }
05-29 10:42:53.469 17336 18412 E ActivityManagerWrapper: getRecentTasks: mainTaskId=867   userId=0   baseIntent=Intent { act=android.intent.action.MAIN flag=270532608 cmp=ComponentInfo{com.whatsapp/com.whatsapp.Main} }
05-29 10:42:53.469 17336 18412 E ActivityManagerWrapper: getRecentTasks: mainTaskId=844   userId=0   baseIntent=Intent { act=MessageNotificationIntentExtras.READ_MESSAGE_FROM_NOTIFICATION flag=872415232 cmp=ComponentInfo{com.microsoft.office.outlook/com.acompli.acompli.CentralActivity} }
05-29 10:42:53.469 17336 18412 E ActivityManagerWrapper: getRecentTasks: mainTaskId=838   userId=0   baseIntent=Intent { act=android.intent.action.MAIN flag=270532608 cmp=ComponentInfo{com.android.camera/com.android.camera.Camera} }
05-29 10:42:53.472  2976 13968 W OpenGLRenderer: Surface doesn't have any previously queued frames, nothing to readback from
05-29 10:42:53.479  2976 13968 W OpenGLRenderer: Surface doesn't have any previously queued frames, nothing to readback from
05-29 10:42:53.484 17336  1878 W FloatingIconLayer: release
05-29 10:42:53.488  2976 13968 W OpenGLRenderer: Surface doesn't have any previously queued frames, nothing to readback from
05-29 10:42:53.489  1220  1220 D MI-SF   : [FpsStat] distroy...
05-29 10:42:53.490  1220  1220 D MI-SF   : [FpsStat] distroy...
05-29 10:42:53.495 29245 29245 D LifecycleMonitor: Lifecycle status change: com.example.unilife.View.Activity.AccessoActivity@336012c in: PRE_ON_CREATE
05-29 10:42:53.496 29245 29245 V ActivityScenario: Activity lifecycle changed event received but ignored because the reported transition was not ON_CREATE while the last known transition was PRE_ON_CREATE
05-29 10:42:53.496 17336 22289 D TaskStackChangeListeners: onTaskDescriptionChanged =  taskId = 895
05-29 10:42:53.494  1149  1149 W /vendor/bin/hw/vendor.qti.hardware.perf@2.2-service: type=1400 audit(0.0:904036): avc: denied { search } for comm=41646170744C61756E636820566D name="2056" dev="proc" ino=36033996 scontext=u:r:vendor_hal_perf_default:s0 tcontext=u:r:system_server:s0 tclass=dir permissive=0
05-29 10:42:53.494  1149  1149 W /vendor/bin/hw/vendor.qti.hardware.perf@2.2-service: type=1400 audit(0.0:904035): avc: denied { search } for comm=41646170744C61756E636820566D name="2056" dev="proc" ino=36033996 scontext=u:r:vendor_hal_perf_default:s0 tcontext=u:r:system_server:s0 tclass=dir permissive=0
05-29 10:42:53.494  1149  1149 W /vendor/bin/hw/vendor.qti.hardware.perf@2.2-service: type=1400 audit(0.0:904037): avc: denied { search } for comm=41646170744C61756E636820566D name="2057" dev="proc" ino=36033997 scontext=u:r:vendor_hal_perf_default:s0 tcontext=u:r:system_server:s0 tclass=dir permissive=0
05-29 10:42:53.494  1149  1149 W /vendor/bin/hw/vendor.qti.hardware.perf@2.2-service: type=1400 audit(0.0:904038): avc: denied { search } for comm=41646170744C61756E636820566D name="2058" dev="proc" ino=36033998 scontext=u:r:vendor_hal_perf_default:s0 tcontext=u:r:system_server:s0 tclass=dir permissive=0
05-29 10:42:53.494  1149  1149 W /vendor/bin/hw/vendor.qti.hardware.perf@2.2-service: type=1400 audit(0.0:904039): avc: denied { search } for comm=41646170744C61756E636820566D name="2057" dev="proc" ino=36033997 scontext=u:r:vendor_hal_perf_default:s0 tcontext=u:r:system_server:s0 tclass=dir permissive=0
05-29 10:42:53.494  1149  1149 W /vendor/bin/hw/vendor.qti.hardware.perf@2.2-service: type=1400 audit(0.0:904040): avc: denied { search } for comm=41646170744C61756E636820566D name="2595" dev="proc" ino=36033999 scontext=u:r:vendor_hal_perf_default:s0 tcontext=u:r:system_server:s0 tclass=dir permissive=0
05-29 10:42:53.494  1149  1149 W /vendor/bin/hw/vendor.qti.hardware.perf@2.2-service: type=1400 audit(0.0:904041): avc: denied { search } for comm=41646170744C61756E636820566D name="2058" dev="proc" ino=36033998 scontext=u:r:vendor_hal_perf_default:s0 tcontext=u:r:system_server:s0 tclass=dir permissive=0
05-29 10:42:53.494  1149  1149 W /vendor/bin/hw/vendor.qti.hardware.perf@2.2-service: type=1400 audit(0.0:904042): avc: denied { search } for comm=41646170744C61756E636820566D name="2596" dev="proc" ino=36034000 scontext=u:r:vendor_hal_perf_default:s0 tcontext=u:r:system_server:s0 tclass=dir permissive=0
05-29 10:42:53.494  1149  1149 W /vendor/bin/hw/vendor.qti.hardware.perf@2.2-service: type=1400 audit(0.0:904043): avc: denied { search } for comm=41646170744C61756E636820566D name="2595" dev="proc" ino=36033999 scontext=u:r:vendor_hal_perf_default:s0 tcontext=u:r:system_server:s0 tclass=dir permissive=0
05-29 10:42:53.498  2976 13968 W OpenGLRenderer: Surface doesn't have any previously queued frames, nothing to readback from
05-29 10:42:53.504  2976 13968 W OpenGLRenderer: Surface doesn't have any previously queued frames, nothing to readback from
05-29 10:42:53.512  2976 13968 W OpenGLRenderer: Surface doesn't have any previously queued frames, nothing to readback from
05-29 10:42:53.521  2976 13968 W OpenGLRenderer: Surface doesn't have any previously queued frames, nothing to readback from
05-29 10:42:53.529  2976 13968 W OpenGLRenderer: Surface doesn't have any previously queued frames, nothing to readback from
05-29 10:42:53.541  2976 13968 W OpenGLRenderer: Surface doesn't have any previously queued frames, nothing to readback from
05-29 10:42:53.546  2976 13968 W OpenGLRenderer: Surface doesn't have any previously queued frames, nothing to readback from
05-29 10:42:53.546 29245 29245 W libc    : Access denied finding property "ro.vendor.df.effect.conflict"
05-29 10:42:53.554  2976 13968 W OpenGLRenderer: Surface doesn't have any previously queued frames, nothing to readback from
05-29 10:42:53.562  2976 13968 W OpenGLRenderer: Surface doesn't have any previously queued frames, nothing to readback from
05-29 10:42:53.574  2976 13968 W OpenGLRenderer: Surface doesn't have any previously queued frames, nothing to readback from
05-29 10:42:53.580  2976 13968 W OpenGLRenderer: Surface doesn't have any previously queued frames, nothing to readback from
05-29 10:42:53.588  2976 13968 W OpenGLRenderer: Surface doesn't have any previously queued frames, nothing to readback from
05-29 10:42:53.596  2976 13968 W OpenGLRenderer: Surface doesn't have any previously queued frames, nothing to readback from
05-29 10:42:53.613  4630  4630 D QtiRilInterface: onSensorChanged = 33171005
05-29 10:42:53.621  2976 13968 W OpenGLRenderer: Surface doesn't have any previously queued frames, nothing to readback from
05-29 10:42:53.622  2976 13968 W OpenGLRenderer: Surface doesn't have any previously queued frames, nothing to readback from
05-29 10:42:53.627 29245 29245 D CompatibilityChangeReporter: Compat change id reported: 210923482; UID 10471; state: ENABLED
05-29 10:42:53.630  2976 13968 W OpenGLRenderer: Surface doesn't have any previously queued frames, nothing to readback from
05-29 10:42:53.637 29245 29245 W example.unilife: Accessing hidden method Landroid/view/View;->computeFitSystemWindows(Landroid/graphics/Rect;Landroid/graphics/Rect;)Z (unsupported, reflection, allowed)
05-29 10:42:53.638  2976 13968 W OpenGLRenderer: Surface doesn't have any previously queued frames, nothing to readback from
05-29 10:42:53.647  2976 13968 W OpenGLRenderer: Surface doesn't have any previously queued frames, nothing to readback from
05-29 10:42:53.658  2976 13968 W OpenGLRenderer: Surface doesn't have any previously queued frames, nothing to readback from
05-29 10:42:53.664  2976 13968 W OpenGLRenderer: Surface doesn't have any previously queued frames, nothing to readback from
05-29 10:42:53.667  1596  1715 I system_server: Background young concurrent copying GC freed 486055(23MB) AllocSpace objects, 6(120KB) LOS objects, 17% free, 102MB/124MB, paused 813us,391us total 102.147ms
05-29 10:42:53.671  2976 13968 W OpenGLRenderer: Surface doesn't have any previously queued frames, nothing to readback from
05-29 10:42:53.671  1596  1717 W System  : A resource failed to call release.
05-29 10:42:53.681  2976 13968 W OpenGLRenderer: Surface doesn't have any previously queued frames, nothing to readback from
05-29 10:42:53.688  2976 13968 W OpenGLRenderer: Surface doesn't have any previously queued frames, nothing to readback from
05-29 10:42:53.696  2976 13968 W OpenGLRenderer: Surface doesn't have any previously queued frames, nothing to readback from
05-29 10:42:53.704 17336 17336 D Launcher_UnlockAnimationStateMachine: mResetIdleStateRunnable
05-29 10:42:53.705  2976 13968 W OpenGLRenderer: Surface doesn't have any previously queued frames, nothing to readback from
05-29 10:42:53.713  2976 13968 W OpenGLRenderer: Surface doesn't have any previously queued frames, nothing to readback from
05-29 10:42:53.722  2976 13968 W OpenGLRenderer: Surface doesn't have any previously queued frames, nothing to readback from
05-29 10:42:53.729  2976 13968 W OpenGLRenderer: Surface doesn't have any previously queued frames, nothing to readback from
05-29 10:42:53.738  2976 13968 W OpenGLRenderer: Surface doesn't have any previously queued frames, nothing to readback from
05-29 10:42:53.746  2976 13968 W OpenGLRenderer: Surface doesn't have any previously queued frames, nothing to readback from
05-29 10:42:53.755  2976 13968 W OpenGLRenderer: Surface doesn't have any previously queued frames, nothing to readback from
05-29 10:42:53.762  2976 13968 W OpenGLRenderer: Surface doesn't have any previously queued frames, nothing to readback from
05-29 10:42:53.771 29245 29245 D IS_CTS_MODE: false
05-29 10:42:53.771 29245 29245 D MULTI_WINDOW_ENABLED: false
05-29 10:42:53.772  2976 13968 W OpenGLRenderer: Surface doesn't have any previously queued frames, nothing to readback from
05-29 10:42:53.775 29245 29245 D DecorView[]: getWindowModeFromSystem  windowmode is 1
05-29 10:42:53.779  2976 13968 W OpenGLRenderer: Surface doesn't have any previously queued frames, nothing to readback from
05-29 10:42:53.788  2976 13968 W OpenGLRenderer: Surface doesn't have any previously queued frames, nothing to readback from
05-29 10:42:53.789 29245 29245 W example.unilife: Accessing hidden method Landroid/view/ViewGroup;->makeOptionalFitsSystemWindows()V (unsupported, reflection, allowed)
05-29 10:42:53.796  2976 13968 W OpenGLRenderer: Surface doesn't have any previously queued frames, nothing to readback from
05-29 10:42:53.804  2976 13968 W OpenGLRenderer: Surface doesn't have any previously queued frames, nothing to readback from
05-29 10:42:53.812  2976 13968 W OpenGLRenderer: Surface doesn't have any previously queued frames, nothing to readback from
05-29 10:42:53.821  2976 13968 W OpenGLRenderer: Surface doesn't have any previously queued frames, nothing to readback from
05-29 10:42:53.830  2976 13968 W OpenGLRenderer: Surface doesn't have any previously queued frames, nothing to readback from
05-29 10:42:53.838  2976 13968 W OpenGLRenderer: Surface doesn't have any previously queued frames, nothing to readback from
05-29 10:42:53.846  2976 13968 W OpenGLRenderer: Surface doesn't have any previously queued frames, nothing to readback from
05-29 10:42:53.854  2976 13968 W OpenGLRenderer: Surface doesn't have any previously queued frames, nothing to readback from
05-29 10:42:53.871  2976 13968 W OpenGLRenderer: Surface doesn't have any previously queued frames, nothing to readback from
05-29 10:42:53.876 29245 29245 D LifecycleMonitor: Lifecycle status change: com.example.unilife.View.Activity.AccessoActivity@336012c in: CREATED
05-29 10:42:53.877 29245 29245 V ActivityScenario: Update currentActivityStage to CREATED, currentActivity=com.example.unilife.View.Activity.AccessoActivity@336012c
05-29 10:42:53.879  2976 13968 W OpenGLRenderer: Surface doesn't have any previously queued frames, nothing to readback from
05-29 10:42:53.882 29245 29245 D LifecycleMonitor: Lifecycle status change: com.example.unilife.View.Activity.AccessoActivity@336012c in: STARTED
05-29 10:42:53.882 29245 29245 V ActivityScenario: Update currentActivityStage to STARTED, currentActivity=com.example.unilife.View.Activity.AccessoActivity@336012c
05-29 10:42:53.887 29245 29245 D LifecycleMonitor: Lifecycle status change: com.example.unilife.View.Activity.AccessoActivity@336012c in: RESUMED
05-29 10:42:53.887 29245 29245 V ActivityScenario: Update currentActivityStage to RESUMED, currentActivity=com.example.unilife.View.Activity.AccessoActivity@336012c
05-29 10:42:53.894 17336 18615 W DimLayer: removeDimLayer
05-29 10:42:53.896  2976 13968 W OpenGLRenderer: Surface doesn't have any previously queued frames, nothing to readback from
05-29 10:42:53.905 17336 17336 E LauncherAnimationRunner: finish: mFinishRunnable.run
05-29 10:42:53.908  2976  2976 I MiuiWallpaper-ImageWallpaper: onVisibilityChanged, visible = false
05-29 10:42:53.909  2976  2976 I MiuiWallpaper-MiuiKeyguardPictorialWallpaper: onVisibilityChanged, visible = false
05-29 10:42:53.937 17336 17336 D RecentsImpl: mActivityStateObserver com.example.unilife.View.Activity.AccessoActivity
05-29 10:42:53.938 17336 17336 W RecentsImpl: onResumed className=com.example.unilife.View.Activity.AccessoActivity   mIsInAnotherPro=false   isKeyguardLocked=false   mSecuritySpaceGuideShown=false
05-29 10:42:53.940  1596  2133 D CompatibilityInfo: mCompatibilityFlags - 0
05-29 10:42:53.940  1596  2133 D CompatibilityInfo: applicationDensity - 440
05-29 10:42:53.940  1596  2133 D CompatibilityInfo: applicationScale - 1.0
05-29 10:42:53.948 29245 29582 I FA      : Tag Manager is not found and thus will not be used
05-29 10:42:53.959  1220  1421 D MI-SF   : [FpsStat] construct...
05-29 10:42:53.959  1596  3015 D SurfaceControl: nativeSetScreenProjection ===> setScreenProjection
05-29 10:42:53.960  1596  3015 D SurfaceControl: nativeSetScreenProjection ===> setScreenProjection
05-29 10:42:53.976  1220  3927 I SurfaceFlinger: sf.setTransactionState focusRequest transactionId:6854768776626 frontWin:9f36548 com.example.unilife/com.example.unilife.View.Activity.AccessoActivity
05-29 10:42:53.976  1220  1421 W ServiceManager: Permission failure: android.permission.ACCESS_SURFACE_FLINGER from uid=10471 pid=0
05-29 10:42:53.976  1220  1421 D PermissionCache: checking android.permission.ACCESS_SURFACE_FLINGER for uid=10471 => denied (577 us)
05-29 10:42:53.977  1220  1420 W ServiceManager: Permission failure: android.permission.ACCESS_SURFACE_FLINGER from uid=10471 pid=29245
05-29 10:42:53.977  1220  1420 D PermissionCache: checking android.permission.ACCESS_SURFACE_FLINGER for uid=10471 => denied (861 us)
05-29 10:42:53.978  1220  1420 W ServiceManager: Permission failure: android.permission.ROTATE_SURFACE_FLINGER from uid=10471 pid=29245
05-29 10:42:53.978  1220  1420 D PermissionCache: checking android.permission.ROTATE_SURFACE_FLINGER for uid=10471 => denied (705 us)
05-29 10:42:53.978  1220  1220 I MI-SF   : surfaceflinger setAffinity mode=0
05-29 10:42:53.978  1220  1421 W ServiceManager: Permission failure: android.permission.ROTATE_SURFACE_FLINGER from uid=10471 pid=0
05-29 10:42:53.978  1220  1421 D PermissionCache: checking android.permission.ROTATE_SURFACE_FLINGER for uid=10471 => denied (1859 us)
05-29 10:42:53.979  1220  1421 W ServiceManager: Permission failure: android.permission.INTERNAL_SYSTEM_WINDOW from uid=10471 pid=0
