05-29 10:42:48.655 29654 29654 W ziparchive: Unable to open '/data/app/~~XClY4L7AABGQX-F3-0L5Sg==/com.facebook.katana-xqLIa46-ax7ku9OeXeVvvg==/split_s_papayaanalyticstorch_papayatorch.dm': No such file or directory
05-29 10:42:48.652 29327 29672 W Finsky  : [2490] acpr.k(28): SLM: no metadata property com.android.vending.derived.apk.id found for shared library com.google.android.trichromelibrary_642211233:
05-29 10:42:48.656 29654 29654 W facebook.katana: Entry not found
05-29 10:42:48.656 29654 29654 W ziparchive: Unable to open '/data/app/~~XClY4L7AABGQX-F3-0L5Sg==/com.facebook.katana-xqLIa46-ax7ku9OeXeVvvg==/split_s_papayaanalyticstorch_papayatorch_torchedlooper.dm': No such file or directory
05-29 10:42:48.656 29654 29654 W ziparchive: Unable to open '/data/app/~~XClY4L7AABGQX-F3-0L5Sg==/com.facebook.katana-xqLIa46-ax7ku9OeXeVvvg==/split_s_papayaanalyticstorch_papayatorch_torchedlooper.dm': No such file or directory
05-29 10:42:48.656 29327 29672 W Finsky  : [2490] acpr.k(28): SLM: no metadata property com.android.vending.sdk.version.patch found for shared library com.google.android.trichromelibrary_642211233:
05-29 10:42:48.656 29654 29654 W facebook.katana: Entry not found
05-29 10:42:48.656 29654 29654 W ziparchive: Unable to open '/data/app/~~XClY4L7AABGQX-F3-0L5Sg==/com.facebook.katana-xqLIa46-ax7ku9OeXeVvvg==/split_s_papayatorch_torchedlooper.dm': No such file or directory
05-29 10:42:48.656 29654 29654 W ziparchive: Unable to open '/data/app/~~XClY4L7AABGQX-F3-0L5Sg==/com.facebook.katana-xqLIa46-ax7ku9OeXeVvvg==/split_s_papayatorch_torchedlooper.dm': No such file or directory
05-29 10:42:48.657 29699 29699 D CompatibilityChangeReporter: Compat change id reported: 171979766; UID 10005; state: ENABLED
05-29 10:42:48.659 29654 29654 W facebook.katana: Entry not found
05-29 10:42:48.660 29654 29654 D nativeloader: Configuring clns-5 for other apk /data/app/~~XClY4L7AABGQX-F3-0L5Sg==/com.facebook.katana-xqLIa46-ax7ku9OeXeVvvg==/base.apk:/data/app/~~XClY4L7AABGQX-F3-0L5Sg==/com.facebook.katana-xqLIa46-ax7ku9OeXeVvvg==/split_arservicesoptional.apk:/data/app/~~XClY4L7AABGQX-F3-0L5Sg==/com.facebook.katana-xqLIa46-ax7ku9OeXeVvvg==/split_heliumiab.apk:/data/app/~~XClY4L7AABGQX-F3-0L5Sg==/com.facebook.katana-xqLIa46-ax7ku9OeXeVvvg==/split_i18n_it_IT.apk:/data/app/~~XClY4L7AABGQX-F3-0L5Sg==/com.facebook.katana-xqLIa46-ax7ku9OeXeVvvg==/split_papaya.apk:/data/app/~~XClY4L7AABGQX-F3-0L5Sg==/com.facebook.katana-xqLIa46-ax7ku9OeXeVvvg==/split_papayaanalyticstorch.apk:/data/app/~~XClY4L7AABGQX-F3-0L5Sg==/com.facebook.katana-xqLIa46-ax7ku9OeXeVvvg==/split_papayatorch.apk:/data/app/~~XClY4L7AABGQX-F3-0L5Sg==/com.facebook.katana-xqLIa46-ax7ku9OeXeVvvg==/split_pytorch.apk:/data/app/~~XClY4L7AABGQX-F3-0L5Sg==/com.facebook.katana-xqLIa46-ax7ku9OeXeVvvg==/split_s_arservicesoptional_slam.apk:/data/app/~~XClY4L7AABGQX-F3-0L5Sg==/com.facebook
05-29 10:42:48.672  1596  2054 D MediaProjectionManagerServiceStubImpl: handleForegroundServicesChanged
05-29 10:42:48.673 29590 29590 I SystemUpdate-AppActiveStatService: stop forground service
05-29 10:42:48.674  1596  2637 I MiuiNetworkPolicy: updateUidState uid = 10162, uidState = 10
05-29 10:42:48.675 29652 29652 D d       : ExceptionHandlerManager not explicitly initialized, using default mode
05-29 10:42:48.675 29652 29652 D d       : initializing exception handler manager, prioritized=true
05-29 10:42:48.676  1596  2637 I MiuiNetworkPolicy: updateUidState uid = 10162, uidState = 19
05-29 10:42:48.680 29652 29652 W SoLoader: Initializing SoLoader: 0
05-29 10:42:48.680 29652 29652 W SoLoader: context.getApplicationContext returned null, holding reference to original context.ApplicationSoSource fallbacks to: /data/app/~~mtQuUluMa_OdPGeXAtcB_w==/com.facebook.appmanager-Rfke1vf013xd4RGdQaXggA==/lib/arm64
05-29 10:42:48.680 29652 29652 W SoLoader: Recording new base apk path: /data/app/~~mtQuUluMa_OdPGeXAtcB_w==/com.facebook.appmanager-Rfke1vf013xd4RGdQaXggA==/base.apk
05-29 10:42:48.680 29652 29652 W SoLoader: Previously recorded 0 base apk paths.
05-29 10:42:48.683 29654 29654 I Perf    : Connecting to perf service.
05-29 10:42:48.685 29652 29652 W SoLoader: SoLoader initialized: 8
05-29 10:42:48.689 29699 29699 D nativeloader: Configuring clns-4 for other apk /system/framework/org.apache.http.legacy.jar. target_sdk_version=33, uses_libraries=ALL, library_path=/data/app/~~nbHkET4pyt6kNZvKyDyjqQ==/com.xiaomi.glgm-5hAP4OiSemuwM_iDswyR1A==/lib/arm64:/data/app/~~nbHkET4pyt6kNZvKyDyjqQ==/com.xiaomi.glgm-5hAP4OiSemuwM_iDswyR1A==/base.apk!/lib/arm64-v8a:/system_ext/priv-app/RtMiCloudSDK/RtMiCloudSDK.apk!/lib/arm64-v8a:/system_ext/app/miuisystem/miuisystem.apk!/lib/arm64-v8a, permitted_path=/data:/mnt/expand:/data/user/0/com.xiaomi.glgm
05-29 10:42:48.689 29699 29699 D nativeloader: Extending system_exposed_libraries: libbinauralrenderer_wrapper.qti.so:libhoaeffects.qti.so:libQOC.qti.so:libmisys_jni.xiaomi.so:libupdateprof.qti.so:libthermalclient.qti.so:libQOC.qti.so:libdiag_system.qti.so:libqape.qti.so:liblistenjni.qti.so
05-29 10:42:48.690 29654 29654 V GraphicsEnvironment: ANGLE Developer option for 'com.facebook.katana' set to: 'default'
05-29 10:42:48.690 29654 29654 V GraphicsEnvironment: ANGLE GameManagerService for com.facebook.katana: false
05-29 10:42:48.690 29654 29654 V GraphicsEnvironment: Neither updatable production driver nor prerelease driver is supported.
05-29 10:42:48.696 29590 29727 I SystemUpdate-AutoUpdateScheduler: [Update] scheduleAutoUpdateOnAppStart
05-29 10:42:48.696 29699 29699 D nativeloader: Configuring clns-5 for other apk /system_ext/app/miuisystem/miuisystem.apk. target_sdk_version=33, uses_libraries=ALL, library_path=/data/app/~~nbHkET4pyt6kNZvKyDyjqQ==/com.xiaomi.glgm-5hAP4OiSemuwM_iDswyR1A==/lib/arm64:/data/app/~~nbHkET4pyt6kNZvKyDyjqQ==/com.xiaomi.glgm-5hAP4OiSemuwM_iDswyR1A==/base.apk!/lib/arm64-v8a:/system_ext/priv-app/RtMiCloudSDK/RtMiCloudSDK.apk!/lib/arm64-v8a:/system_ext/app/miuisystem/miuisystem.apk!/lib/arm64-v8a, permitted_path=/data:/mnt/expand:/data/user/0/com.xiaomi.glgm
05-29 10:42:48.696 29699 29699 D nativeloader: Extending system_exposed_libraries: libbinauralrenderer_wrapper.qti.so:libhoaeffects.qti.so:libQOC.qti.so:libmisys_jni.xiaomi.so:libupdateprof.qti.so:libthermalclient.qti.so:libQOC.qti.so:libdiag_system.qti.so:libqape.qti.so:liblistenjni.qti.so
05-29 10:42:48.698 29654 29654 I ForceDarkHelperStubImpl: initialize for com.facebook.katana , ForceDarkAppConfig: null
05-29 10:42:48.699 29654 29654 D facebook.katana: JNI_OnLoad success
05-29 10:42:48.700 29654 29654 I MiuiForceDarkConfig: setConfig density:2.750000, mainRule:0, secondaryRule:0, tertiaryRule:0
05-29 10:42:48.702 29590 29695 D MarketSdk-MarketManager: currVersionValue: 14000100
05-29 10:42:48.702 29590 29695 D MarketSdk-MarketManager: targetVersionValue: 10000000
05-29 10:42:48.702 29699 29699 D nativeloader: Configuring clns-6 for other apk /system_ext/priv-app/RtMiCloudSDK/RtMiCloudSDK.apk. target_sdk_version=33, uses_libraries=ALL, library_path=/data/app/~~nbHkET4pyt6kNZvKyDyjqQ==/com.xiaomi.glgm-5hAP4OiSemuwM_iDswyR1A==/lib/arm64:/data/app/~~nbHkET4pyt6kNZvKyDyjqQ==/com.xiaomi.glgm-5hAP4OiSemuwM_iDswyR1A==/base.apk!/lib/arm64-v8a:/system_ext/priv-app/RtMiCloudSDK/RtMiCloudSDK.apk!/lib/arm64-v8a:/system_ext/app/miuisystem/miuisystem.apk!/lib/arm64-v8a, permitted_path=/data:/mnt/expand:/data/user/0/com.xiaomi.glgm
05-29 10:42:48.702 29699 29699 D nativeloader: Extending system_exposed_libraries: libbinauralrenderer_wrapper.qti.so:libhoaeffects.qti.so:libQOC.qti.so:libmisys_jni.xiaomi.so:libupdateprof.qti.so:libthermalclient.qti.so:libQOC.qti.so:libdiag_system.qti.so:libqape.qti.so:liblistenjni.qti.so
05-29 10:42:48.705 29590 29695 I SystemUpdate-MeteredUpdateConfirmUtils: set value to Settings: app_update_notify false
05-29 10:42:48.710 29654 29654 D NetworkSecurityConfig: Using Network Security Config from resource (name removed) debugBuild: false
05-29 10:42:48.711 29654 29654 D NetworkSecurityConfig: Using Network Security Config from resource (name removed) debugBuild: false
05-29 10:42:48.714 29590 29695 D CompatibilityChangeReporter: Compat change id reported: 183155436; UID 10162; state: ENABLED
05-29 10:42:48.721 29590 29695 D SessionsDependencies: Dependency to CRASHLYTICS added.
05-29 10:42:48.724 29590 29695 I FirebaseApp: Device unlocked: initializing all Firebase APIs for app [DEFAULT]
05-29 10:42:48.726 29652 29652 E SQLiteLog: (14) cannot open file at line 39583 of [bcd014c473]
05-29 10:42:48.726 29590 29695 I FirebaseCrashlytics: Initializing Firebase Crashlytics 18.6.4 for com.xiaomi.discover
05-29 10:42:48.726 29652 29652 E SQLiteLog: (14) os_unix.c:39583: (2) open(/data/user/0/com.facebook.appmanager/databases/androidx.work.workdb) -
05-29 10:42:48.727 29652 29652 E SQLiteDatabase: Failed to open database '/data/user/0/com.facebook.appmanager/databases/androidx.work.workdb'.
05-29 10:42:48.727 29652 29652 E SQLiteDatabase: android.database.sqlite.SQLiteCantOpenDatabaseException: Cannot open database '/data/user/0/com.facebook.appmanager/databases/androidx.work.workdb' with flags 0x0: File /data/user/0/com.facebook.appmanager/databases/androidx.work.workdb doesn't exist
05-29 10:42:48.727 29652 29652 E SQLiteDatabase: 	at android.database.sqlite.SQLiteConnection.open(SQLiteConnection.java:262)
05-29 10:42:48.727 29652 29652 E SQLiteDatabase: 	at android.database.sqlite.SQLiteConnection.open(SQLiteConnection.java:205)
05-29 10:42:48.727 29652 29652 E SQLiteDatabase: 	at android.database.sqlite.SQLiteConnectionPool.openConnectionLocked(SQLiteConnectionPool.java:512)
05-29 10:42:48.727 29652 29652 E SQLiteDatabase: 	at android.database.sqlite.SQLiteConnectionPool.open(SQLiteConnectionPool.java:210)
05-29 10:42:48.727 29652 29652 E SQLiteDatabase: 	at android.database.sqlite.SQLiteConnectionPool.open(SQLiteConnectionPool.java:202)
05-29 10:42:48.727 29652 29652 E SQLiteDatabase: 	at android.database.sqlite.SQLiteDatabase.openInner(SQLiteDatabase.java:1085)
05-29 10:42:48.727 29652 29652 E SQLiteDatabase: 	at android.database.sqlite.SQLiteDatabase.open(SQLiteDatabase.java:1065)
05-29 10:42:48.727 29652 29652 E SQLiteDatabase: 	at android.database.sqlite.SQLiteDatabase.openDatabase(SQLiteDatabase.java:956)
05-29 10:42:48.727 29652 29652 E SQLiteDatabase: 	at android.database.sqlite.SQLiteDatabase.openDatabase(SQLiteDatabase.java:903)
05-29 10:42:48.727 29652 29652 E SQLiteDatabase: 	at com.facebook.oxygen.common.androidx.workmanager.initializer.b.a(WorkManagerDatabase.java:22)
05-29 10:42:48.727 29652 29652 E SQLiteDatabase: 	at com.facebook.oxygen.appmanager.app.c.a(AppManagerApplicationImpl.java:21)
05-29 10:42:48.727 29652 29652 E SQLiteDatabase: 	at com.facebook.oxygen.common.f.b.d.onCreate(OxpDelegatingApplication.java:83)
05-29 10:42:48.727 29652 29652 E SQLiteDatabase: 	at android.app.Instrumentation.callApplicationOnCreate(Instrumentation.java:1289)
05-29 10:42:48.727 29652 29652 E SQLiteDatabase: 	at android.app.ActivityThread.handleBindApplication(ActivityThread.java:7241)
05-29 10:42:48.727 29652 29652 E SQLiteDatabase: 	at android.app.ActivityThread.-$$Nest$mhandleBindApplication(Unknown Source:0)
05-29 10:42:48.727 29652 29652 E SQLiteDatabase: 	at android.app.ActivityThread$H.handleMessage(ActivityThread.java:2241)
05-29 10:42:48.727 29652 29652 E SQLiteDatabase: 	at android.os.Handler.dispatchMessage(Handler.java:106)
05-29 10:42:48.727 29652 29652 E SQLiteDatabase: 	at android.os.Looper.loopOnce(Looper.java:211)
05-29 10:42:48.727 29652 29652 E SQLiteDatabase: 	at android.os.Looper.loop(Looper.java:300)
05-29 10:42:48.727 29652 29652 E SQLiteDatabase: 	at android.app.ActivityThread.main(ActivityThread.java:8410)
05-29 10:42:48.727 29652 29652 E SQLiteDatabase: 	at java.lang.reflect.Method.invoke(Native Method)
05-29 10:42:48.727 29652 29652 E SQLiteDatabase: 	at com.android.internal.os.RuntimeInit$MethodAndArgsCaller.run(RuntimeInit.java:559)
05-29 10:42:48.727 29652 29652 E SQLiteDatabase: 	at com.android.internal.os.ZygoteInit.main(ZygoteInit.java:954)
05-29 10:42:48.727 29652 29652 E SQLiteDatabase: Caused by: android.database.sqlite.SQLiteCantOpenDatabaseException: unknown error (code 14 SQLITE_CANTOPEN): Could not open database
05-29 10:42:48.727 29652 29652 E SQLiteDatabase: 	at android.database.sqlite.SQLiteConnection.nativeOpen(Native Method)
05-29 10:42:48.727 29652 29652 E SQLiteDatabase: 	at android.database.sqlite.SQLiteConnection.open(SQLiteConnection.java:224)
05-29 10:42:48.727 29652 29652 E SQLiteDatabase: 	... 22 more
05-29 10:42:48.737 29654 29654 W AppComponentFactory: Instantiating Application
05-29 10:42:48.747 29654 29654 W InitStatus: Providers blocked (18170268)
05-29 10:42:48.747 29654 29654 W InitStatus: Services blocked (179480485)
05-29 10:42:48.747 29654 29654 W InitStatus: BroadcastReceivers blocked (197384058)
05-29 10:42:48.751 29652 29729 D CompatibilityChangeReporter: Compat change id reported: 160794467; UID 10185; state: ENABLED
05-29 10:42:48.754 29654 29654 W CrashLoopRemedyLog: unable to delete remedy log, instaCrash: false
05-29 10:42:48.754 29654 29654 W CrashLoopRemedyLog: unable to delete remedy log, instaCrash: true
05-29 10:42:48.756 29654 29739 W InitStatus: Blocking Provider (18170268)
05-29 10:42:48.757 29699 29699 D nativeloader: Configuring clns-7 for other apk /data/app/~~nbHkET4pyt6kNZvKyDyjqQ==/com.xiaomi.glgm-5hAP4OiSemuwM_iDswyR1A==/base.apk. target_sdk_version=33, uses_libraries=, library_path=/data/app/~~nbHkET4pyt6kNZvKyDyjqQ==/com.xiaomi.glgm-5hAP4OiSemuwM_iDswyR1A==/lib/arm64:/data/app/~~nbHkET4pyt6kNZvKyDyjqQ==/com.xiaomi.glgm-5hAP4OiSemuwM_iDswyR1A==/base.apk!/lib/arm64-v8a:/system_ext/priv-app/RtMiCloudSDK/RtMiCloudSDK.apk!/lib/arm64-v8a:/system_ext/app/miuisystem/miuisystem.apk!/lib/arm64-v8a, permitted_path=/data:/mnt/expand:/data/user/0/com.xiaomi.glgm
05-29 10:42:48.758 29654 29744 W AppInitScheduler|Run: Running InitSharedLibraries [*]
05-29 10:42:48.759 29654 29743 W AppInitScheduler|Run: Running ReliabilityInitConfigureErrorReportingOnProcess [*]
05-29 10:42:48.759 29590 29695 D SessionsDependencies: Subscriber CRASHLYTICS registered.
05-29 10:42:48.761 29654 29746 W AppInitScheduler|Run: Running InitMultiProcessTracker
05-29 10:42:48.761 29654 29738 W OnProcessInitInvoker: Ignored missing AppInit dependency: 42:FixArtDebugging
05-29 10:42:48.761 29654 29747 W AppInitScheduler|Run: Running PreloadStartupLightSharedPreferenceUsages
05-29 10:42:48.762 29654 29746 W AppInitScheduler|Run:   Finished InitMultiProcessTracker in 1ms
05-29 10:42:48.767 29654 29748 W FileBasedMultiProcessTracker: <default>: Initializing FileBasedMultiProcessTracking using /data/user/0/com.facebook.katana/app_multiprocess_tracking
05-29 10:42:48.768 29654 29743 W lacrima : FbErrorReportingConfig.earlyInit
05-29 10:42:48.768 29654 29748 W FileBasedMultiProcessTracker: <default>: Creating file to track 29654
05-29 10:42:48.773 29590 29742 W ziparchive: Unable to open '/data/user_de/0/com.google.android.gms/app_chimera/m/00000381/DynamiteLoader.uncompressed.dm': No such file or directory
05-29 10:42:48.773 29590 29742 W ziparchive: Unable to open '/data/user_de/0/com.google.android.gms/app_chimera/m/00000381/DynamiteLoader.uncompressed.dm': No such file or directory
05-29 10:42:48.773 29654 29748 W FileBasedMultiProcessTracker: <default>: FileBasedMultiProcessTracker ready!
05-29 10:42:48.773 29654 29749 W FileBasedMultiProcessTracker: <default>: Observed removed PID: 21379
05-29 10:42:48.778 29654 29744 W SoLoader: Initializing SoLoader: 2
05-29 10:42:48.778 29654 29744 W SoLoader: Recording new base apk path: /data/app/~~XClY4L7AABGQX-F3-0L5Sg==/com.facebook.katana-xqLIa46-ax7ku9OeXeVvvg==/base.apk
05-29 10:42:48.778 29654 29744 W SoLoader: Previously recorded 0 base apk paths.
05-29 10:42:48.779 29654 29744 W BackupSoSource: adding backup source from split: /data/app/~~XClY4L7AABGQX-F3-0L5Sg==/com.facebook.katana-xqLIa46-ax7ku9OeXeVvvg==/split_heliumiab.apk
05-29 10:42:48.780 29654 29654 W InitStatus: Blocking Service (179480485)
05-29 10:42:48.782 29654 29744 W SoLoader: SoLoader initialized: 2
05-29 10:42:48.787 29590 29742 I DynamiteModule: Considering local module com.google.android.gms.measurement.dynamite:107 and remote module com.google.android.gms.measurement.dynamite:114
05-29 10:42:48.787 29590 29742 I DynamiteModule: Selected remote version of com.google.android.gms.measurement.dynamite, version >= 114
05-29 10:42:48.787 29590 29742 V DynamiteModule: Dynamite loader version >= 2, using loadModule2NoCrashUtils
05-29 10:42:48.791 29654 29744 W FbSoLoader: Initialized FBSoLoader
05-29 10:42:48.793 29654 29744 W AppInitScheduler|Run:   Finished InitSharedLibraries in 34ms
05-29 10:42:48.794 29654 29763 W AppInitScheduler|Run: Running InitClassFailureStapler
05-29 10:42:48.794 29654 29764 W AppInitScheduler|Run: Running InitOxygenCrashReporter
05-29 10:42:48.794 29654 29762 W AppInitScheduler|Run: Running GeneratePerfStats [*]
05-29 10:42:48.795 29654 29764 W AppInitScheduler|Run:   Finished InitOxygenCrashReporter in 1ms
05-29 10:42:48.796 29654 29743 W AppStateLoggerNative: AppStateLoggerNative.initializeNativeCrashReporting not called.
05-29 10:42:48.794 29654 29654 W AppInit1: type=1400 audit(0.0:904015): avc: denied { read } for name="zoneinfo" dev="proc" ino=4026531859 scontext=u:r:untrusted_app:s0:c121,c257,c512,c768 tcontext=u:object_r:proc_zoneinfo:s0 tclass=file permissive=0 app=com.facebook.katana
05-29 10:42:48.797 29654 29743 W lacrima : Start JavaAppDeathCrashDetector... X.0b3
05-29 10:42:48.797 29654 29763 W AppInitScheduler|Run:   Finished InitClassFailureStapler in 3ms
05-29 10:42:48.797 29699 29699 I Perf    : Connecting to perf service.
05-29 10:42:48.799 29654 29762 W AppInitScheduler|Run:   Finished GeneratePerfStats in 4ms
05-29 10:42:48.800 29654 29743 W lacrima : Sending pending reports
05-29 10:42:48.800 29654 29743 W AppInitScheduler|Run:   Finished ReliabilityInitConfigureErrorReportingOnProcess in 40ms
05-29 10:42:48.801 29654 29770 W AppInitScheduler|Run: Running LoadLibDexLoad [*]
05-29 10:42:48.801 29654 29747 W AppInitScheduler|Run:   Finished PreloadStartupLightSharedPreferenceUsages in 40ms
05-29 10:42:48.804 29654 29756 I AdrenoGLES-0: QUALCOMM build                   : 3e33337ce3, I07ee46fc66
05-29 10:42:48.804 29654 29756 I AdrenoGLES-0: Build Date                       : 10/08/21
05-29 10:42:48.804 29654 29756 I AdrenoGLES-0: OpenGL ES Shader Compiler Version: EV031.35.01.10
05-29 10:42:48.804 29654 29756 I AdrenoGLES-0: Local Branch                     :
05-29 10:42:48.804 29654 29756 I AdrenoGLES-0: Remote Branch                    :
05-29 10:42:48.804 29654 29756 I AdrenoGLES-0: Remote Branch                    :
05-29 10:42:48.804 29654 29756 I AdrenoGLES-0: Reconstruct Branch               :
05-29 10:42:48.804 29654 29756 I AdrenoGLES-0: Build Config                     : S P 10.0.7 AArch64
05-29 10:42:48.805 29654 29756 I AdrenoGLES-0: Driver Path                      : /vendor/lib64/egl/libGLESv2_adreno.so
05-29 10:42:48.806 29699 29699 V GraphicsEnvironment: ANGLE Developer option for 'com.xiaomi.glgm' set to: 'default'
05-29 10:42:48.806 29699 29699 V GraphicsEnvironment: ANGLE GameManagerService for com.xiaomi.glgm: false
05-29 10:42:48.807 29699 29699 V GraphicsEnvironment: Neither updatable production driver nor prerelease driver is supported.
05-29 10:42:48.813 29654 29756 I AdrenoGLES-0: PFP: 0x016ee201, ME: 0x00000000
05-29 10:42:48.815 29699 29699 I ForceDarkHelperStubImpl: initialize for com.xiaomi.glgm , ForceDarkOrigin
05-29 10:42:48.818 29699 29699 D com.xiaomi.glgm: JNI_OnLoad success
05-29 10:42:48.818 29699 29699 I MiuiForceDarkConfig: setConfig density:2.750000, mainRule:0, secondaryRule:0, tertiaryRule:0
05-29 10:42:48.822 29327 29470 I Finsky  : [2438] rbq.accept(66): SCH: Scheduling phonesky job Id: 3-83671, CT: 1716972168484, Constraints: [{ L: 0, D: 86400000, C: 2, I: 2, N: 1 }]
05-29 10:42:48.823 29327 29470 I Finsky  : [2438] rbq.accept(66): SCH: Scheduling phonesky job Id: 3-83672, CT: 1716972168484, Constraints: [{ L: 0, D: 86400000, C: 2, I: 2, N: 1 }]
05-29 10:42:48.829 29699 29699 D NetworkSecurityConfig: Using Network Security Config from resource network_security_config debugBuild: false
05-29 10:42:48.826 29654 29654 W AppInit8: type=1400 audit(0.0:904016): avc: granted { execute } for path="/data/data/com.facebook.katana/lib-compressed/libbreakpad.so" dev="dm-42" ino=421807 scontext=u:r:untrusted_app:s0:c121,c257,c512,c768 tcontext=u:object_r:app_data_file:s0:c121,c257,c512,c768 tclass=file app=com.facebook.katana
05-29 10:42:48.830 29699 29699 D NetworkSecurityConfig: Using Network Security Config from resource network_security_config debugBuild: false
05-29 10:42:48.834 29654 29756 E libEGL  : call to OpenGL ES API with no current context (logged once per thread)
05-29 10:42:48.834 29654 29756 E libEGL  : call to OpenGL ES API with no current context (logged once per thread)
05-29 10:42:48.834 29654 29756 E libEGL  : call to OpenGL ES API with no current context (logged once per thread)
05-29 10:42:48.836 29590 29742 W System  : ClassLoader referenced unknown path:
05-29 10:42:48.836 29590 29742 D nativeloader: Configuring clns-5 for other apk . target_sdk_version=34, uses_libraries=, library_path=/data/app/~~lRj4pVpvp44P2k81hHiHSQ==/com.google.android.gms-D8fNy-ENxbXAvumj_9Gl6g==/lib/arm64:/data/app/~~lRj4pVpvp44P2k81hHiHSQ==/com.google.android.gms-D8fNy-ENxbXAvumj_9Gl6g==/base.apk!/lib/arm64-v8a, permitted_path=/data:/mnt/expand:/data/user/0/com.google.android.gms
05-29 10:42:48.837 29327 29517 I Finsky  : [2453] jxs.apply(37): SCH: Scheduling 0 system job(s)
05-29 10:42:48.834 29654 29654 W AppInit8: type=1400 audit(0.0:904017): avc: granted { execute } for path="/data/data/com.facebook.katana/lib-compressed/libdexload.so" dev="dm-42" ino=436953 scontext=u:r:untrusted_app:s0:c121,c257,c512,c768 tcontext=u:object_r:app_data_file:s0:c121,c257,c512,c768 tclass=file app=com.facebook.katana
05-29 10:42:48.840 29654 29770 W AppInitScheduler|Run:   Finished LoadLibDexLoad in 39ms
05-29 10:42:48.840 29654 29746 W AppInitScheduler|Run: Running InitCrashLoopMitigation
05-29 10:42:48.840 29654 29744 W AppInitScheduler|Run: Running InitDeadResourceDetection
05-29 10:42:48.840 29654 29744 W AppInitScheduler|Run:   Finished InitDeadResourceDetection in 1ms
05-29 10:42:48.840 29654 29744 W AppInitScheduler|Run: Running LoadLibColdStart [*]
05-29 10:42:48.841 29654 29778 W AppInitScheduler|Run: Running SetupFbGlog [*]
05-29 10:42:48.842 29654 29778 W AppInitScheduler|Run:   Finished SetupFbGlog in 1ms
05-29 10:42:48.843 29654 29762 W AppInitScheduler|Run: Running MaybeTraceColdStart [*]
05-29 10:42:48.843 29654 29743 W AppInitScheduler|Run: Running InitClassTracing
05-29 10:42:48.843 29654 29763 W AppInitScheduler|Run: Running DisableRuntimeVerification [*]
05-29 10:42:48.843 29654 29747 W AppInitScheduler|Run: Running InitLacrimaEarlyNative
05-29 10:42:48.848 29654 29746 W dalvik-internals: sigaction64 succeeded
05-29 10:42:48.848 29654 29743 W AppInitScheduler|Run:   Finished InitClassTracing in 5ms
05-29 10:42:48.848 29654 29743 W AppInitScheduler|Run: Running InitMemoryTracer
05-29 10:42:48.848 29654 29743 W AppInitScheduler|Run:   Finished InitMemoryTracer in 1ms
05-29 10:42:48.848 29654 29746 D dalvik-internals: SuspendAndroid11: Found all symbols
05-29 10:42:48.848 29654 29746 D dalvik-internals: SuspendAndroid11: Suspending threads.
05-29 10:42:48.849 29590 29695 D FirebaseSessions: Initializing Firebase Sessions SDK.
05-29 10:42:48.850 29654 29763 V verifier-alternative: Verification should be disabled
05-29 10:42:48.852 29590 29745 I FirebaseCrashlytics: No version control information found
05-29 10:42:48.855 29590 29781 D FirebaseSessions: No Sessions subscribers. Not listening to lifecycle events.
05-29 10:42:48.854 29654 29654 W AppInit2: type=1400 audit(0.0:904018): avc: granted { execute } for path="/data/data/com.facebook.katana/lib-compressed/libreliabilitymerged.so" dev="dm-42" ino=596875 scontext=u:r:untrusted_app:s0:c121,c257,c512,c768 tcontext=u:object_r:app_data_file:s0:c121,c257,c512,c768 tclass=file app=com.facebook.katana
05-29 10:42:48.857 29654 29746 D dalvik-internals: SuspendAndroid11: Resuming threads.
05-29 10:42:48.857 29654 29746 V dalvik-internals: hooked signal using trap ()
05-29 10:42:48.857 29654 29746 V dalvik-internals: hooked sigaction using trap ()
05-29 10:42:48.857 29654 29746 I dalvik-internals: integrateWithCrashLog crashlog: /data/user/0/com.facebook.katana/crash_log, insta_crashlog: /data/user/0/com.facebook.katana/insta_crash_log
05-29 10:42:48.857 29654 29763 W AppInitScheduler|Run:   Finished DisableRuntimeVerification in 14ms
05-29 10:42:48.857 29654 29746 I dalvik-internals: installed sigmux crash handler for crash log
05-29 10:42:48.857 29654 29746 W AppInitScheduler|Run:   Finished InitCrashLoopMitigation in 17ms
05-29 10:42:48.858 29654 29746 W AppInitScheduler|Run: Running LoadDexes [*]
05-29 10:42:48.859 29590 29695 E DeviceUtils: static init(): Load MiuiMiddle Class Exception:java.lang.NoSuchMethodException: com.miui.performance.DeviceLevelUtils.getMiuiMiddleVersion []
05-29 10:42:48.865 29654 29746 W DexLibLoader: disabling background optimization
05-29 10:42:48.870 29654 29756 W libc    : Access denied finding property "vendor.migl.debug"
05-29 10:42:48.870 29652 29729 D CompatibilityChangeReporter: Compat change id reported: 194532703; UID 10185; state: ENABLED
05-29 10:42:48.878 29654 29746 W DexLibLoader: Build id used for apk identification
05-29 10:42:48.874 29654 29654 W AppInit5: type=1400 audit(0.0:904019): avc: granted { execute } for path="/data/data/com.facebook.katana/lib-compressed/libprofilostandalone.so" dev="dm-42" ino=220429 scontext=u:r:untrusted_app:s0:c121,c257,c512,c768 tcontext=u:object_r:app_data_file:s0:c121,c257,c512,c768 tclass=file app=com.facebook.katana
05-29 10:42:48.880  1596  3833 D CompatibilityInfo: mCompatibilityFlags - 0
05-29 10:42:48.880  1596  3833 D CompatibilityInfo: applicationDensity - 440
05-29 10:42:48.880  1596  3833 D CompatibilityInfo: applicationScale - 1.0
05-29 10:42:48.881 29590 29742 W xiaomi.discover: ClassLoaderContext classpath size mismatch. expected=12, found=3 (DLC[];PCL[base.apk*1604905382:base.apk!classes2.dex*682570207:base.apk!classes3.dex*2527590523:base.apk!classes4.dex*1458516695:base.apk!classes5.dex*1143851140:base.apk!classes6.dex*4198141943:base.apk!classes7.dex*860192315:base.apk!classes8.dex*2496212096:base.apk!classes9.dex*310507253:base.apk!classes10.dex*3513933353:base.apk!classes11.dex*2980000734:base.apk!classes12.dex*734305995]{PCL[/system/framework/org.apache.http.legacy.jar*659110244]#PCL[/system/framework/com.android.media.remotedisplay.jar*3743104115]#PCL[/system/framework/com.android.location.provider.jar*3175360615]#PCL[/system/framework/org.apache.http.legacy.jar*659110244]} | DLC[];PCL[/data/app/~~5K7XuMD0ZGfr7OOz0jB9yg==/com.xiaomi.discover-HKRJ_41IJYbS3LMOn9_PFA==/base.apk*2820481101:/data/app/~~5K7XuMD0ZGfr7OOz0jB9yg==/com.xiaomi.discover-HKRJ_41IJYbS3LMOn9_PFA==/base.apk!classes2.dex*2780096808:/data/app/~~5K7XuMD0ZGfr7OOz0jB9yg==/com.xiaomi.discover-HKRJ_41IJYbS3LMOn9_PFA==/base.apk!classes3.dex*1404773609])
05-29 10:42:48.881 29590 29590 W FirebaseRemoteConfig: No value of type 'FirebaseRemoteConfigValue' exists for parameter key 'abKeyList'.
05-29 10:42:48.882 29590 29590 W FirebaseRemoteConfig: No value of type 'FirebaseRemoteConfigValue' exists for parameter key 'sid'.
05-29 10:42:48.885 29590 29695 D OT-PubSub-Sdk: updateDebugSwitch sEnable: false sDebugMode：false sDebugProperty：false
05-29 10:42:48.882 29654 29654 W AppInit2: type=1400 audit(0.0:904020): avc: granted { execute } for path="/data/data/com.facebook.katana/lib-compressed/libelflookuphelper.so" dev="dm-42" ino=392295 scontext=u:r:untrusted_app:s0:c121,c257,c512,c768 tcontext=u:object_r:app_data_file:s0:c121,c257,c512,c768 tclass=file app=com.facebook.katana
05-29 10:42:48.891 29654 29756 E libEGL  : call to OpenGL ES API with no current context (logged once per thread)
05-29 10:42:48.894 29654 29654 W AppInit2: type=1400 audit(0.0:904021): avc: granted { execute } for path="/data/data/com.facebook.katana/lib-compressed/libxplat_third-party_zstd__zstdAndroid.so" dev="dm-42" ino=598269 scontext=u:r:untrusted_app:s0:c121,c257,c512,c768 tcontext=u:object_r:app_data_file:s0:c121,c257,c512,c768 tclass=file app=com.facebook.katana
05-29 10:42:48.897 29590 29795 D OT-PubSub-Sdk: updateDebugSwitch sEnable: false sDebugMode：false sDebugProperty：false
05-29 10:42:48.897 29590 29795 D OT-PubSub-Sdk: log on: false, quick upload on: false
05-29 10:42:48.897 29654 29747 W lacrima : The minidump file is empty!
05-29 10:42:48.897 29590 29795 D BroadcastExecutor: initIfNeeded : 2464
05-29 10:42:48.898 29654 29762 W AppInitScheduler|Run:   Finished MaybeTraceColdStart in 55ms
05-29 10:42:48.898 29654 29746 D dalvik-internals: SuspendAndroid11: Found all symbols
05-29 10:42:48.898 29654 29746 D dalvik-internals: SuspendAndroid11: Suspending threads.
05-29 10:42:48.901 29699 29699 I MultiDex: VM with version 2.1.0 has multidex support
05-29 10:42:48.901 29699 29699 I MultiDex: Installing application
05-29 10:42:48.901 29699 29699 I MultiDex: VM has multidex support, MultiDex support library is disabled.
05-29 10:42:48.903 29654 29746 V dalvik-internals: Hooking function _ZN3art16OatFileAssistant10IsUpToDateEv
05-29 10:42:48.903 29654 29746 V dalvik-internals: hooked _ZN3art16OatFileAssistant10IsUpToDateEv using jump ()
05-29 10:42:48.904 29654 29746 V dalvik-internals: Hooking function _ZN3art11annotations16GetLineNumFromPCEPKNS_7DexFileEPNS_9ArtMethodEj
05-29 10:42:48.904 29654 29746 V dalvik-internals: hooked _ZN3art11annotations16GetLineNumFromPCEPKNS_7DexFileEPNS_9ArtMethodEj using jump ()
05-29 10:42:48.904 29654 29746 D dalvik-internals: SuspendAndroid11: Resuming threads.
05-29 10:42:48.906 29654 29747 W lacrima : Start AnrAppDeathDetector... X.0Ia
05-29 10:42:48.909 29654 29746 W DexLibLoader: Dexstore is  using MultiDexClassLoaderJava
05-29 10:42:48.910 29654 29654 W AppInit2: type=1400 audit(0.0:904022): avc: granted { execute } for path="/data/data/com.facebook.katana/lib-compressed/libcoldstart.so" dev="dm-42" ino=590787 scontext=u:r:untrusted_app:s0:c121,c257,c512,c768 tcontext=u:object_r:app_data_file:s0:c121,c257,c512,c768 tclass=file app=com.facebook.katana
05-29 10:42:48.913 29654 29746 W DexLibLoader: Comparing new 1716656678195 to old 1716656678195
05-29 10:42:48.914 29654 29746 W AppInitScheduler|Run:   Finished LoadDexes in 55ms
05-29 10:42:48.915 29654 29746 W AppInitScheduler|Run: Running AddMainDexStoreInfoToReliabilityLogging
05-29 10:42:48.915 29654 29743 W AppInitScheduler|Run: Running ConfigureJitAfterDexesLoad
05-29 10:42:48.915 29654 29764 W AppInitScheduler|Run: Running MprotectCode
05-29 10:42:48.915 29654 29746 W AppInitScheduler|Run:   Finished AddMainDexStoreInfoToReliabilityLogging in 0ms
05-29 10:42:48.916 29654 29778 W AppInitScheduler|Run: Running IsolatedLongtailAppInit [*]
05-29 10:42:48.916 29654 29764 W AppInitScheduler|Run:   Finished MprotectCode in 0ms
05-29 10:42:48.916 29654 29778 W AppInitScheduler|Run:   Finished IsolatedLongtailAppInit in 0ms
05-29 10:42:48.917 29654 29778 W AppInitScheduler|Run: Running LoadVoltronModules [*]
05-29 10:42:48.914 29654 29654 W com.facebook.katana: type=1400 audit(0.0:904023): avc: denied { execmod } for comm=4173796E635461736B202331 path="/data/data/com.facebook.katana/lib-compressed/libdexload.so" dev="dm-42" ino=436953 scontext=u:r:untrusted_app:s0:c121,c257,c512,c768 tcontext=u:object_r:app_data_file:s0:c121,c257,c512,c768 tclass=file permissive=0 app=com.facebook.katana
05-29 10:42:48.921 29654 29778 W AppInitScheduler|Run:   Finished LoadVoltronModules in 4ms
05-29 10:42:48.921 29654 29778 W AppInitScheduler|Run: Running CreateApplicationImpl [*]
05-29 10:42:48.921 29654 29762 W AppInitScheduler|Run: Running InitUltralight [*]
05-29 10:42:48.921 29654 29746 W AppInitScheduler|Run: Running RunOnApplicationInit [*]
05-29 10:42:48.922 29654 29743 W AppInitScheduler|Run:   Finished ConfigureJitAfterDexesLoad in 7ms
05-29 10:42:48.936 29654 29778 W AppInitScheduler|Run:   Finished CreateApplicationImpl in 15ms
05-29 10:42:48.936 29654 29762 W AppInitScheduler|Run:   Finished InitUltralight in 14ms
05-29 10:42:48.936 29654 29753 W facebook.katana: Long monitor contention with owner EnsureDelegate (29738) at void X.0sr.A09()(:2437) waiters=0 in void X.0sr.A09() for 159ms
05-29 10:42:48.943   981   981 D Zygote  : Forked child process 29811
05-29 10:42:48.945 29654 29746 W OnApplicationInitInvoker: Ignored missing AppInit dependency: 120:MessengerMCPPluginInitializer
05-29 10:42:48.945 29654 29746 W AppInitScheduler|Run:   Finished RunOnApplicationInit in 24ms
05-29 10:42:48.946 29654 29770 W AppInitScheduler|Run: Running GatekeeperStoreInitializer [*]
05-29 10:42:48.946 29654 29764 W AppInitScheduler|Run: Running FbSharedPreferenceInitializer [*]
05-29 10:42:48.946 29654 29743 W AppInitScheduler|Run: Running MobileConfigSessionlessInit [*]
05-29 10:42:48.947 29654 29778 W AppInitScheduler|Run: Running InitAppModuleFallbackLoader [*]
05-29 10:42:48.947 29654 29746 W AppInitScheduler|Run: Running ZeroABTestStaticBootstrap [*]
05-29 10:42:48.947 29654 29763 W AppInitScheduler|Run: Running InitAuthentication [*]
05-29 10:42:48.947 29654 29762 W AppInitScheduler|Run: Running InitExecutors [*]
05-29 10:42:48.957 29652 29734 D TrafficStats: tagSocket(93) with statsTag=0xaaaa, statsUid=-1
05-29 10:42:48.967 29654 29746 W AppInitScheduler|Run:   Finished ZeroABTestStaticBootstrap in 20ms
05-29 10:42:48.968 29654 29746 W AppInitScheduler|Run: Running FbSharedPreferenceInitializerAsync
05-29 10:42:48.971 29811 29811 E Zygote  : process_name_ptr:29811 com.facebook.system
05-29 10:42:48.971 29811 29811 E zygote64: Failed to parse /product/etc/mfz.xml: Tinyxml2 error (3): Error=XML_ERROR_FILE_NOT_FOUND ErrorID=3 (0x3) Line number=0: filename=/product/etc/mfz.xml
05-29 10:42:48.971 29811 29811 E zygote64: MemoryFreeze XMLFile not found
05-29 10:42:48.976 29811 29811 I facebook.system: Using CollectorTypeCC GC.
05-29 10:42:48.979 29811 29811 E facebook.system: Not starting debugger since process cannot load the jdwp agent.
05-29 10:42:48.979 29654 29744 W AppInitScheduler|Run:   Finished LoadLibColdStart in 138ms
05-29 10:42:48.979 29654 29744 W AppInitScheduler|Run: Running InitJit
05-29 10:42:48.980 29654 29744 W AppInitScheduler|Run:   Finished InitJit in 0ms
05-29 10:42:48.980 29654 29744 W AppInitScheduler|Run: Running StaticGraphServiceFactoryInitializer [*]
05-29 10:42:48.980 29654 29778 W AppInitScheduler|Run:   Finished InitAppModuleFallbackLoader in 33ms
05-29 10:42:48.980 29654 29778 W AppInitScheduler|Run: Running EarliestPossibleColdStartClassPreloadStarter
05-29 10:42:48.984 29590 29808 I FA      : App measurement disabled by setAnalyticsCollectionEnabled(false)
05-29 10:42:48.985 29590 29808 E xiaomi.discover: No package ID 79 found for ID 0x790b0007.
05-29 10:42:48.985 29590 29808 E xiaomi.discover: No package ID 79 found for ID 0x790b0007.
05-29 10:42:48.985 29811 29811 W System.err: android.system.ErrnoException: open failed: ENOENT (No such file or directory)
05-29 10:42:48.986 29811 29811 W System.err: 	at libcore.io.Linux.open(Native Method)
05-29 10:42:48.986 29811 29811 W System.err: 	at libcore.io.ForwardingOs.open(ForwardingOs.java:563)
05-29 10:42:48.986 29811 29811 W System.err: 	at libcore.io.BlockGuardOs.open(BlockGuardOs.java:274)
05-29 10:42:48.986 29811 29811 W System.err: 	at libcore.io.ForwardingOs.open(ForwardingOs.java:563)
05-29 10:42:48.986 29811 29811 W System.err: 	at android.app.ActivityThread$AndroidOs.open(ActivityThread.java:8288)
05-29 10:42:48.986 29811 29811 W System.err: 	at android.system.Os.open(Os.java:494)
05-29 10:42:48.986 29811 29811 W System.err: 	at android.os.perfdebug.PerfDebugMonitorImpl.monitorVersionControl(PerfDebugMonitorImpl.java:204)
05-29 10:42:48.986 29811 29811 W System.err: 	at android.os.perfdebug.PerfDebugMonitorImpl.prepareMonitor(PerfDebugMonitorImpl.java:185)
05-29 10:42:48.986 29811 29811 W System.err: 	at android.app.ActivityThread.main(ActivityThread.java:8375)
05-29 10:42:48.986 29811 29811 W System.err: 	at java.lang.reflect.Method.invoke(Native Method)
05-29 10:42:48.986 29811 29811 W System.err: 	at com.android.internal.os.RuntimeInit$MethodAndArgsCaller.run(RuntimeInit.java:559)
05-29 10:42:48.986 29811 29811 W System.err: 	at com.android.internal.os.ZygoteInit.main(ZygoteInit.java:954)
05-29 10:42:48.986 29811 29811 I MessageMonitor: Load libmiui_runtime
05-29 10:42:48.987 29590 29808 I FA      : App measurement initialized, version: 94007
05-29 10:42:48.987 29590 29808 I FA      : To enable debug logging run: adb shell setprop log.tag.FA VERBOSE
05-29 10:42:48.989 29590 29808 I FA      : To enable faster debug mode event logging run:
05-29 10:42:48.989 29590 29808 I FA      :   adb shell setprop debug.firebase.analytics.app com.xiaomi.discover
05-29 10:42:48.993  1596  3589 D CompatibilityInfo: mCompatibilityFlags - 0
05-29 10:42:48.993  1596  3589 D CompatibilityInfo: applicationDensity - 440
05-29 10:42:48.993  1596  3589 D CompatibilityInfo: applicationScale - 1.0
05-29 10:42:48.996  1596  2637 I MiuiNetworkPolicy: updateUidState uid = 10117, uidState = 8
05-29 10:42:49.002 29811 29811 D CompatibilityChangeReporter: Compat change id reported: 171979766; UID 10117; state: ENABLED
05-29 10:42:49.005  4461 27860 D TrafficStats: tagSocket(220) with statsTag=0x30003300, statsUid=10471
05-29 10:42:49.005 29654 29747 W AppInitScheduler|Run:   Finished InitLacrimaEarlyNative in 163ms
05-29 10:42:49.006 29654 29747 W AppInitScheduler|Run: Running AddProcessNameToErrorReport
05-29 10:42:49.006 29654 29747 W AppInitScheduler|Run:   Finished AddProcessNameToErrorReport in 0ms
05-29 10:42:49.006 29654 29747 W AppInitScheduler|Run: Running DalvikInternalsOnColdStartEnd
05-29 10:42:49.006 29654 29747 W AppInitScheduler|Run:   Finished DalvikInternalsOnColdStartEnd in 0ms
05-29 10:42:49.006 29654 29747 W AppInitScheduler|Run: Running FixieActivityManagerHook
05-29 10:42:49.011 29654 29747 W AppInitScheduler|Run:   Finished FixieActivityManagerHook in 5ms
05-29 10:42:49.011 29654 29747 W AppInitScheduler|Run: Running FixieLimitNativeStackSize
05-29 10:42:49.011 29654 29747 W AppInitScheduler|Run:   Finished FixieLimitNativeStackSize in 0ms
05-29 10:42:49.011 29654 29747 W AppInitScheduler|Run: Running InitAppChoreographer
05-29 10:42:49.012 29654 29747 W AppInitScheduler|Run:   Finished InitAppChoreographer in 1ms
05-29 10:42:49.012 29654 29747 W AppInitScheduler|Run: Running HandleAppComponentsForPreTosBuild
05-29 10:42:49.012  1220  1220 I MI-SF   : surfaceflinger setAffinity mode=0
05-29 10:42:49.031 29699 29828 D nativeloader: Configuring clns-8 for other apk /system/framework/com.android.media.remotedisplay.jar. target_sdk_version=34, uses_libraries=ALL, library_path=/data/app/~~lRj4pVpvp44P2k81hHiHSQ==/com.google.android.gms-D8fNy-ENxbXAvumj_9Gl6g==/lib/arm64:/data/app/~~lRj4pVpvp44P2k81hHiHSQ==/com.google.android.gms-D8fNy-ENxbXAvumj_9Gl6g==/base.apk!/lib/arm64-v8a, permitted_path=/data:/mnt/expand:/data/user/0/com.google.android.gms
05-29 10:42:49.034 29699 29828 D nativeloader: Extending system_exposed_libraries: libbinauralrenderer_wrapper.qti.so:libhoaeffects.qti.so:libQOC.qti.so:libmisys_jni.xiaomi.so:libupdateprof.qti.so:libthermalclient.qti.so:libQOC.qti.so:libdiag_system.qti.so:libqape.qti.so:liblistenjni.qti.so
05-29 10:42:49.036 29654 29744 W AppInitScheduler|Run:   Finished StaticGraphServiceFactoryInitializer in 57ms
05-29 10:42:49.037 29654 29744 W AppInitScheduler|Run: Running INeedInitForEventBusRegister
05-29 10:42:49.040 29654 29744 W AppInitScheduler|Run:   Finished INeedInitForEventBusRegister in 3ms
05-29 10:42:49.040 29654 29744 W AppInitScheduler|Run: Running INeedInitForGatekeepersListenerRegister
05-29 10:42:49.041 29654 29764 W AppInitScheduler|Run:   Finished FbSharedPreferenceInitializer in 96ms
05-29 10:42:49.041 29654 29764 W AppInitScheduler|Run: Running FbMCPPluginInitializer
05-29 10:42:49.043 29654 29747 W AppInitScheduler|Run:   Finished HandleAppComponentsForPreTosBuild in 31ms
05-29 10:42:49.044 29654 29747 W AppInitScheduler|Run: Running InitAndroidX
05-29 10:42:49.045 29654 29747 W AppInitScheduler|Run:   Finished InitAndroidX in 0ms
05-29 10:42:49.045 29654 29747 W AppInitScheduler|Run: Running InitLogging
05-29 10:42:49.046 29699 29828 D nativeloader: Configuring clns-9 for other apk /system/framework/com.android.location.provider.jar. target_sdk_version=34, uses_libraries=ALL, library_path=/data/app/~~lRj4pVpvp44P2k81hHiHSQ==/com.google.android.gms-D8fNy-ENxbXAvumj_9Gl6g==/lib/arm64:/data/app/~~lRj4pVpvp44P2k81hHiHSQ==/com.google.android.gms-D8fNy-ENxbXAvumj_9Gl6g==/base.apk!/lib/arm64-v8a, permitted_path=/data:/mnt/expand:/data/user/0/com.google.android.gms
05-29 10:42:49.046 29699 29828 D nativeloader: Extending system_exposed_libraries: libbinauralrenderer_wrapper.qti.so:libhoaeffects.qti.so:libQOC.qti.so:libmisys_jni.xiaomi.so:libupdateprof.qti.so:libthermalclient.qti.so:libQOC.qti.so:libdiag_system.qti.so:libqape.qti.so:liblistenjni.qti.so
05-29 10:42:49.050 29654 29743 W AppInitScheduler|Run:   Finished MobileConfigSessionlessInit in 104ms
05-29 10:42:49.050 29654 29743 W AppInitScheduler|Run: Running E2EForceMobileConfigSessionlessFetch [*]
05-29 10:42:49.050 29654 29743 W AppInitScheduler|Run:   Finished E2EForceMobileConfigSessionlessFetch in 0ms
05-29 10:42:49.050 29654 29743 W AppInitScheduler|Run: Running InitMallocHooks
05-29 10:42:49.050 29654 29743 W AppInitScheduler|Run:   Finished InitMallocHooks in 0ms
05-29 10:42:49.050 29654 29743 W AppInitScheduler|Run: Running InitSystrace
05-29 10:42:49.052 29654 29743 W AppInitScheduler|Run:   Finished InitSystrace in 3ms
05-29 10:42:49.052 29654 29743 W AppInitScheduler|Run: Running LazyCustomErrorDataInitializer
05-29 10:42:49.054 29654 29770 W AppInitScheduler|Run:   Finished GatekeeperStoreInitializer in 108ms
05-29 10:42:49.054 29654 29770 W AppInitScheduler|Run: Running LogController
05-29 10:42:49.056 29654 29762 W AppInitScheduler|Run:   Finished InitExecutors in 109ms
05-29 10:42:49.056 29654 29762 W AppInitScheduler|Run: Running StringResourcesDelegate [*]
05-29 10:42:49.056 29699 29828 D nativeloader: Configuring clns-10 for other apk /data/app/~~lRj4pVpvp44P2k81hHiHSQ==/com.google.android.gms-D8fNy-ENxbXAvumj_9Gl6g==/base.apk. target_sdk_version=34, uses_libraries=, library_path=/data/app/~~lRj4pVpvp44P2k81hHiHSQ==/com.google.android.gms-D8fNy-ENxbXAvumj_9Gl6g==/lib/arm64:/data/app/~~lRj4pVpvp44P2k81hHiHSQ==/com.google.android.gms-D8fNy-ENxbXAvumj_9Gl6g==/base.apk!/lib/arm64-v8a, permitted_path=/data:/mnt/expand:/data/user/0/com.google.android.gms
05-29 10:42:49.057 29654 29744 W AppInitScheduler|Run:   Finished INeedInitForGatekeepersListenerRegister in 13ms
05-29 10:42:49.057 29654 29744 W AppInitScheduler|Run: Running RunPerfMarkers [*]
05-29 10:42:49.057 29654 29744 W AppInitScheduler|Run:   Finished RunPerfMarkers in 0ms
05-29 10:42:49.057 29654 29744 W AppInitScheduler|Run: Running InitLacrimaLaterInit
05-29 10:42:49.057 29654 29744 W lacrima : FbErrorReportingConfig.laterInit
05-29 10:42:49.058 29654 29770 W AppInitScheduler|Run:   Finished LogController in 4ms
05-29 10:42:49.058 29654 29770 W AppInitScheduler|Run: Running InitSurfaces
05-29 10:42:49.061 29654 29770 W AppInitScheduler|Run:   Finished InitSurfaces in 3ms
05-29 10:42:49.061 29654 29770 W AppInitScheduler|Run: Running RegisterFrameRateTraceListener
05-29 10:42:49.061 29654 29770 W AppInitScheduler|Run:   Finished RegisterFrameRateTraceListener in 1ms
05-29 10:42:49.061 29654 29770 W AppInitScheduler|Run: Running RegisterMainLooperTracer
05-29 10:42:49.061 29654 29770 W AppInitScheduler|Run:   Finished RegisterMainLooperTracer in 0ms
05-29 10:42:49.061 29654 29770 W AppInitScheduler|Run: Running ReleaseDeferredBroadcastReceiver
05-29 10:42:49.061 29654 29770 W AppInitScheduler|Run:   Finished ReleaseDeferredBroadcastReceiver in 0ms
05-29 10:42:49.061 29654 29770 W AppInitScheduler|Run: Running SetupDynaBuilds
05-29 10:42:49.061 29654 29770 W AppInitScheduler|Run:   Finished SetupDynaBuilds in 0ms
05-29 10:42:49.062 29654 29770 W AppInitScheduler|Run: Running SetupSmartGc
05-29 10:42:49.062 29654 29770 W AppInitScheduler|Run:   Finished SetupSmartGc in 0ms
05-29 10:42:49.062 29654 29770 W AppInitScheduler|Run: Running WhitehatOverlayInitializer
05-29 10:42:49.062 29654 29770 W AppInitScheduler|Run:   Finished WhitehatOverlayInitializer in 0ms
05-29 10:42:49.062 29654 29770 W AppInitScheduler|Run: Running MobileConfigSessionlessLaterInit
05-29 10:42:49.074 29654 29747 W fb4a.AppInitScheduler|Run:   Finished InitLogging in 29ms
05-29 10:42:49.076 29654 29746 W fb4a.AppInitScheduler|Run:   Finished FbSharedPreferenceInitializerAsync in 108ms
05-29 10:42:49.081 29654 29770 W fb4a.AppInitScheduler|Run:   Finished MobileConfigSessionlessLaterInit in 19ms
05-29 10:42:49.081 29654 29763 W fb4a.MobileConfigFactoryImpl: SESSIONBASED factory used for 1 param
05-29 10:42:49.081 29654 29763 W fb4a.AppInitScheduler|Run:   Finished InitAuthentication in 135ms
05-29 10:42:49.082 29654 29743 W fb4a.AppInitScheduler|Run:   Finished LazyCustomErrorDataInitializer in 29ms
05-29 10:42:49.082 29654 29747 W fb4a.AppInitScheduler|Run: Running MobileConfigInit [*]
05-29 10:42:49.082 29654 29746 W fb4a.AppInitScheduler|Run: Running ErrorReporterSecondaryInit
05-29 10:42:49.082 29654 29743 W fb4a.AppInitScheduler|Run: Running ComposerSavedSessionStoreInitializer
05-29 10:42:49.082 29654 29763 W fb4a.AppInitScheduler|Run: Running MobileConfigAdminIdInit [*]
05-29 10:42:49.082 29654 29746 W fb4a.AppInitScheduler|Run:   Finished ErrorReporterSecondaryInit in 0ms
05-29 10:42:49.082 29654 29743 W fb4a.AppInitScheduler|Run:   Finished ComposerSavedSessionStoreInitializer in 1ms
05-29 10:42:49.101 29654 29762 W fb4a.FrscLanguagePackLoader: Loading FRSC strings for locale (it)
05-29 10:42:49.102 29654 29762 W fb4a.AppInitScheduler|Run:   Finished StringResourcesDelegate in 46ms
05-29 10:42:49.104 29654 29763 W fb4a.AppInitScheduler|Run:   Finished MobileConfigAdminIdInit in 22ms
05-29 10:42:49.104 29654 29770 W fb4a.AppInitScheduler|Run: Running MobileConfigAdminIdLaterInit
05-29 10:42:49.104 29654 29770 W fb4a.AppInitScheduler|Run:   Finished MobileConfigAdminIdLaterInit in 0ms
05-29 10:42:49.104 29654 29832 W fb4a.i18n_VoltronFbtLanguagePackUtil: No stored assets/i18n_it_IT/i18n_it_IT.bin in module
05-29 10:42:49.110 29654 29747 W fb4a.AppInitScheduler|Run:   Finished MobileConfigInit in 28ms
05-29 10:42:49.110 29654 29778 W fb4a.AppInitScheduler|Run:   Finished EarliestPossibleColdStartClassPreloadStarter in 129ms
05-29 10:42:49.110 29654 29747 W fb4a.AppInitScheduler|Run: Running AnalyticsLoggerInit [*]
05-29 10:42:49.110 29654 29746 W fb4a.AppInitScheduler|Run: Running E2EForceMobileConfigFetch [*]
05-29 10:42:49.110 29654 29746 W fb4a.AppInitScheduler|Run:   Finished E2EForceMobileConfigFetch in 0ms
05-29 10:42:49.110 29654 29743 W fb4a.AppInitScheduler|Run: Running FdidInitSync [*]
05-29 10:42:49.110 29654 29746 W fb4a.AppInitScheduler|Run: Running LithoConfiguration [*]
05-29 10:42:49.110 29654 29743 W fb4a.AppInitScheduler|Run:   Finished FdidInitSync in 0ms
05-29 10:42:49.110 29654 29743 W fb4a.AppInitScheduler|Run: Running CheckUnstableContentProvider
05-29 10:42:49.111 29654 29762 W fb4a.AppInitScheduler|Run: Running RunEarlyInitForActivity [*]
05-29 10:42:49.111 29654 29762 W fb4a.AppInitScheduler|Run:   Finished RunEarlyInitForActivity in 0ms
05-29 10:42:49.111 29654 29762 W fb4a.AppInitScheduler|Run: Running StartupQPLInit
05-29 10:42:49.111 29699 29828 V FA      : Deferring to Google Analytics for Firebase for event data collection. https://goo.gl/J1sWQy
05-29 10:42:49.111 29654 29762 W fb4a.QuickPerformanceLoggerModule: Providing QPL... begin
05-29 10:42:49.111 29654 29743 W fb4a.AppInitScheduler|Run:   Finished CheckUnstableContentProvider in 0ms
05-29 10:42:49.111 29654 29743 W fb4a.AppInitScheduler|Run: Running AnalyticsInit
05-29 10:42:49.112 29654 29778 W fb4a.AppInitScheduler|Run: Running EagerInitTigonLiger [*]
05-29 10:42:49.112 29654 29778 W fb4a.MobileConfigFactoryImpl: SESSIONBASED factory used for 1 param
05-29 10:42:49.112 29654 29770 W fb4a.AppInitScheduler|Run: Running ClientCacheEdgeManagerInitializer
05-29 10:42:49.112 29654 29763 W fb4a.AppInitScheduler|Run: Running DownloadedFbResources
05-29 10:42:49.112 29654 29770 W fb4a.AppInitScheduler|Run:   Finished ClientCacheEdgeManagerInitializer in 1ms
05-29 10:42:49.112 29654 29770 W fb4a.AppInitScheduler|Run: Running Fb4aReactEagerInitHotMCUnpacker
05-29 10:42:49.113 29654 29746 W fb4a.AppInitScheduler|Run:   Finished LithoConfiguration in 3ms
05-29 10:42:49.113 29654 29746 W fb4a.AppInitScheduler|Run: Running NotifyAppStateManagerOnCreateComplete
05-29 10:42:49.113 29654 29746 W fb4a.AppInitScheduler|Run:   Finished NotifyAppStateManagerOnCreateComplete in 1ms
05-29 10:42:49.113 29654 29746 W fb4a.AppInitScheduler|Run: Running Fb4aUIQREnvironment
05-29 10:42:49.113  4630  4630 D QtiRilInterface: onSensorChanged = 33171005
05-29 10:42:49.114 29654 29746 W fb4a.AppInitScheduler|Run:   Finished Fb4aUIQREnvironment in 0ms
05-29 10:42:49.114 29654 29746 W fb4a.AppInitScheduler|Run: Running MobileConfigStableSpecifierInit
05-29 10:42:49.114 29654 29746 W fb4a.AppInitScheduler|Run:   Finished MobileConfigStableSpecifierInit in 0ms
05-29 10:42:49.114 29654 29746 W fb4a.AppInitScheduler|Run: Running FbMsysPostBootstrapListenerRegistrarOnAppInit
05-29 10:42:49.114 29654 29746 W fb4a.MobileConfigFactoryImpl: SESSIONBASED factory used for 1 param
05-29 10:42:49.115 29654 29762 W fb4a.QuickPerformanceLoggerModule: Providing QPL... end
